[INFO] [1789530048.225734781]: Subscribing to /agv1/capability_report
[INFO] [1789530048.227803434]: Subscribing to /agv1/chassis_command
[INFO] [1789530048.228922309]: Subscribing to /agv1/chassis_feedback
[INFO] [1789530048.229675927]: Subscribing to /agv1/derating_command
[INFO] [1789530048.230893744]: Subscribing to /agv1/imu
[INFO] [1789530048.231892470]: Subscribing to /agv1/odom
[INFO] [1789530048.233292270]: Subscribing to /agv2/capability_report
[INFO] [1789530048.234216168]: Subscribing to /agv2/chassis_command
[INFO] [1789530048.235885321]: Subscribing to /agv2/chassis_feedback
[INFO] [1789530048.236828583]: Subscribing to /agv2/derating_command
[INFO] [1789530048.237554550]: Subscribing to /agv2/imu
[INFO] [1789530048.238143596]: Subscribing to /agv2/odom
[INFO] [1789530048.239301432]: Subscribing to /agv3/capability_report
[INFO] [1789530048.240239627]: Subscribing to /agv3/chassis_command
[INFO] [1789530048.241207567]: Subscribing to /agv3/chassis_feedback
[INFO] [1789530048.242747638]: Subscribing to /agv3/derating_command
[INFO] [1789530048.243729397]: Subscribing to /agv3/imu
[INFO] [1789530048.244674213]: Subscribing to /agv3/odom
[INFO] [1789530048.246138022]: Subscribing to /camera/world/agv1_confidence
[INFO] [1789530048.247598836]: Subscribing to /camera/world/agv1_tag_pose
[INFO] [1789530048.248650486]: Subscribing to /camera/world/agv2_confidence
[INFO] [1789530048.249455063]: Subscribing to /camera/world/agv2_tag_pose
[INFO] [1789530048.250114967]: Subscribing to /camera/world/agv3_confidence
[INFO] [1789530048.250769018]: Subscribing to /camera/world/agv3_tag_pose
[INFO] [1789530048.251393586]: Subscribing to /camera/world/load_confidence
[INFO] [1789530048.252220675]: Subscribing to /camera/world/load_tag_pose
[INFO] [1789530048.253181410]: Subscribing to /experiment_recorder/armed
[INFO] [1789530048.253892368]: Subscribing to /experiment_recorder/method_id
[INFO] [1789530048.254581276]: Subscribing to /multi_agv/candidate_B_spatial_composite_state
[INFO] [1789530048.255616508]: Subscribing to /multi_agv/controller_state
[INFO] [1789530048.256758849]: Subscribing to /multi_agv/cooperative_state
[INFO] [1789530048.257332028]: Subscribing to /multi_agv/experiment_state
[INFO] [1789530048.257925401]: Subscribing to /multi_agv/formal_algorithm_state
[INFO] [1789530048.258535449]: Subscribing to /multi_agv/formal_execution_limiter_state
[INFO] [1789530048.259264729]: Subscribing to /multi_agv/m2b_algorithm_state
[INFO] [1789530048.259944587]: Subscribing to /multi_agv/path_reference
[INFO] [1789530048.260807657]: Subscribing to /multi_agv/risk_disturbance_state
[INFO] [1789530048.262004568]: Subscribing to /multi_agv/software_watchdog_diagnostics
[INFO] [1789530048.263128570]: Subscribing to /multi_agv/software_watchdog_ok
[INFO] [1789530048.264006161]: Subscribing to /multi_agv/state_projection_timing
[INFO] [1789530048.265144526]: Subscribing to /multi_agv/v5_exploration_quality_state
[INFO] [1789530048.266264442]: Subscribing to /multi_agv/yaw_drive_disturbance_state
[INFO] [1789530048.267228021]: Subscribing to /pose_provider/agv1/base_motion_fused
[INFO] [1789530048.268110001]: Subscribing to /pose_provider/agv1/base_pose_filtered
[INFO] [1789530048.268979499]: Subscribing to /pose_provider/agv1/base_pose_fused
[INFO] [1789530048.269848473]: Subscribing to /pose_provider/agv1/base_pose_raw
[INFO] [1789530048.270698177]: Subscribing to /pose_provider/agv1/estimator_timing
[INFO] [1789530048.271573549]: Subscribing to /pose_provider/agv1/fusion_timing
[INFO] [1789530048.272949633]: Subscribing to /pose_provider/agv2/base_motion_fused
[INFO] [1789530048.273816103]: Subscribing to /pose_provider/agv2/base_pose_filtered
[INFO] [1789530048.274669243]: Subscribing to /pose_provider/agv2/base_pose_fused
[INFO] [1789530048.276079200]: Subscribing to /pose_provider/agv2/base_pose_raw
[INFO] [1789530048.276956102]: Subscribing to /pose_provider/agv2/estimator_timing
[INFO] [1789530048.277823397]: Subscribing to /pose_provider/agv2/fusion_timing
[INFO] [1789530048.278679096]: Subscribing to /pose_provider/agv3/base_motion_fused
[INFO] [1789530048.279579676]: Subscribing to /pose_provider/agv3/base_pose_filtered
[INFO] [1789530048.280437346]: Subscribing to /pose_provider/agv3/base_pose_fused
[INFO] [1789530048.281302195]: Subscribing to /pose_provider/agv3/base_pose_raw
[INFO] [1789530048.282699319]: Subscribing to /pose_provider/agv3/estimator_timing
[INFO] [1789530048.283556691]: Subscribing to /pose_provider/agv3/fusion_timing
[INFO] [1789530048.284406740]: Subscribing to /pose_provider/load/pose_filtered
[INFO] [1789530048.285790908]: Subscribing to /pose_provider/load/pose_raw
[INFO] [1789530048.286661492]: Subscribing to /vision/aruco/calibration_epoch
[INFO] [1789530048.287853051]: Recording to '/home/etlab/AGV_ROS/.worktrees/platform-foundation-linux/experiment_data/candidate_B_spatial_composite_fake/CANDIDATE_B_SPATIAL_COMPOSITE_RHO0P85_AV0P020_20260916_114045/SPATIAL_SANITY_M1b_R1/run/run.bag'.
[INFO] [1789530048.334768]: Experiment recording armed after all required subscriptions connected: run_id=run bag=/home/etlab/AGV_ROS/.worktrees/platform-foundation-linux/experiment_data/candidate_B_spatial_composite_fake/CANDIDATE_B_SPATIAL_COMPOSITE_RHO0P85_AV0P020_20260916_114045/SPATIAL_SANITY_M1b_R1/run/run.bag
[31m================================================================================REQUIRED process [experiment_recorder-1] has died!
process has finished cleanly
log file: /home/etlab/.ros/log/667e1e3c-b180-11f1-96b7-9bd5854e01a8/experiment_recorder-1*.log
Initiating shutdown!
================================================================================[0m
... logging to /home/etlab/.ros/log/667e1e3c-b180-11f1-96b7-9bd5854e01a8/roslaunch-robot3-11655.log
Checking log directory for disk usage. This may take a while.
Press Ctrl-C to interrupt
Done checking log file disk usage. Usage is <1GB.
]2;/home/etlab/AGV_ROS/.worktrees/platform-foundation-linux/src/multi_agv_bringup/launch/experiment.launch
[1mstarted roslaunch server http://127.0.0.1:33301/[0m

SUMMARY
========

PARAMETERS
 * /agv1/capability_report: 90.0
 * /agv1/chassis_command: 90.0
 * /agv1/chassis_feedback: 90.0
 * /agv1/imu: 90.0
 * /agv1/odom: 90.0
 * /agv2/capability_report: 90.0
 * /agv2/chassis_command: 90.0
 * /agv2/chassis_feedback: 90.0
 * /agv2/imu: 90.0
 * /agv2/odom: 90.0
 * /agv3/capability_report: 90.0
 * /agv3/chassis_command: 90.0
 * /agv3/chassis_feedback: 90.0
 * /agv3/imu: 90.0
 * /agv3/odom: 90.0
 * /experiment_recorder/approval_id: 
 * /experiment_recorder/approval_registry: /home/etlab/AGV_R...
 * /experiment_recorder/arming_authorized: True
 * /experiment_recorder/camera_config_files: ['/home/etlab/AGV...
 * /experiment_recorder/camera_mode: False
 * /experiment_recorder/config_files: ['/home/etlab/AGV...
 * /experiment_recorder/connection_wait_seconds: 5.0
 * /experiment_recorder/experiment_id: candidate_B_spati...
 * /experiment_recorder/experiment_recording/camera_calibration_epoch_required: True
 * /experiment_recorder/experiment_recording/camera_required_topics: ['/vision/aruco/c...
 * /experiment_recorder/experiment_recording/camera_virtual_load_required_topics: ['/vision/aruco/c...
 * /experiment_recorder/experiment_recording/fused_required_topics: ['/pose_provider/...
 * /experiment_recorder/experiment_recording/localization_exclusion/maximum_consecutive_invalid_seconds: 0.1
 * /experiment_recorder/experiment_recording/localization_exclusion/maximum_invalid_fraction: 0.01
 * /experiment_recorder/experiment_recording/maximum_camera_calibration_epoch_changes: 0
 * /experiment_recorder/experiment_recording/method_required_topics/M1_R1: ['/multi_agv/expe...
 * /experiment_recorder/experiment_recording/method_required_topics/M1b_R1: ['/multi_agv/expe...
 * /experiment_recorder/experiment_recording/method_required_topics/M2a_R1: ['/multi_agv/expe...
 * /experiment_recorder/experiment_recording/method_required_topics/M2b_M2b: ['/multi_agv/m2b_...
 * /experiment_recorder/experiment_recording/recommended_topics: ['/multi_agv/expe...
 * /experiment_recorder/experiment_recording/registered_method_ids: ['M1_R1', 'M1b_R1...
 * /experiment_recorder/experiment_recording/required_topics: ['/agv1/chassis_c...
 * /experiment_recorder/experiment_recording/sample_period: 0.01
 * /experiment_recorder/experiment_recording/sequence_rules: [{'file': 'chassi...
 * /experiment_recorder/experiment_recording/topics: ['/agv1/chassis_c...
 * /experiment_recorder/formal_statistics_requested: False
 * /experiment_recorder/interface_version: agv_ros_interface...
 * /experiment_recorder/localization_source: odom_fake
 * /experiment_recorder/measured_payload_pose_topic: /pose_provider/lo...
 * /experiment_recorder/method_id: M1b_R1
 * /experiment_recorder/metrics/evaluation_target: 3.0
 * /experiment_recorder/metrics/nominal_agv2_capability: 0.0
 * /experiment_recorder/metrics/nominal_common_velocity: 0.1
 * /experiment_recorder/operator: 
 * /experiment_recorder/output_root: /home/etlab/AGV_R...
 * /experiment_recorder/pair_block_id: SpatialSanity
 * /experiment_recorder/path_version: s_curve_v1
 * /experiment_recorder/payload_pose_source: equivalent_load
 * /experiment_recorder/payload_state: unloaded
 * /experiment_recorder/preflight_wait_seconds: 15.0
 * /experiment_recorder/record_classic_additive_physical: False
 * /experiment_recorder/require_approved_config: False
 * /experiment_recorder/require_windows_sender_manifest: False
 * /experiment_recorder/run_id: run
 * /experiment_recorder/virtual_load_from_robots: False
 * /experiment_recorder/wheel_speed_scale_freeze_id: 
 * /experiment_recorder/workspace: /home/etlab/AGV_R...
 * /multi_agv/controller_state: 90.0
 * /multi_agv/cooperative_state: 90.0
 * /multi_agv/formal_algorithm_state: 90.0
 * /multi_agv/m2b_algorithm_state: 90.0
 * /multi_agv/path_reference: 90.0
 * /rosdistro: noetic
 * /rosversion: 1.17.4

NODES
  /
    experiment_recorder (multi_agv_analysis/record_experiment.py)

[1mROS_MASTER_URI=http://127.0.0.1:11710[0m
]2;/home/etlab/AGV_ROS/.worktrees/platform-foundation-linux/src/multi_agv_bringup/launch/experiment.launch http://127.0.0.1:11710
[1mprocess[experiment_recorder-1]: started with pid [11696][0m
[experiment_recorder-1] killing on exit
shutting down processing monitor...
... shutting down processing monitor complete
[1mdone[0m
