[INFO] [1789388765.870707286]: Subscribing to /agv1/capability_report
[INFO] [1789388765.872599484]: Subscribing to /agv1/chassis_command
[INFO] [1789388765.873892143]: Subscribing to /agv1/chassis_feedback
[INFO] [1789388765.876508029]: Subscribing to /agv1/derating_command
[INFO] [1789388765.877819570]: Subscribing to /agv1/imu
[INFO] [1789388765.879088997]: Subscribing to /agv1/odom
[INFO] [1789388765.880715017]: Subscribing to /agv2/capability_report
[INFO] [1789388765.882041158]: Subscribing to /agv2/chassis_command
[INFO] [1789388765.883876686]: Subscribing to /agv2/chassis_feedback
[INFO] [1789388765.886103562]: Subscribing to /agv2/derating_command
[INFO] [1789388765.887390075]: Subscribing to /agv2/imu
[INFO] [1789388765.888778891]: Subscribing to /agv2/odom
[INFO] [1789388765.890346110]: Subscribing to /agv3/capability_report
[INFO] [1789388765.891606451]: Subscribing to /agv3/chassis_command
[INFO] [1789388765.892506710]: Subscribing to /agv3/chassis_feedback
[INFO] [1789388765.893349642]: Subscribing to /agv3/derating_command
[INFO] [1789388765.895765500]: Subscribing to /agv3/imu
[INFO] [1789388765.897147426]: Subscribing to /agv3/odom
[INFO] [1789388765.898660038]: Subscribing to /camera/world/agv1_confidence
[INFO] [1789388765.900092869]: Subscribing to /camera/world/agv1_tag_pose
[INFO] [1789388765.901529174]: Subscribing to /camera/world/agv2_confidence
[INFO] [1789388765.903105910]: Subscribing to /camera/world/agv2_tag_pose
[INFO] [1789388765.907542550]: Subscribing to /camera/world/agv3_confidence
[INFO] [1789388765.908525171]: Subscribing to /camera/world/agv3_tag_pose
[INFO] [1789388765.909422964]: Subscribing to /camera/world/load_confidence
[INFO] [1789388765.910233446]: Subscribing to /camera/world/load_tag_pose
[INFO] [1789388765.911034048]: Subscribing to /experiment_recorder/armed
[INFO] [1789388765.912218272]: Subscribing to /experiment_recorder/method_id
[INFO] [1789388765.913299596]: Subscribing to /multi_agv/controller_state
[INFO] [1789388765.916034747]: Subscribing to /multi_agv/cooperative_state
[INFO] [1789388765.917315797]: Subscribing to /multi_agv/experiment_state
[INFO] [1789388765.918794132]: Subscribing to /multi_agv/formal_algorithm_state
[INFO] [1789388765.920486424]: Subscribing to /multi_agv/formal_execution_limiter_state
[INFO] [1789388765.922147448]: Subscribing to /multi_agv/m2b_algorithm_state
[INFO] [1789388765.925420773]: Subscribing to /multi_agv/path_reference
[INFO] [1789388765.927517384]: Subscribing to /multi_agv/risk_disturbance_state
[INFO] [1789388765.929974193]: Subscribing to /multi_agv/software_watchdog_diagnostics
[INFO] [1789388765.931826382]: Subscribing to /multi_agv/software_watchdog_ok
[INFO] [1789388765.933301804]: Subscribing to /multi_agv/state_projection_timing
[INFO] [1789388765.936355620]: Subscribing to /multi_agv/v5_exploration_quality_state
[INFO] [1789388765.938760387]: Subscribing to /multi_agv/yaw_drive_disturbance_state
[INFO] [1789388765.940401584]: Subscribing to /multi_agv/yaw_effectiveness_state
[INFO] [1789388765.941451002]: Subscribing to /pose_provider/agv1/base_motion_fused
[INFO] [1789388765.942248189]: Subscribing to /pose_provider/agv1/base_pose_filtered
[INFO] [1789388765.943452942]: Subscribing to /pose_provider/agv1/base_pose_fused
[INFO] [1789388765.945317261]: Subscribing to /pose_provider/agv1/base_pose_raw
[INFO] [1789388765.946603925]: Subscribing to /pose_provider/agv1/estimator_timing
[INFO] [1789388765.948033861]: Subscribing to /pose_provider/agv1/fusion_timing
[INFO] [1789388765.949061866]: Subscribing to /pose_provider/agv2/base_motion_fused
[INFO] [1789388765.950415891]: Subscribing to /pose_provider/agv2/base_pose_filtered
[INFO] [1789388765.952041677]: Subscribing to /pose_provider/agv2/base_pose_fused
[INFO] [1789388765.953271852]: Subscribing to /pose_provider/agv2/base_pose_raw
[INFO] [1789388765.954812518]: Subscribing to /pose_provider/agv2/estimator_timing
[INFO] [1789388765.956032090]: Subscribing to /pose_provider/agv2/fusion_timing
[INFO] [1789388765.957070111]: Subscribing to /pose_provider/agv3/base_motion_fused
[INFO] [1789388765.958071819]: Subscribing to /pose_provider/agv3/base_pose_filtered
[INFO] [1789388765.959110745]: Subscribing to /pose_provider/agv3/base_pose_fused
[INFO] [1789388765.960368965]: Subscribing to /pose_provider/agv3/base_pose_raw
[INFO] [1789388765.974244001]: Subscribing to /pose_provider/agv3/estimator_timing
[INFO] [1789388765.976784603]: Subscribing to /pose_provider/agv3/fusion_timing
[INFO] [1789388765.977773350]: Subscribing to /pose_provider/load/pose_filtered
[INFO] [1789388765.978755112]: Subscribing to /pose_provider/load/pose_raw
[INFO] [1789388765.979772827]: Subscribing to /vision/aruco/calibration_epoch
[INFO] [1789388765.981868868]: Recording to '/home/etlab/AGV_ROS/.worktrees/platform-foundation-linux/experiment_data/exp2c_v5_yaw_effectiveness_exploration/EFFECT_EXPLORATION_ONLY_NOT_FORMAL_PAPER_EVIDENCE_20260914_Y0_quality_observation_v2/Y0_gamma0p12_T3p5/M1b_R1/M1b_R1.bag'.
[INFO] [1789388765.983177]: Experiment recording armed after all required subscriptions connected: run_id=M1b_R1 bag=/home/etlab/AGV_ROS/.worktrees/platform-foundation-linux/experiment_data/exp2c_v5_yaw_effectiveness_exploration/EFFECT_EXPLORATION_ONLY_NOT_FORMAL_PAPER_EVIDENCE_20260914_Y0_quality_observation_v2/Y0_gamma0p12_T3p5/M1b_R1/M1b_R1.bag
[31m================================================================================REQUIRED process [experiment_recorder-1] has died!
process has finished cleanly
log file: /home/etlab/.ros/log/7398dab6-b037-11f1-a6c1-018a5f4a331b/experiment_recorder-1*.log
Initiating shutdown!
================================================================================[0m
... logging to /home/etlab/.ros/log/7398dab6-b037-11f1-a6c1-018a5f4a331b/roslaunch-robot1-40217.log
Checking log directory for disk usage. This may take a while.
Press Ctrl-C to interrupt
Done checking log file disk usage. Usage is <1GB.
]2;/home/etlab/AGV_ROS/.worktrees/platform-foundation-linux/src/multi_agv_bringup/launch/experiment.launch
[1mstarted roslaunch server http://127.0.0.1:41455/[0m

SUMMARY
========

PARAMETERS
 * /agv1/capability_report: 90.0
 * /agv1/chassis_command: 90.0
 * /agv1/chassis_feedback: 90.0
 * /agv1/imu: 90.0
 * /agv1/odom: 90.0
 * /agv2/capability_report: 90.0
 * /agv2/chassis_command: 90.0
 * /agv2/chassis_feedback: 90.0
 * /agv2/imu: 90.0
 * /agv2/odom: 90.0
 * /agv3/capability_report: 90.0
 * /agv3/chassis_command: 90.0
 * /agv3/chassis_feedback: 90.0
 * /agv3/imu: 90.0
 * /agv3/odom: 90.0
 * /experiment_recorder/approval_id: 
 * /experiment_recorder/approval_registry: /home/etlab/AGV_R...
 * /experiment_recorder/arming_authorized: True
 * /experiment_recorder/camera_config_files: ['/home/etlab/AGV...
 * /experiment_recorder/camera_mode: False
 * /experiment_recorder/config_files: ['/home/etlab/AGV...
 * /experiment_recorder/connection_wait_seconds: 5.0
 * /experiment_recorder/experiment_id: exp2c_v5_yaw_effe...
 * /experiment_recorder/experiment_recording/camera_calibration_epoch_required: True
 * /experiment_recorder/experiment_recording/camera_required_topics: ['/vision/aruco/c...
 * /experiment_recorder/experiment_recording/camera_virtual_load_required_topics: ['/vision/aruco/c...
 * /experiment_recorder/experiment_recording/fused_required_topics: ['/pose_provider/...
 * /experiment_recorder/experiment_recording/localization_exclusion/maximum_consecutive_invalid_seconds: 0.1
 * /experiment_recorder/experiment_recording/localization_exclusion/maximum_invalid_fraction: 0.01
 * /experiment_recorder/experiment_recording/maximum_camera_calibration_epoch_changes: 0
 * /experiment_recorder/experiment_recording/method_required_topics/M1_R1: ['/multi_agv/expe...
 * /experiment_recorder/experiment_recording/method_required_topics/M1b_R1: ['/multi_agv/expe...
 * /experiment_recorder/experiment_recording/method_required_topics/M2a_R1: ['/multi_agv/expe...
 * /experiment_recorder/experiment_recording/method_required_topics/M2b_M2b: ['/multi_agv/m2b_...
 * /experiment_recorder/experiment_recording/recommended_topics: ['/multi_agv/expe...
 * /experiment_recorder/experiment_recording/registered_method_ids: ['M1_R1', 'M1b_R1...
 * /experiment_recorder/experiment_recording/required_topics: ['/agv1/chassis_c...
 * /experiment_recorder/experiment_recording/sample_period: 0.01
 * /experiment_recorder/experiment_recording/sequence_rules: [{'file': 'chassi...
 * /experiment_recorder/experiment_recording/topics: ['/agv1/chassis_c...
 * /experiment_recorder/formal_statistics_requested: False
 * /experiment_recorder/interface_version: agv_ros_interface...
 * /experiment_recorder/localization_source: odom_fake
 * /experiment_recorder/measured_payload_pose_topic: /pose_provider/lo...
 * /experiment_recorder/method_id: M1b_R1
 * /experiment_recorder/metrics/evaluation_target: 5.17822971502571
 * /experiment_recorder/metrics/nominal_agv2_capability: 0.0
 * /experiment_recorder/metrics/nominal_common_velocity: 0.1
 * /experiment_recorder/operator: 
 * /experiment_recorder/output_root: /home/etlab/AGV_R...
 * /experiment_recorder/pair_block_id: Y0_gamma0p12_T3p5
 * /experiment_recorder/path_version: s_curve_v1
 * /experiment_recorder/payload_pose_source: equivalent_load
 * /experiment_recorder/payload_state: unloaded
 * /experiment_recorder/preflight_wait_seconds: 15.0
 * /experiment_recorder/require_approved_config: False
 * /experiment_recorder/require_windows_sender_manifest: False
 * /experiment_recorder/run_id: M1b_R1
 * /experiment_recorder/virtual_load_from_robots: False
 * /experiment_recorder/wheel_speed_scale_freeze_id: 
 * /experiment_recorder/workspace: /home/etlab/AGV_R...
 * /multi_agv/controller_state: 90.0
 * /multi_agv/cooperative_state: 90.0
 * /multi_agv/formal_algorithm_state: 90.0
 * /multi_agv/m2b_algorithm_state: 90.0
 * /multi_agv/path_reference: 90.0
 * /rosdistro: noetic
 * /rosversion: 1.17.0

NODES
  /
    experiment_recorder (multi_agv_analysis/record_experiment.py)

[1mROS_MASTER_URI=http://127.0.0.1:11646[0m
]2;/home/etlab/AGV_ROS/.worktrees/platform-foundation-linux/src/multi_agv_bringup/launch/experiment.launch http://127.0.0.1:11646
[1mprocess[experiment_recorder-1]: started with pid [40259][0m
[experiment_recorder-1] killing on exit
shutting down processing monitor...
... shutting down processing monitor complete
[1mdone[0m
