[INFO] [1789537733.259035068]: Subscribing to /agv1/capability_report
[INFO] [1789537733.260349647]: Subscribing to /agv1/chassis_command
[INFO] [1789537733.261136072]: Subscribing to /agv1/chassis_feedback
[INFO] [1789537733.262178945]: Subscribing to /agv1/derating_command
[INFO] [1789537733.263009063]: Subscribing to /agv1/imu
[INFO] [1789537733.263756843]: Subscribing to /agv1/odom
[INFO] [1789537733.265016567]: Subscribing to /agv2/capability_report
[INFO] [1789537733.266633179]: Subscribing to /agv2/chassis_command
[INFO] [1789537733.269056260]: Subscribing to /agv2/chassis_feedback
[INFO] [1789537733.271635289]: Subscribing to /agv2/derating_command
[INFO] [1789537733.273314823]: Subscribing to /agv2/imu
[INFO] [1789537733.274926639]: Subscribing to /agv2/odom
[INFO] [1789537733.277287385]: Subscribing to /agv3/capability_report
[INFO] [1789537733.279934540]: Subscribing to /agv3/chassis_command
[INFO] [1789537733.281542924]: Subscribing to /agv3/chassis_feedback
[INFO] [1789537733.283193211]: Subscribing to /agv3/derating_command
[INFO] [1789537733.284611581]: Subscribing to /agv3/imu
[INFO] [1789537733.286547436]: Subscribing to /agv3/odom
[INFO] [1789537733.290110283]: Subscribing to /camera/world/agv1_confidence
[INFO] [1789537733.292029313]: Subscribing to /camera/world/agv1_tag_pose
[INFO] [1789537733.293722704]: Subscribing to /camera/world/agv2_confidence
[INFO] [1789537733.294878959]: Subscribing to /camera/world/agv2_tag_pose
[INFO] [1789537733.296491169]: Subscribing to /camera/world/agv3_confidence
[INFO] [1789537733.297635075]: Subscribing to /camera/world/agv3_tag_pose
[INFO] [1789537733.299723911]: Subscribing to /camera/world/load_confidence
[INFO] [1789537733.301325953]: Subscribing to /camera/world/load_tag_pose
[INFO] [1789537733.303594446]: Subscribing to /experiment_recorder/armed
[INFO] [1789537733.304646508]: Subscribing to /experiment_recorder/method_id
[INFO] [1789537733.306044807]: Subscribing to /multi_agv/candidate_B_spatial_composite_state
[INFO] [1789537733.308553073]: Subscribing to /multi_agv/controller_state
[INFO] [1789537733.311075375]: Subscribing to /multi_agv/cooperative_state
[INFO] [1789537733.313042111]: Subscribing to /multi_agv/experiment_state
[INFO] [1789537733.332245697]: Subscribing to /multi_agv/formal_algorithm_state
[INFO] [1789537733.333665597]: Subscribing to /multi_agv/formal_execution_limiter_state
[INFO] [1789537733.335249063]: Subscribing to /multi_agv/m2b_algorithm_state
[INFO] [1789537733.337321359]: Subscribing to /multi_agv/path_reference
[INFO] [1789537733.339216832]: Subscribing to /multi_agv/risk_disturbance_state
[INFO] [1789537733.340665210]: Subscribing to /multi_agv/software_watchdog_diagnostics
[INFO] [1789537733.341997599]: Subscribing to /multi_agv/software_watchdog_ok
[INFO] [1789537733.343417285]: Subscribing to /multi_agv/state_projection_timing
[INFO] [1789537733.344634809]: Subscribing to /multi_agv/v5_exploration_quality_state
[INFO] [1789537733.356131083]: Subscribing to /multi_agv/yaw_drive_disturbance_state
[INFO] [1789537733.360055646]: Subscribing to /pose_provider/agv1/base_motion_fused
[INFO] [1789537733.361386354]: Subscribing to /pose_provider/agv1/base_pose_filtered
[INFO] [1789537733.362659574]: Subscribing to /pose_provider/agv1/base_pose_fused
[INFO] [1789537733.364212350]: Subscribing to /pose_provider/agv1/base_pose_raw
[INFO] [1789537733.366426741]: Subscribing to /pose_provider/agv1/estimator_timing
[INFO] [1789537733.369906482]: Subscribing to /pose_provider/agv1/fusion_timing
[INFO] [1789537733.371042540]: Subscribing to /pose_provider/agv2/base_motion_fused
[INFO] [1789537733.372604316]: Subscribing to /pose_provider/agv2/base_pose_filtered
[INFO] [1789537733.373764477]: Subscribing to /pose_provider/agv2/base_pose_fused
[INFO] [1789537733.374914407]: Subscribing to /pose_provider/agv2/base_pose_raw
[INFO] [1789537733.376627740]: Subscribing to /pose_provider/agv2/estimator_timing
[INFO] [1789537733.377555316]: Subscribing to /pose_provider/agv2/fusion_timing
[INFO] [1789537733.379031788]: Subscribing to /pose_provider/agv3/base_motion_fused
[INFO] [1789537733.379995838]: Subscribing to /pose_provider/agv3/base_pose_filtered
[INFO] [1789537733.381150503]: Subscribing to /pose_provider/agv3/base_pose_fused
[INFO] [1789537733.382504852]: Subscribing to /pose_provider/agv3/base_pose_raw
[INFO] [1789537733.383599830]: Subscribing to /pose_provider/agv3/estimator_timing
[INFO] [1789537733.385164967]: Subscribing to /pose_provider/agv3/fusion_timing
[INFO] [1789537733.387223772]: Subscribing to /pose_provider/load/pose_filtered
[INFO] [1789537733.388987464]: Subscribing to /pose_provider/load/pose_raw
[INFO] [1789537733.390503342]: Subscribing to /vision/aruco/calibration_epoch
[INFO] [1789537733.393347826]: Recording to '/home/etlab/AGV_ROS/.worktrees/platform-foundation-linux/experiment_data/candidate_B_spatial_composite_fake/CANDIDATE_B_SPATIAL_COMPOSITE_RHO0P85_AV0P020_20260916_134850/SPATIAL_SANITY_M1b_R1/run/run.bag'.
[INFO] [1789537733.387394]: Experiment recording armed after all required subscriptions connected: run_id=run bag=/home/etlab/AGV_ROS/.worktrees/platform-foundation-linux/experiment_data/candidate_B_spatial_composite_fake/CANDIDATE_B_SPATIAL_COMPOSITE_RHO0P85_AV0P020_20260916_134850/SPATIAL_SANITY_M1b_R1/run/run.bag
[31mWARNING: disk usage in log directory [/home/etlab/.ros/log] is over 1GB.
It's recommended that you use the 'rosclean' command.[0m
[31m================================================================================REQUIRED process [experiment_recorder-1] has died!
process has finished cleanly
log file: /home/etlab/.ros/log/4b0ffbea-b192-11f1-a0bd-b5ebb25db9e8/experiment_recorder-1*.log
Initiating shutdown!
================================================================================[0m
... logging to /home/etlab/.ros/log/4b0ffbea-b192-11f1-a0bd-b5ebb25db9e8/roslaunch-robot1-14739.log
Checking log directory for disk usage. This may take a while.
Press Ctrl-C to interrupt
]2;/home/etlab/AGV_ROS/.worktrees/platform-foundation-linux/src/multi_agv_bringup/launch/experiment.launch
[1mstarted roslaunch server http://127.0.0.1:39267/[0m

SUMMARY
========

PARAMETERS
 * /agv1/capability_report: 90.0
 * /agv1/chassis_command: 90.0
 * /agv1/chassis_feedback: 90.0
 * /agv1/imu: 90.0
 * /agv1/odom: 90.0
 * /agv2/capability_report: 90.0
 * /agv2/chassis_command: 90.0
 * /agv2/chassis_feedback: 90.0
 * /agv2/imu: 90.0
 * /agv2/odom: 90.0
 * /agv3/capability_report: 90.0
 * /agv3/chassis_command: 90.0
 * /agv3/chassis_feedback: 90.0
 * /agv3/imu: 90.0
 * /agv3/odom: 90.0
 * /experiment_recorder/approval_id: 
 * /experiment_recorder/approval_registry: /home/etlab/AGV_R...
 * /experiment_recorder/arming_authorized: True
 * /experiment_recorder/camera_config_files: ['/home/etlab/AGV...
 * /experiment_recorder/camera_mode: False
 * /experiment_recorder/config_files: ['/home/etlab/AGV...
 * /experiment_recorder/connection_wait_seconds: 5.0
 * /experiment_recorder/experiment_id: candidate_B_spati...
 * /experiment_recorder/experiment_recording/camera_calibration_epoch_required: True
 * /experiment_recorder/experiment_recording/camera_required_topics: ['/vision/aruco/c...
 * /experiment_recorder/experiment_recording/camera_virtual_load_required_topics: ['/vision/aruco/c...
 * /experiment_recorder/experiment_recording/fused_required_topics: ['/pose_provider/...
 * /experiment_recorder/experiment_recording/localization_exclusion/maximum_consecutive_invalid_seconds: 0.1
 * /experiment_recorder/experiment_recording/localization_exclusion/maximum_invalid_fraction: 0.01
 * /experiment_recorder/experiment_recording/maximum_camera_calibration_epoch_changes: 0
 * /experiment_recorder/experiment_recording/method_required_topics/M1_R1: ['/multi_agv/expe...
 * /experiment_recorder/experiment_recording/method_required_topics/M1b_R1: ['/multi_agv/expe...
 * /experiment_recorder/experiment_recording/method_required_topics/M2a_R1: ['/multi_agv/expe...
 * /experiment_recorder/experiment_recording/method_required_topics/M2b_M2b: ['/multi_agv/m2b_...
 * /experiment_recorder/experiment_recording/recommended_topics: ['/multi_agv/expe...
 * /experiment_recorder/experiment_recording/registered_method_ids: ['M1_R1', 'M1b_R1...
 * /experiment_recorder/experiment_recording/required_topics: ['/agv1/chassis_c...
 * /experiment_recorder/experiment_recording/sample_period: 0.01
 * /experiment_recorder/experiment_recording/sequence_rules: [{'file': 'chassi...
 * /experiment_recorder/experiment_recording/topics: ['/agv1/chassis_c...
 * /experiment_recorder/formal_statistics_requested: False
 * /experiment_recorder/interface_version: agv_ros_interface...
 * /experiment_recorder/localization_source: odom_fake
 * /experiment_recorder/measured_payload_pose_topic: /pose_provider/lo...
 * /experiment_recorder/method_id: M1b_R1
 * /experiment_recorder/metrics/evaluation_target: 3.0
 * /experiment_recorder/metrics/nominal_agv2_capability: 0.0
 * /experiment_recorder/metrics/nominal_common_velocity: 0.1
 * /experiment_recorder/operator: 
 * /experiment_recorder/output_root: /home/etlab/AGV_R...
 * /experiment_recorder/pair_block_id: SpatialSanity
 * /experiment_recorder/path_version: s_curve_v1
 * /experiment_recorder/payload_pose_source: equivalent_load
 * /experiment_recorder/payload_state: unloaded
 * /experiment_recorder/preflight_wait_seconds: 15.0
 * /experiment_recorder/record_classic_additive_physical: False
 * /experiment_recorder/require_approved_config: False
 * /experiment_recorder/require_windows_sender_manifest: False
 * /experiment_recorder/run_id: run
 * /experiment_recorder/virtual_load_from_robots: False
 * /experiment_recorder/wheel_speed_scale_freeze_id: 
 * /experiment_recorder/workspace: /home/etlab/AGV_R...
 * /multi_agv/controller_state: 90.0
 * /multi_agv/cooperative_state: 90.0
 * /multi_agv/formal_algorithm_state: 90.0
 * /multi_agv/m2b_algorithm_state: 90.0
 * /multi_agv/path_reference: 90.0
 * /rosdistro: noetic
 * /rosversion: 1.17.0

NODES
  /
    experiment_recorder (multi_agv_analysis/record_experiment.py)

[1mROS_MASTER_URI=http://127.0.0.1:11710[0m
]2;/home/etlab/AGV_ROS/.worktrees/platform-foundation-linux/src/multi_agv_bringup/launch/experiment.launch http://127.0.0.1:11710
[1mprocess[experiment_recorder-1]: started with pid [14780][0m
[experiment_recorder-1] killing on exit
shutting down processing monitor...
... shutting down processing monitor complete
[1mdone[0m
