... logging to /home/etlab/.ros/log/d0688d28-b180-11f1-96b7-9bd5854e01a8/roslaunch-robot3-13595.log
Checking log directory for disk usage. This may take a while.
Press Ctrl-C to interrupt
Done checking log file disk usage. Usage is <1GB.
]2;roscore
[1mstarted roslaunch server http://127.0.0.1:38993/[0m
ros_comm version 1.17.4


SUMMARY
========

PARAMETERS
 * /rosdistro: noetic
 * /rosversion: 1.17.4

NODES

auto-starting new master
[1mprocess[master]: started with pid [13627][0m
[1mROS_MASTER_URI=http://127.0.0.1:11710/[0m
]2;roscore http://127.0.0.1:11710/
[1msetting /run_id to d0688d28-b180-11f1-96b7-9bd5854e01a8[0m
[1mprocess[rosout-1]: started with pid [13650][0m
started core service [/rosout]
[rosout-1] killing on exit
[master] killing on exit
shutting down processing monitor...
... shutting down processing monitor complete
[1mdone[0m
