[INFO] [1789530368.248372834]: Subscribing to /agv1/capability_report
[INFO] [1789530368.249772110]: Subscribing to /agv1/chassis_command
[INFO] [1789530368.250331604]: Subscribing to /agv1/chassis_feedback
[INFO] [1789530368.250865897]: Subscribing to /agv1/derating_command
[INFO] [1789530368.251393474]: Subscribing to /agv1/imu
[INFO] [1789530368.251908679]: Subscribing to /agv1/odom
[INFO] [1789530368.252462240]: Subscribing to /agv2/capability_report
[INFO] [1789530368.253669153]: Subscribing to /agv2/chassis_command
[INFO] [1789530368.254651322]: Subscribing to /agv2/chassis_feedback
[INFO] [1789530368.255224455]: Subscribing to /agv2/derating_command
[INFO] [1789530368.255785568]: Subscribing to /agv2/imu
[INFO] [1789530368.256356193]: Subscribing to /agv2/odom
[INFO] [1789530368.257270063]: Subscribing to /agv3/capability_report
[INFO] [1789530368.257955201]: Subscribing to /agv3/chassis_command
[INFO] [1789530368.258517918]: Subscribing to /agv3/chassis_feedback
[INFO] [1789530368.259071174]: Subscribing to /agv3/derating_command
[INFO] [1789530368.259615044]: Subscribing to /agv3/imu
[INFO] [1789530368.260167229]: Subscribing to /agv3/odom
[INFO] [1789530368.260721276]: Subscribing to /camera/world/agv1_confidence
[INFO] [1789530368.261298554]: Subscribing to /camera/world/agv1_tag_pose
[INFO] [1789530368.261846040]: Subscribing to /camera/world/agv2_confidence
[INFO] [1789530368.262388811]: Subscribing to /camera/world/agv2_tag_pose
[INFO] [1789530368.262923744]: Subscribing to /camera/world/agv3_confidence
[INFO] [1789530368.263887823]: Subscribing to /camera/world/agv3_tag_pose
[INFO] [1789530368.264609901]: Subscribing to /camera/world/load_confidence
[INFO] [1789530368.265193325]: Subscribing to /camera/world/load_tag_pose
[INFO] [1789530368.265743560]: Subscribing to /experiment_recorder/armed
[INFO] [1789530368.266461586]: Subscribing to /experiment_recorder/method_id
[INFO] [1789530368.267245299]: Subscribing to /multi_agv/candidate_B_spatial_composite_state
[INFO] [1789530368.267802180]: Subscribing to /multi_agv/controller_state
[INFO] [1789530368.268367567]: Subscribing to /multi_agv/cooperative_state
[INFO] [1789530368.268941867]: Subscribing to /multi_agv/experiment_state
[INFO] [1789530368.269495900]: Subscribing to /multi_agv/formal_algorithm_state
[INFO] [1789530368.270052252]: Subscribing to /multi_agv/formal_execution_limiter_state
[INFO] [1789530368.270609879]: Subscribing to /multi_agv/m2b_algorithm_state
[INFO] [1789530368.271164613]: Subscribing to /multi_agv/path_reference
[INFO] [1789530368.271717197]: Subscribing to /multi_agv/risk_disturbance_state
[INFO] [1789530368.272273567]: Subscribing to /multi_agv/software_watchdog_diagnostics
[INFO] [1789530368.272851980]: Subscribing to /multi_agv/software_watchdog_ok
[INFO] [1789530368.273643665]: Subscribing to /multi_agv/state_projection_timing
[INFO] [1789530368.274875879]: Subscribing to /multi_agv/v5_exploration_quality_state
[INFO] [1789530368.275949472]: Subscribing to /multi_agv/yaw_drive_disturbance_state
[INFO] [1789530368.277188572]: Subscribing to /pose_provider/agv1/base_motion_fused
[INFO] [1789530368.277742452]: Subscribing to /pose_provider/agv1/base_pose_filtered
[INFO] [1789530368.278285976]: Subscribing to /pose_provider/agv1/base_pose_fused
[INFO] [1789530368.278940905]: Subscribing to /pose_provider/agv1/base_pose_raw
[INFO] [1789530368.279545662]: Subscribing to /pose_provider/agv1/estimator_timing
[INFO] [1789530368.280186859]: Subscribing to /pose_provider/agv1/fusion_timing
[INFO] [1789530368.280766267]: Subscribing to /pose_provider/agv2/base_motion_fused
[INFO] [1789530368.281322751]: Subscribing to /pose_provider/agv2/base_pose_filtered
[INFO] [1789530368.281873257]: Subscribing to /pose_provider/agv2/base_pose_fused
[INFO] [1789530368.282426881]: Subscribing to /pose_provider/agv2/base_pose_raw
[INFO] [1789530368.282975405]: Subscribing to /pose_provider/agv2/estimator_timing
[INFO] [1789530368.283776239]: Subscribing to /pose_provider/agv2/fusion_timing
[INFO] [1789530368.284599372]: Subscribing to /pose_provider/agv3/base_motion_fused
[INFO] [1789530368.285182763]: Subscribing to /pose_provider/agv3/base_pose_filtered
[INFO] [1789530368.285738612]: Subscribing to /pose_provider/agv3/base_pose_fused
[INFO] [1789530368.286424997]: Subscribing to /pose_provider/agv3/base_pose_raw
[INFO] [1789530368.287175998]: Subscribing to /pose_provider/agv3/estimator_timing
[INFO] [1789530368.287728301]: Subscribing to /pose_provider/agv3/fusion_timing
[INFO] [1789530368.288288771]: Subscribing to /pose_provider/load/pose_filtered
[INFO] [1789530368.288880832]: Subscribing to /pose_provider/load/pose_raw
[INFO] [1789530368.289780199]: Subscribing to /vision/aruco/calibration_epoch
[INFO] [1789530368.290518188]: Recording to '/home/etlab/AGV_ROS/.worktrees/platform-foundation-linux/experiment_data/candidate_B_spatial_composite_fake/CANDIDATE_B_SPATIAL_COMPOSITE_RHO0P85_AV0P020_20260916_114342/M1_R1/run/run.bag'.
[INFO] [1789530368.307587]: Experiment recording armed after all required subscriptions connected: run_id=run bag=/home/etlab/AGV_ROS/.worktrees/platform-foundation-linux/experiment_data/candidate_B_spatial_composite_fake/CANDIDATE_B_SPATIAL_COMPOSITE_RHO0P85_AV0P020_20260916_114342/M1_R1/run/run.bag
[31m================================================================================REQUIRED process [experiment_recorder-1] has died!
process has finished cleanly
log file: /home/etlab/.ros/log/254124e0-b181-11f1-96b7-9bd5854e01a8/experiment_recorder-1*.log
Initiating shutdown!
================================================================================[0m
... logging to /home/etlab/.ros/log/254124e0-b181-11f1-96b7-9bd5854e01a8/roslaunch-robot3-19029.log
Checking log directory for disk usage. This may take a while.
Press Ctrl-C to interrupt
Done checking log file disk usage. Usage is <1GB.
]2;/home/etlab/AGV_ROS/.worktrees/platform-foundation-linux/src/multi_agv_bringup/launch/experiment.launch
[1mstarted roslaunch server http://127.0.0.1:46167/[0m

SUMMARY
========

PARAMETERS
 * /agv1/capability_report: 90.0
 * /agv1/chassis_command: 90.0
 * /agv1/chassis_feedback: 90.0
 * /agv1/imu: 90.0
 * /agv1/odom: 90.0
 * /agv2/capability_report: 90.0
 * /agv2/chassis_command: 90.0
 * /agv2/chassis_feedback: 90.0
 * /agv2/imu: 90.0
 * /agv2/odom: 90.0
 * /agv3/capability_report: 90.0
 * /agv3/chassis_command: 90.0
 * /agv3/chassis_feedback: 90.0
 * /agv3/imu: 90.0
 * /agv3/odom: 90.0
 * /experiment_recorder/approval_id: 
 * /experiment_recorder/approval_registry: /home/etlab/AGV_R...
 * /experiment_recorder/arming_authorized: True
 * /experiment_recorder/camera_config_files: ['/home/etlab/AGV...
 * /experiment_recorder/camera_mode: False
 * /experiment_recorder/config_files: ['/home/etlab/AGV...
 * /experiment_recorder/connection_wait_seconds: 5.0
 * /experiment_recorder/experiment_id: candidate_B_spati...
 * /experiment_recorder/experiment_recording/camera_calibration_epoch_required: True
 * /experiment_recorder/experiment_recording/camera_required_topics: ['/vision/aruco/c...
 * /experiment_recorder/experiment_recording/camera_virtual_load_required_topics: ['/vision/aruco/c...
 * /experiment_recorder/experiment_recording/fused_required_topics: ['/pose_provider/...
 * /experiment_recorder/experiment_recording/localization_exclusion/maximum_consecutive_invalid_seconds: 0.1
 * /experiment_recorder/experiment_recording/localization_exclusion/maximum_invalid_fraction: 0.01
 * /experiment_recorder/experiment_recording/maximum_camera_calibration_epoch_changes: 0
 * /experiment_recorder/experiment_recording/method_required_topics/M1_R1: ['/multi_agv/expe...
 * /experiment_recorder/experiment_recording/method_required_topics/M1b_R1: ['/multi_agv/expe...
 * /experiment_recorder/experiment_recording/method_required_topics/M2a_R1: ['/multi_agv/expe...
 * /experiment_recorder/experiment_recording/method_required_topics/M2b_M2b: ['/multi_agv/m2b_...
 * /experiment_recorder/experiment_recording/recommended_topics: ['/multi_agv/expe...
 * /experiment_recorder/experiment_recording/registered_method_ids: ['M1_R1', 'M1b_R1...
 * /experiment_recorder/experiment_recording/required_topics: ['/agv1/chassis_c...
 * /experiment_recorder/experiment_recording/sample_period: 0.01
 * /experiment_recorder/experiment_recording/sequence_rules: [{'file': 'chassi...
 * /experiment_recorder/experiment_recording/topics: ['/agv1/chassis_c...
 * /experiment_recorder/formal_statistics_requested: False
 * /experiment_recorder/interface_version: agv_ros_interface...
 * /experiment_recorder/localization_source: odom_fake
 * /experiment_recorder/measured_payload_pose_topic: /pose_provider/lo...
 * /experiment_recorder/method_id: M1_R1
 * /experiment_recorder/metrics/evaluation_target: 5.17822971502571
 * /experiment_recorder/metrics/nominal_agv2_capability: 0.0
 * /experiment_recorder/metrics/nominal_common_velocity: 0.1
 * /experiment_recorder/operator: 
 * /experiment_recorder/output_root: /home/etlab/AGV_R...
 * /experiment_recorder/pair_block_id: Triad01
 * /experiment_recorder/path_version: s_curve_v1
 * /experiment_recorder/payload_pose_source: equivalent_load
 * /experiment_recorder/payload_state: unloaded
 * /experiment_recorder/preflight_wait_seconds: 15.0
 * /experiment_recorder/record_classic_additive_physical: False
 * /experiment_recorder/require_approved_config: False
 * /experiment_recorder/require_windows_sender_manifest: False
 * /experiment_recorder/run_id: run
 * /experiment_recorder/virtual_load_from_robots: False
 * /experiment_recorder/wheel_speed_scale_freeze_id: 
 * /experiment_recorder/workspace: /home/etlab/AGV_R...
 * /multi_agv/controller_state: 90.0
 * /multi_agv/cooperative_state: 90.0
 * /multi_agv/formal_algorithm_state: 90.0
 * /multi_agv/m2b_algorithm_state: 90.0
 * /multi_agv/path_reference: 90.0
 * /rosdistro: noetic
 * /rosversion: 1.17.4

NODES
  /
    experiment_recorder (multi_agv_analysis/record_experiment.py)

[1mROS_MASTER_URI=http://127.0.0.1:11710[0m
]2;/home/etlab/AGV_ROS/.worktrees/platform-foundation-linux/src/multi_agv_bringup/launch/experiment.launch http://127.0.0.1:11710
[1mprocess[experiment_recorder-1]: started with pid [19070][0m
[experiment_recorder-1] killing on exit
shutting down processing monitor...
... shutting down processing monitor complete
[1mdone[0m
