ROS_IP=192.168.6.101
ROS_MASTER_URI=http://192.168.6.101:11311
Reference ID    : B97DBE3A (prod-ntp-5.ntp4.ps5.canonical.com)
System time     : 0.001782014 seconds slow of NTP time
Last offset     : +0.000176509 seconds
Leap status     : Normal
WARNING: Robot1 has uncommitted central software changes;  the recorder will preserve git_dirty and git_status metadata
 M src/multi_agv_analysis/scripts/analyze_candidate_B_spatial_composite_fake.py
 M src/multi_agv_analysis/scripts/analyze_candidate_B_spatial_gradient15_physical.py
 M src/multi_agv_analysis/scripts/analyze_exp2c_v3_nominal_headroom.py
 M src/multi_agv_analysis/test/test_candidate_B_spatial_gradient15_physical.py
 M src/multi_agv_analysis/test/test_exp2c_v3_nominal_headroom.py
 M src/multi_agv_bringup/config/exp2b_M2b.yaml
 M src/multi_agv_bringup/config/formal_serial_candidate_B_spatial_gradient15_M2b_authorization.yaml
 M src/multi_agv_bringup/config/formal_serial_m2b_circle_0p10_observation_runtime.yaml
 M src/multi_agv_bringup/launch/formal_serial_m1_r1.launch
 M src/multi_agv_bringup/scripts/run_candidate_B_spatial_gradient15_physical.sh
 M src/multi_agv_bringup/test/test_bringup_static.py
 M src/multi_agv_bringup/test/test_candidate_B_spatial_gradient15_physical.py
 M src/multi_agv_control/src/upper_reference_generator.cpp
 M src/multi_agv_control/test/test_upper_reference_generator.cpp
EXPERIMENT_METHOD=M2b_M2b upper=M2b lower=M2b
SHARED_CONDITION=R0.7_CW_SMOOTH_EXIT speed=0.10m/s target=5.178229715025710m
ROBOT2_DERATING=disabled
... logging to /home/etlab/.ros/log/8da5d84c-b1c1-11f1-87b4-25f94a8b00c1/roslaunch-robot1-11754.log
Checking log directory for disk usage. This may take a while.
Press Ctrl-C to interrupt
]2;/home/etlab/AGV_ROS/.worktrees/platform-foundation-linux/src/multi_agv_bringup/launch/camera_fused_virtual_load_state_estimator.launch
[1mstarted roslaunch server http://192.168.6.101:43245/[0m

SUMMARY
========

PARAMETERS
 * /path_state_estimator/auto_anchor_from_robot_poses: True
 * /path_state_estimator/camera_adapter/calibration_authorized: False
 * /path_state_estimator/camera_adapter/extrinsics_frozen: True
 * /path_state_estimator/camera_adapter/filter_alpha: 0.7
 * /path_state_estimator/camera_adapter/maximum_future_offset: 0.02
 * /path_state_estimator/camera_adapter/maximum_input_age: 0.15
 * /path_state_estimator/camera_adapter/minimum_confidence: 0.5
 * /path_state_estimator/camera_adapter/require_calibration_epoch: True
 * /path_state_estimator/camera_adapter/require_confidence: True
 * /path_state_estimator/camera_adapter/streams: [{'entity_id': 'a...
 * /path_state_estimator/camera_adapter/world_frame: world
 * /path_state_estimator/configuration_status: unloaded_paired_p...
 * /path_state_estimator/derive_virtual_load_from_robots: True
 * /path_state_estimator/estimator/filter_alpha: 0.9
 * /path_state_estimator/estimator/initial_progress: 0.0
 * /path_state_estimator/estimator/maximum_absolute_speed: 0.5
 * /path_state_estimator/estimator/maximum_measurement_interval: 0.2
 * /path_state_estimator/estimator/maximum_position_correction: 0.025
 * /path_state_estimator/estimator/minimum_measurement_interval: 1e-05
 * /path_state_estimator/estimator/projection_half_window: 0.35
 * /path_state_estimator/formal_fake_runtime/capability_reserve/body_angular_velocity: 0.0
 * /path_state_estimator/formal_fake_runtime/capability_reserve/body_linear_velocity: 0.0
 * /path_state_estimator/formal_fake_runtime/capability_reserve/path_acceleration: 0.0
 * /path_state_estimator/formal_fake_runtime/capability_reserve/path_deceleration: 0.0
 * /path_state_estimator/formal_fake_runtime/capability_reserve/wheel_linear_velocity: 0.0
 * /path_state_estimator/formal_fake_runtime/command_publication_authorized: False
 * /path_state_estimator/formal_fake_runtime/configuration_status: PILOT_M2B_CIRCLE_...
 * /path_state_estimator/formal_fake_runtime/confirm_test_area_clear: False
 * /path_state_estimator/formal_fake_runtime/confirm_unloaded_30cm_fixture: False
 * /path_state_estimator/formal_fake_runtime/confirm_wheels_on_floor: False
 * /path_state_estimator/formal_fake_runtime/distributed_initial/auxiliary: [0.0, 0.0, 0.0]
 * /path_state_estimator/formal_fake_runtime/distributed_initial/position: [0.0, 0.0, 0.0]
 * /path_state_estimator/formal_fake_runtime/distributed_initial/velocity: [0.1, 0.1, 0.1]
 * /path_state_estimator/formal_fake_runtime/emergency_abort_limit: 0.18
 * /path_state_estimator/formal_fake_runtime/execution/align_progress_to_initial_pose: False
 * /path_state_estimator/formal_fake_runtime/execution/consistent_reference_acceleration: False
 * /path_state_estimator/formal_fake_runtime/execution/emergency_abort_persistence_seconds: 0.1
 * /path_state_estimator/formal_fake_runtime/execution/initialization_hold_seconds: 0.3
 * /path_state_estimator/formal_fake_runtime/execution/initialization_max_wheel_speed: 0.015
 * /path_state_estimator/formal_fake_runtime/execution/reconciliation/enabled: False
 * /path_state_estimator/formal_fake_runtime/execution/startup_catchup_margin_mps: 0.008
 * /path_state_estimator/formal_fake_runtime/execution/startup_early_rise: 0.6
 * /path_state_estimator/formal_fake_runtime/execution/startup_feedback_ramp_seconds: 1.2
 * /path_state_estimator/formal_fake_runtime/execution/startup_ramp_seconds: 4.0
 * /path_state_estimator/formal_fake_runtime/execution/transient_capability_hold_seconds: 0.4
 * /path_state_estimator/formal_fake_runtime/execution/transient_feedback_hold_seconds: 0.1
 * /path_state_estimator/formal_fake_runtime/execution/transient_state_hold_seconds: 0.08
 * /path_state_estimator/formal_fake_runtime/experiment_id: m1_r1_circle_r0p7...
 * /path_state_estimator/formal_fake_runtime/initial_progress: 0.0
 * /path_state_estimator/formal_fake_runtime/leader/acceleration: 0.0
 * /path_state_estimator/formal_fake_runtime/leader/initial_position: 0.0
 * /path_state_estimator/formal_fake_runtime/leader/velocity: 0.1
 * /path_state_estimator/formal_fake_runtime/lower/initial_disturbance_estimate: 0.08
 * /path_state_estimator/formal_fake_runtime/lower/initial_parameter: [0.0, 0.0]
 * /path_state_estimator/formal_fake_runtime/lower/velocity_lower_bound: -0.15
 * /path_state_estimator/formal_fake_runtime/lower/velocity_upper_bound: 0.58
 * /path_state_estimator/formal_fake_runtime/maximum_capability_age: 0.25
 * /path_state_estimator/formal_fake_runtime/maximum_feedback_age: 0.25
 * /path_state_estimator/formal_fake_runtime/maximum_recorder_armed_age: 0.5
 * /path_state_estimator/formal_fake_runtime/maximum_state_age: 0.22
 * /path_state_estimator/formal_fake_runtime/minimum_battery_voltage: 9.5
 * /path_state_estimator/formal_fake_runtime/minimum_battery_voltage_duration: 0.5
 * /path_state_estimator/formal_fake_runtime/publish_rate: 100.0
 * /path_state_estimator/formal_fake_runtime/require_recorder_armed: True
 * /path_state_estimator/formal_fake_runtime/require_valid_load_state: True
 * /path_state_estimator/formal_fake_runtime/risk/capability_reserve: 0.005
 * /path_state_estimator/formal_fake_runtime/risk/capability_safe_margin: 0.01
 * /path_state_estimator/formal_fake_runtime/risk/input_safe_margin: 0.4
 * /path_state_estimator/formal_fake_runtime/risk/maximum_watchdog_age: 0.25
 * /path_state_estimator/formal_fake_runtime/risk/position_limit: 0.12
 * /path_state_estimator/formal_fake_runtime/risk/position_safe_margin: 0.06
 * /path_state_estimator/formal_fake_runtime/risk/require_software_watchdog: False
 * /path_state_estimator/formal_fake_runtime/risk/wheel_safe_margin: 0.01
 * /path_state_estimator/formal_fake_runtime/schema_version: 1
 * /path_state_estimator/formal_fake_runtime/serial_execution_authorized: True
 * /path_state_estimator/formal_fake_runtime/target_progress: 5.17822971502571
 * /path_state_estimator/formal_fake_runtime/tracker/angular_feedforward_scale_negative: [0.94, 0.95122187...
 * /path_state_estimator/formal_fake_runtime/tracker/angular_feedforward_scale_positive: [0.78, 0.78081021...
 * /path_state_estimator/formal_fake_runtime/tracker/base_to_support: [{'x': -0.01783, ...
 * /path_state_estimator/formal_fake_runtime/tracker/chassis_reference_samples: 10001
 * /path_state_estimator/formal_fake_runtime/tracker/curvature_preview_seconds_negative: [0.05, 0.0, 0.05]
 * /path_state_estimator/formal_fake_runtime/tracker/curvature_preview_seconds_positive: [0.05, 0.0, 0.05]
 * /path_state_estimator/formal_fake_runtime/tracker/formation_heading_gain: 0.7
 * /path_state_estimator/formal_fake_runtime/tracker/formation_lateral_gain: 0.85
 * /path_state_estimator/formal_fake_runtime/tracker/formation_longitudinal_gain: 0.25
 * /path_state_estimator/formal_fake_runtime/tracker/heading_gain: 2.0
 * /path_state_estimator/formal_fake_runtime/tracker/heading_gain_per_robot: [3.5, 3.0, 3.0]
 * /path_state_estimator/formal_fake_runtime/tracker/lateral_gain: 2.0
 * /path_state_estimator/formal_fake_runtime/tracker/lateral_gain_per_robot: [4.8, 3.4, 4.0]
 * /path_state_estimator/formal_fake_runtime/tracker/longitudinal_gain: 1.0
 * /path_state_estimator/formal_fake_runtime/tracker/longitudinal_gain_per_robot: [1.0, 1.0, 1.0]
 * /path_state_estimator/formal_fake_runtime/tracker/wheel_separation: [0.135484339, 0.1...
 * /path_state_estimator/formation_observation_only: True
 * /path_state_estimator/hardware_execution_authorized: True
 * /path_state_estimator/load_pose_topic: /pose_provider/lo...
 * /path_state_estimator/localization_mode: fused
 * /path_state_estimator/maximum_load_path_transient_hold: 0.05
 * /path_state_estimator/maximum_motion_projection_seconds: 0.12
 * /path_state_estimator/maximum_observation_support_distance: 0.8
 * /path_state_estimator/maximum_rigid_fit_residual: 0.025
 * /path_state_estimator/maximum_robot_path_transient_hold: 0.05
 * /path_state_estimator/maximum_runtime_rigid_fit_residual: 0.08
 * /path_state_estimator/maximum_state_age: 0.22
 * /path_state_estimator/maximum_sync_slop: 0.02
 * /path_state_estimator/maximum_synchronized_snapshot_hold: 0.2
 * /path_state_estimator/output_frame: three_car_path
 * /path_state_estimator/path_s_curve/amplitude: 0.0
 * /path_state_estimator/path_s_curve/circle_direction: -1.0
 * /path_state_estimator/path_s_curve/circle_radius: 0.7
 * /path_state_estimator/path_s_curve/configuration_status: frozen_m1_r1_circ...
 * /path_state_estimator/path_s_curve/curvature_ramp_length: 0.4
 * /path_state_estimator/path_s_curve/entry_straight_length: 0.2
 * /path_state_estimator/path_s_curve/exit_straight_length: 0.18
 * /path_state_estimator/path_s_curve/hardware_execution_authorized: False
 * /path_state_estimator/path_s_curve/longitudinal_length: 4.99822971502571
 * /path_state_estimator/path_s_curve/lookup_samples: 60001
 * /path_state_estimator/path_s_curve/model: circle_smooth_ent...
 * /path_state_estimator/path_s_curve/schema_version: 1
 * /path_state_estimator/projector/coarse_samples: 81
 * /path_state_estimator/projector/convergence_tolerance: 1e-09
 * /path_state_estimator/projector/maximum_projection_distance: 0.15
 * /path_state_estimator/projector/maximum_refinement_iterations: 48
 * /path_state_estimator/publish_rate: 100.0
 * /path_state_estimator/require_calibration_epoch: True
 * /path_state_estimator/robots: [{'robot_id': 'ag...
 * /path_state_estimator/runtime_rigid_fit_confirmation_seconds: 0.2
 * /path_state_estimator/signed_start_extension: 0.025
 * /path_state_estimator/support_geometry/configuration_status: unloaded_equilate...
 * /path_state_estimator/support_geometry/coordinate_convention: load_path_frenet_...
 * /path_state_estimator/support_geometry/hardware_execution_authorized: False
 * /path_state_estimator/support_geometry/minimum_nondegeneracy: 0.2
 * /path_state_estimator/support_geometry/minimum_speed_scale: 0.2
 * /path_state_estimator/support_geometry/schema_version: 1
 * /path_state_estimator/support_geometry/supports: [{'robot_id': 'ag...
 * /path_state_estimator/support_geometry/validation_samples: 10001
 * /path_state_estimator/synchronization_queue_size: 64
 * /path_state_estimator/use_fused_motion_velocity: True
 * /rosdistro: noetic
 * /rosversion: 1.17.0

NODES
  /
    path_state_estimator (multi_agv_control/path_state_estimator_node)
[33m[WARN] [1789558318.443051601]: No synchronized camera-fused three-robot snapshot (slop=0.020000 s)[0m
[INFO] [1789558319.194672]: Observing the read-only three-car graph for 5.00 seconds
[INFO] [1789558324.213454]: agv1/odom: 501 samples, 100.00 Hz
[INFO] [1789558324.214502]: agv1/chassis_feedback: 500 samples, 100.03 Hz
[INFO] [1789558324.215358]: agv1/capability_report: 500 samples, 100.04 Hz
[INFO] [1789558324.216474]: agv1 STM32 serial feedback age: 0.007015 s, packet_seq 374849 -> 376097
[INFO] [1789558324.217488]: agv2/odom: 499 samples, 99.98 Hz
[INFO] [1789558324.218115]: agv2/chassis_feedback: 499 samples, 99.99 Hz
[INFO] [1789558324.218683]: agv2/capability_report: 499 samples, 100.01 Hz
[INFO] [1789558324.219506]: agv2 STM32 serial feedback age: 0.008502 s, packet_seq 84966 -> 86210
[INFO] [1789558324.219979]: agv3/odom: 501 samples, 100.02 Hz
[INFO] [1789558324.220390]: agv3/chassis_feedback: 501 samples, 100.02 Hz
[INFO] [1789558324.220873]: agv3/capability_report: 500 samples, 100.07 Hz
[INFO] [1789558324.221721]: agv3 STM32 serial feedback age: 0.004175 s, packet_seq 85931 -> 87181
[INFO] [1789558324.222351]: multi_agv/cooperative_state: 501 samples, 99.99 Hz
[INFO] [1789558324.222903]: cooperative validity robot=[True, True, True] support=[True, True, True] path=[True, True, True] load_pose=True load_path=True
[INFO] [1789558324.224361]: cooperative odometry stamp spread: latest 0.005534 s, maximum observed 0.008313 s over 450 samples
[INFO] [1789558324.224763]: THREE-CAR READ-ONLY GATE: PASSED
[INFO] [1789558324.225106]: Topology-only pass: motion remains prohibited until a second pass with --require-valid-state
... logging to /home/etlab/.ros/log/8da5d84c-b1c1-11f1-87b4-25f94a8b00c1/roslaunch-robot1-11940.log
Checking log directory for disk usage. This may take a while.
Press Ctrl-C to interrupt
]2;/home/etlab/AGV_ROS/.worktrees/platform-foundation-linux/src/multi_agv_bringup/launch/formal_serial_m1_r1.launch
[1mstarted roslaunch server http://192.168.6.101:46267/[0m

SUMMARY
========

CLEAR PARAMETERS
 * /formal_algorithm/

PARAMETERS
 * /formal_algorithm/authorization_scope/evaluation_config: src/multi_agv_bri...
 * /formal_algorithm/authorization_scope/experiment_id: candidate_B_spati...
 * /formal_algorithm/authorization_scope/operator_authorization/authorized_at_utc: 2026-09-16T11:31:53Z
 * /formal_algorithm/authorization_scope/operator_authorization/frozen_git_sha: 6e456f37bdccb9cc0...
 * /formal_algorithm/authorization_scope/operator_authorization/operator: ETLAB
 * /formal_algorithm/authorization_scope/operator_authorization/pair_block_id: B02
 * /formal_algorithm/authorization_scope/operator_authorization/run_id: candidate_B_spati...
 * /formal_algorithm/authorization_scope/operator_authorization/source: runtime_operator_...
 * /formal_algorithm/authorization_scope/path_config: src/multi_agv_bri...
 * /formal_algorithm/authorization_scope/robot2_derating: False
 * /formal_algorithm/authorization_scope/runtime_config: src/multi_agv_bri...
 * /formal_algorithm/authorization_scope/target_progress: 5.17822971502571
 * /formal_algorithm/authorization_scope/upper_config: src/multi_agv_bri...
 * /formal_algorithm/estimator/filter_alpha: 0.9
 * /formal_algorithm/formal_fake_runtime/candidate_b/enabled: False
 * /formal_algorithm/formal_fake_runtime/candidate_b_spatial_composite/disturbance_model_version: candidate_B_v2_sp...
 * /formal_algorithm/formal_fake_runtime/candidate_b_spatial_composite/enabled: True
 * /formal_algorithm/formal_fake_runtime/candidate_b_spatial_composite/freeze_id: candidate_B_v2_sp...
 * /formal_algorithm/formal_fake_runtime/candidate_b_spatial_composite/longitudinal_amplitude: 0.02
 * /formal_algorithm/formal_fake_runtime/candidate_b_spatial_composite/longitudinal_frequency: 1.0
 * /formal_algorithm/formal_fake_runtime/candidate_b_spatial_composite/longitudinal_phase: 0.0
 * /formal_algorithm/formal_fake_runtime/candidate_b_spatial_composite/minimum_effectiveness: 0.85
 * /formal_algorithm/formal_fake_runtime/candidate_b_spatial_composite/ramp_in_distance: 0.05
 * /formal_algorithm/formal_fake_runtime/candidate_b_spatial_composite/ramp_out_distance: 0.05
 * /formal_algorithm/formal_fake_runtime/candidate_b_spatial_composite/severity_scale: [1.0, 1.15, 0.85]
 * /formal_algorithm/formal_fake_runtime/candidate_b_spatial_composite/yaw_amplitude: 0.2625
 * /formal_algorithm/formal_fake_runtime/candidate_b_spatial_composite/yaw_frequency: 1.0
 * /formal_algorithm/formal_fake_runtime/candidate_b_spatial_composite/yaw_phase: 1.5707963267948966
 * /formal_algorithm/formal_fake_runtime/candidate_b_spatial_composite/zone_end: 2.8
 * /formal_algorithm/formal_fake_runtime/candidate_b_spatial_composite/zone_start: 2.0
 * /formal_algorithm/formal_fake_runtime/candidate_b_spatial_physical/enabled: True
 * /formal_algorithm/formal_fake_runtime/candidate_b_spatial_physical/experiment_id: candidate_B_spati...
 * /formal_algorithm/formal_fake_runtime/candidate_b_spatial_physical/hardware_execution_authorized: True
 * /formal_algorithm/formal_fake_runtime/candidate_b_spatial_physical/operator_authorization/authorized_at_utc: 2026-09-16T11:31:53Z
 * /formal_algorithm/formal_fake_runtime/candidate_b_spatial_physical/operator_authorization/frozen_git_sha: 6e456f37bdccb9cc0...
 * /formal_algorithm/formal_fake_runtime/candidate_b_spatial_physical/operator_authorization/operator: ETLAB
 * /formal_algorithm/formal_fake_runtime/candidate_b_spatial_physical/operator_authorization/pair_block_id: B02
 * /formal_algorithm/formal_fake_runtime/candidate_b_spatial_physical/operator_authorization/run_id: candidate_B_spati...
 * /formal_algorithm/formal_fake_runtime/candidate_b_spatial_physical/operator_authorization/source: runtime_operator_...
 * /formal_algorithm/formal_fake_runtime/candidate_b_spatial_physical/payload_mode: unloaded_equivale...
 * /formal_algorithm/formal_fake_runtime/candidate_b_spatial_physical/software_qualification_passed: True
 * /formal_algorithm/formal_fake_runtime/capability_reserve/body_angular_velocity: 0.0
 * /formal_algorithm/formal_fake_runtime/capability_reserve/body_linear_velocity: 0.0
 * /formal_algorithm/formal_fake_runtime/capability_reserve/path_acceleration: 0.0
 * /formal_algorithm/formal_fake_runtime/capability_reserve/path_deceleration: 0.0
 * /formal_algorithm/formal_fake_runtime/capability_reserve/wheel_linear_velocity: 0.0
 * /formal_algorithm/formal_fake_runtime/classic_additive_candidate_A/angular_amplitude: 0.35
 * /formal_algorithm/formal_fake_runtime/classic_additive_candidate_A/angular_frequency: 1.0
 * /formal_algorithm/formal_fake_runtime/classic_additive_candidate_A/angular_phase: 1.5707963267948966
 * /formal_algorithm/formal_fake_runtime/classic_additive_candidate_A/duration: 8.0
 * /formal_algorithm/formal_fake_runtime/classic_additive_candidate_A/enabled: False
 * /formal_algorithm/formal_fake_runtime/classic_additive_candidate_A/linear_amplitude: 0.03
 * /formal_algorithm/formal_fake_runtime/classic_additive_candidate_A/linear_frequency: 1.0
 * /formal_algorithm/formal_fake_runtime/classic_additive_candidate_A/ramp_in: 0.5
 * /formal_algorithm/formal_fake_runtime/classic_additive_candidate_A/ramp_out: 0.5
 * /formal_algorithm/formal_fake_runtime/classic_additive_candidate_A/trigger_progress: 2.0
 * /formal_algorithm/formal_fake_runtime/classic_additive_physical/allowed_scales: [0.25, 0.5, 0.75,...
 * /formal_algorithm/formal_fake_runtime/classic_additive_physical/enabled: False
 * /formal_algorithm/formal_fake_runtime/classic_additive_physical/experiment_id: classic_additive_...
 * /formal_algorithm/formal_fake_runtime/classic_additive_physical/hardware_execution_authorized: False
 * /formal_algorithm/formal_fake_runtime/classic_additive_physical/m2b_physical_authorized: True
 * /formal_algorithm/formal_fake_runtime/classic_additive_physical/maximum_qualified_scale: 1.0
 * /formal_algorithm/formal_fake_runtime/classic_additive_physical/qualification_scale: 0.25
 * /formal_algorithm/formal_fake_runtime/classic_additive_physical/qualification_status: ALL_FROZEN_LEVELS...
 * /formal_algorithm/formal_fake_runtime/classic_additive_physical/target_robot_id: 2
 * /formal_algorithm/formal_fake_runtime/command_publication_authorized: True
 * /formal_algorithm/formal_fake_runtime/configuration_status: PILOT_M2B_CIRCLE_...
 * /formal_algorithm/formal_fake_runtime/confirm_test_area_clear: True
 * /formal_algorithm/formal_fake_runtime/confirm_unloaded_30cm_fixture: True
 * /formal_algorithm/formal_fake_runtime/confirm_wheels_on_floor: True
 * /formal_algorithm/formal_fake_runtime/distributed_initial/auxiliary: [0.0, 0.0, 0.0]
 * /formal_algorithm/formal_fake_runtime/distributed_initial/position: [0.0, 0.0, 0.0]
 * /formal_algorithm/formal_fake_runtime/distributed_initial/velocity: [0.1, 0.1, 0.1]
 * /formal_algorithm/formal_fake_runtime/emergency_abort_limit: 0.18
 * /formal_algorithm/formal_fake_runtime/execution/align_progress_to_initial_pose: False
 * /formal_algorithm/formal_fake_runtime/execution/consistent_reference_acceleration: False
 * /formal_algorithm/formal_fake_runtime/execution/emergency_abort_persistence_seconds: 0.1
 * /formal_algorithm/formal_fake_runtime/execution/initialization_hold_seconds: 0.3
 * /formal_algorithm/formal_fake_runtime/execution/initialization_max_wheel_speed: 0.015
 * /formal_algorithm/formal_fake_runtime/execution/reconciliation/enabled: False
 * /formal_algorithm/formal_fake_runtime/execution/startup_catchup_margin_mps: 0.008
 * /formal_algorithm/formal_fake_runtime/execution/startup_early_rise: 0.6
 * /formal_algorithm/formal_fake_runtime/execution/startup_feedback_ramp_seconds: 1.2
 * /formal_algorithm/formal_fake_runtime/execution/startup_ramp_seconds: 4.0
 * /formal_algorithm/formal_fake_runtime/execution/transient_capability_hold_seconds: 0.4
 * /formal_algorithm/formal_fake_runtime/execution/transient_feedback_hold_seconds: 0.1
 * /formal_algorithm/formal_fake_runtime/execution/transient_state_hold_seconds: 0.08
 * /formal_algorithm/formal_fake_runtime/experiment_id: candidate_B_spati...
 * /formal_algorithm/formal_fake_runtime/initial_progress: 0.0
 * /formal_algorithm/formal_fake_runtime/leader/acceleration: 0.0
 * /formal_algorithm/formal_fake_runtime/leader/initial_position: 0.0
 * /formal_algorithm/formal_fake_runtime/leader/velocity: 0.1
 * /formal_algorithm/formal_fake_runtime/lower/initial_disturbance_estimate: 0.08
 * /formal_algorithm/formal_fake_runtime/lower/initial_parameter: [0.0, 0.0]
 * /formal_algorithm/formal_fake_runtime/lower/velocity_lower_bound: -0.15
 * /formal_algorithm/formal_fake_runtime/lower/velocity_upper_bound: 0.58
 * /formal_algorithm/formal_fake_runtime/maximum_capability_age: 0.25
 * /formal_algorithm/formal_fake_runtime/maximum_feedback_age: 0.25
 * /formal_algorithm/formal_fake_runtime/maximum_recorder_armed_age: 0.5
 * /formal_algorithm/formal_fake_runtime/maximum_state_age: 0.22
 * /formal_algorithm/formal_fake_runtime/minimum_battery_voltage: 9.5
 * /formal_algorithm/formal_fake_runtime/minimum_battery_voltage_duration: 0.5
 * /formal_algorithm/formal_fake_runtime/publish_rate: 100.0
 * /formal_algorithm/formal_fake_runtime/require_recorder_armed: True
 * /formal_algorithm/formal_fake_runtime/require_valid_load_state: True
 * /formal_algorithm/formal_fake_runtime/risk/capability_reserve: 0.005
 * /formal_algorithm/formal_fake_runtime/risk/capability_safe_margin: 0.01
 * /formal_algorithm/formal_fake_runtime/risk/input_safe_margin: 0.4
 * /formal_algorithm/formal_fake_runtime/risk/maximum_watchdog_age: 0.25
 * /formal_algorithm/formal_fake_runtime/risk/position_limit: 0.12
 * /formal_algorithm/formal_fake_runtime/risk/position_safe_margin: 0.06
 * /formal_algorithm/formal_fake_runtime/risk/require_software_watchdog: False
 * /formal_algorithm/formal_fake_runtime/risk/wheel_safe_margin: 0.01
 * /formal_algorithm/formal_fake_runtime/risk_disturbance_v1/enabled: False
 * /formal_algorithm/formal_fake_runtime/risk_disturbance_v1/peak_fraction: 0.3
 * /formal_algorithm/formal_fake_runtime/schema_version: 1
 * /formal_algorithm/formal_fake_runtime/serial_execution_authorized: True
 * /formal_algorithm/formal_fake_runtime/target_progress: 5.17822971502571
 * /formal_algorithm/formal_fake_runtime/tracker/angular_feedforward_scale_negative: [0.94, 0.95122187...
 * /formal_algorithm/formal_fake_runtime/tracker/angular_feedforward_scale_positive: [0.78, 0.78081021...
 * /formal_algorithm/formal_fake_runtime/tracker/base_to_support: [{'x': -0.01783, ...
 * /formal_algorithm/formal_fake_runtime/tracker/chassis_reference_samples: 10001
 * /formal_algorithm/formal_fake_runtime/tracker/curvature_preview_seconds_negative: [0.05, 0.0, 0.05]
 * /formal_algorithm/formal_fake_runtime/tracker/curvature_preview_seconds_positive: [0.05, 0.0, 0.05]
 * /formal_algorithm/formal_fake_runtime/tracker/formation_heading_gain: 0.7
 * /formal_algorithm/formal_fake_runtime/tracker/formation_lateral_gain: 0.85
 * /formal_algorithm/formal_fake_runtime/tracker/formation_longitudinal_gain: 0.25
 * /formal_algorithm/formal_fake_runtime/tracker/heading_gain: 2.0
 * /formal_algorithm/formal_fake_runtime/tracker/heading_gain_per_robot: [3.5, 3.0, 3.0]
 * /formal_algorithm/formal_fake_runtime/tracker/lateral_gain: 2.0
 * /formal_algorithm/formal_fake_runtime/tracker/lateral_gain_per_robot: [4.8, 3.4, 4.0]
 * /formal_algorithm/formal_fake_runtime/tracker/longitudinal_gain: 1.0
 * /formal_algorithm/formal_fake_runtime/tracker/longitudinal_gain_per_robot: [1.0, 1.0, 1.0]
 * /formal_algorithm/formal_fake_runtime/tracker/wheel_separation: [0.135484339, 0.1...
 * /formal_algorithm/formal_lower/adaptation_gain: [0.0, 0.0]
 * /formal_algorithm/formal_lower/algorithm_execution_authorized: True
 * /formal_algorithm/formal_lower/composite_gain: 1.25
 * /formal_algorithm/formal_lower/configuration_status: golden_verified_f...
 * /formal_algorithm/formal_lower/constraint_margin: 2e-05
 * /formal_algorithm/formal_lower/disturbance_adaptation_gain: 0.0
 * /formal_algorithm/formal_lower/disturbance_estimate_max: 0.0
 * /formal_algorithm/formal_lower/disturbance_leakage: 0.0
 * /formal_algorithm/formal_lower/feedback_gain: 2.75
 * /formal_algorithm/formal_lower/golden_vectors_verified: True
 * /formal_algorithm/formal_lower/hardware_execution_authorized: True
 * /formal_algorithm/formal_lower/mode: M2b
 * /formal_algorithm/formal_lower/parameter_leakage: 0.0
 * /formal_algorithm/formal_lower/parameter_max: [0.0, 0.0]
 * /formal_algorithm/formal_lower/parameter_min: [0.0, 0.0]
 * /formal_algorithm/formal_lower/robust_boundary_layer: 0.055
 * /formal_algorithm/formal_lower/schema_version: 1
 * /formal_algorithm/formal_lower/sustained_saturation_seconds: 0.5
 * /formal_algorithm/formal_lower/update_rate: 100.0
 * /formal_algorithm/formal_m2b/alpha: 0.15
 * /formal_algorithm/formal_m2b/auxiliary_boundary_layer: 0.0
 * /formal_algorithm/formal_m2b/beta: 0.52
 * /formal_algorithm/formal_m2b/capability_policy: log_only_never_us...
 * /formal_algorithm/formal_m2b/fixed_acceleration_limit: [1.1, 1.1, 1.1]
 * /formal_algorithm/formal_m2b/fixed_deceleration_limit: [1.1, 1.1, 1.1]
 * /formal_algorithm/formal_m2b/fixed_velocity_bounds: True
 * /formal_algorithm/formal_m2b/generator_guard: 2e-05
 * /formal_algorithm/formal_m2b/generator_substeps: 2
 * /formal_algorithm/formal_m2b/golden_vectors_verified: True
 * /formal_algorithm/formal_m2b/h: [0.006, 0.006, 0....
 * /formal_algorithm/formal_m2b/k1: [1.25, 1.25, 1.25]
 * /formal_algorithm/formal_m2b/k2: [2.75, 2.75, 2.75]
 * /formal_algorithm/formal_m2b/l0: 0.9
 * /formal_algorithm/formal_m2b/l1: 1.2
 * /formal_algorithm/formal_m2b/l2: 2.25
 * /formal_algorithm/formal_m2b/l3: 1.1
 * /formal_algorithm/formal_m2b/mapping_guard: 2e-05
 * /formal_algorithm/formal_m2b/schema_version: 1
 * /formal_algorithm/formal_m2b/source_method: experiment2_v81_m...
 * /formal_algorithm/formal_upper/agents/initial_lower: [-0.06, -0.06, -0...
 * /formal_algorithm/formal_upper/agents/initial_upper: [0.52, 0.52, 0.52]
 * /formal_algorithm/formal_upper/agents/inner_margin: [0.01, 0.01, 0.01]
 * /formal_algorithm/formal_upper/agents/minimum_width: [0.15, 0.15, 0.15]
 * /formal_algorithm/formal_upper/agents/nominal_lower: [-0.06, -0.06, -0...
 * /formal_algorithm/formal_upper/agents/nominal_upper: [0.52, 0.52, 0.52]
 * /formal_algorithm/formal_upper/agents/physical_lower: [-0.15, -0.15, -0...
 * /formal_algorithm/formal_upper/agents/physical_margin_lower: [0.02, 0.02, 0.02]
 * /formal_algorithm/formal_upper/agents/physical_margin_upper: [0.02, 0.02, 0.02]
 * /formal_algorithm/formal_upper/agents/physical_upper: [0.58, 0.58, 0.58]
 * /formal_algorithm/formal_upper/agents/zero_margin: [0.03, 0.03, 0.03]
 * /formal_algorithm/formal_upper/algorithm_execution_authorized: True
 * /formal_algorithm/formal_upper/capability_policy: log_only_never_us...
 * /formal_algorithm/formal_upper/configuration_status: golden_verified_f...
 * /formal_algorithm/formal_upper/controller_ticks_per_update: 1
 * /formal_algorithm/formal_upper/golden_vectors_verified: True
 * /formal_algorithm/formal_upper/hard_capability_envelope/capability_reserve: 0.005
 * /formal_algorithm/formal_upper/hard_capability_envelope/enabled: False
 * /formal_algorithm/formal_upper/hardware_execution_authorized: True
 * /formal_algorithm/formal_upper/m1b_hardware_execution_authorized: False
 * /formal_algorithm/formal_upper/mode: M2b
 * /formal_algorithm/formal_upper/schema_version: 1
 * /formal_algorithm/formal_upper/update_rate: 100.0
 * /formal_algorithm/formation_observation_only: True
 * /formal_algorithm/maximum_observation_support_distance: 0.8
 * /formal_algorithm/path_s_curve/amplitude: 0.0
 * /formal_algorithm/path_s_curve/circle_direction: -1.0
 * /formal_algorithm/path_s_curve/circle_radius: 0.7
 * /formal_algorithm/path_s_curve/configuration_status: frozen_m1_r1_circ...
 * /formal_algorithm/path_s_curve/curvature_ramp_length: 0.4
 * /formal_algorithm/path_s_curve/entry_straight_length: 0.2
 * /formal_algorithm/path_s_curve/exit_straight_length: 0.18
 * /formal_algorithm/path_s_curve/hardware_execution_authorized: False
 * /formal_algorithm/path_s_curve/longitudinal_length: 4.99822971502571
 * /formal_algorithm/path_s_curve/lookup_samples: 60001
 * /formal_algorithm/path_s_curve/model: circle_smooth_ent...
 * /formal_algorithm/path_s_curve/schema_version: 1
 * /formal_algorithm/platform_transport_type: serial
 * /formal_algorithm/support_geometry/configuration_status: unloaded_equilate...
 * /formal_algorithm/support_geometry/coordinate_convention: load_path_frenet_...
 * /formal_algorithm/support_geometry/hardware_execution_authorized: False
 * /formal_algorithm/support_geometry/minimum_nondegeneracy: 0.2
 * /formal_algorithm/support_geometry/minimum_speed_scale: 0.2
 * /formal_algorithm/support_geometry/schema_version: 1
 * /formal_algorithm/support_geometry/supports: [{'robot_id': 'ag...
 * /formal_algorithm/support_geometry/validation_samples: 10001
 * /rosdistro: noetic
 * /rosversion: 1.17.0

NODES
  /
    formal_algorithm (multi_agv_control/formal_algorithm_node)
[33m[WARN] [1789558325.426361668]: Formal algorithm integration ready: transport=serial upper=M2b lower=M2b recorder_required=true[0m
[33m[WARN] [1789558325.439246837]: Formal algorithm held fail-zero: waiting for three serial chassis command-sequence handoffs[0m
[33m[WARN] [1789558325.567256373]: Formal algorithm held at zero until a fresh experiment recorder heartbeat confirms method_id=M2b_M2b[0m
[33m[WARN] [1789558326.576926339]: Formal algorithm held at zero until a fresh experiment recorder heartbeat confirms method_id=M2b_M2b[0m
[0m[INFO] [1789558326.663648886]: Subscribing to /agv1/capability_report[0m
[0m[INFO] [1789558326.664858149]: Subscribing to /agv1/chassis_command[0m
[0m[INFO] [1789558326.665496796]: Subscribing to /agv1/chassis_feedback[0m
[0m[INFO] [1789558326.667186447]: Subscribing to /agv1/derating_command[0m
[0m[INFO] [1789558326.668329841]: Subscribing to /agv1/imu[0m
[0m[INFO] [1789558326.668990537]: Subscribing to /agv1/odom[0m
[0m[INFO] [1789558326.670504789]: Subscribing to /agv2/capability_report[0m
[0m[INFO] [1789558326.672054465]: Subscribing to /agv2/chassis_command[0m
[0m[INFO] [1789558326.672904358]: Subscribing to /agv2/chassis_feedback[0m
[0m[INFO] [1789558326.674410985]: Subscribing to /agv2/derating_command[0m
[0m[INFO] [1789558326.675650428]: Subscribing to /agv2/imu[0m
[0m[INFO] [1789558326.676987264]: Subscribing to /agv2/odom[0m
[0m[INFO] [1789558326.678455948]: Subscribing to /agv3/capability_report[0m
[0m[INFO] [1789558326.680114509]: Subscribing to /agv3/chassis_command[0m
[0m[INFO] [1789558326.681122391]: Subscribing to /agv3/chassis_feedback[0m
[0m[INFO] [1789558326.682012992]: Subscribing to /agv3/derating_command[0m
[0m[INFO] [1789558326.682801267]: Subscribing to /agv3/imu[0m
[0m[INFO] [1789558326.683777140]: Subscribing to /agv3/odom[0m
[0m[INFO] [1789558326.685057059]: Subscribing to /camera/world/agv1_confidence[0m
[0m[INFO] [1789558326.686803708]: Subscribing to /camera/world/agv1_tag_pose[0m
[0m[INFO] [1789558326.689222659]: Subscribing to /camera/world/agv2_confidence[0m
[0m[INFO] [1789558326.690822872]: Subscribing to /camera/world/agv2_tag_pose[0m
[0m[INFO] [1789558326.691898799]: Subscribing to /camera/world/agv3_confidence[0m
[0m[INFO] [1789558326.692748399]: Subscribing to /camera/world/agv3_tag_pose[0m
[0m[INFO] [1789558326.693829381]: Subscribing to /camera/world/load_confidence[0m
[0m[INFO] [1789558326.694525739]: Subscribing to /camera/world/load_tag_pose[0m
[0m[INFO] [1789558326.695199522]: Subscribing to /experiment_recorder/armed[0m
[0m[INFO] [1789558326.695841683]: Subscribing to /experiment_recorder/method_id[0m
[0m[INFO] [1789558326.697628113]: Subscribing to /multi_agv/candidate_B_spatial_composite_state[0m
[0m[INFO] [1789558326.699035872]: Subscribing to /multi_agv/controller_state[0m
[0m[INFO] [1789558326.700890067]: Subscribing to /multi_agv/cooperative_state[0m
[0m[INFO] [1789558326.701922630]: Subscribing to /multi_agv/experiment_state[0m
[0m[INFO] [1789558326.702901074]: Subscribing to /multi_agv/formal_algorithm_state[0m
[0m[INFO] [1789558326.704900326]: Subscribing to /multi_agv/formal_execution_limiter_state[0m
[0m[INFO] [1789558326.706543267]: Subscribing to /multi_agv/m2b_algorithm_state[0m
[0m[INFO] [1789558326.708517545]: Subscribing to /multi_agv/path_reference[0m
[0m[INFO] [1789558326.710221638]: Subscribing to /multi_agv/risk_disturbance_state[0m
[0m[INFO] [1789558326.711418268]: Subscribing to /multi_agv/software_watchdog_diagnostics[0m
[0m[INFO] [1789558326.712507576]: Subscribing to /multi_agv/software_watchdog_ok[0m
[0m[INFO] [1789558326.713697862]: Subscribing to /multi_agv/state_projection_timing[0m
[0m[INFO] [1789558326.717036063]: Subscribing to /multi_agv/yaw_drive_disturbance_state[0m
[0m[INFO] [1789558326.719352407]: Subscribing to /pose_provider/agv1/base_motion_fused[0m
[0m[INFO] [1789558326.720772440]: Subscribing to /pose_provider/agv1/base_pose_filtered[0m
[0m[INFO] [1789558326.722422568]: Subscribing to /pose_provider/agv1/base_pose_fused[0m
[0m[INFO] [1789558326.724148387]: Subscribing to /pose_provider/agv1/base_pose_raw[0m
[0m[INFO] [1789558326.725900653]: Subscribing to /pose_provider/agv1/estimator_timing[0m
[0m[INFO] [1789558326.727958175]: Subscribing to /pose_provider/agv1/fusion_timing[0m
[0m[INFO] [1789558326.729321905]: Subscribing to /pose_provider/agv2/base_motion_fused[0m
[0m[INFO] [1789558326.730997688]: Subscribing to /pose_provider/agv2/base_pose_filtered[0m
[0m[INFO] [1789558326.732707166]: Subscribing to /pose_provider/agv2/base_pose_[33m[WARN] [1789558361.446830912]: Formal execution holding the last valid agv3 CapabilityReport: receive_age=0.255945 s header_age=0.256636 s, freshness_bound=0.250000 s[0m
[INFO] [1789558383.115110]: All six wheels remained within 0.010 m/s for 0.100 s
fused[0m
[0m[INFO] [1789558326.734855957]: Subscribing to /pose_provider/agv2/base_pose_raw[0m
[0m[INFO] [1789558326.736764985]: Subscribing to /pose_provider/agv2/estimator_timing[0m
[0m[INFO] [1789558326.739822528]: Subscribing to /pose_provider/agv2/fusion_timing[0m
[0m[INFO] [1789558326.743445994]: Subscribing to /pose_provider/agv3/base_motion_fused[0m
[0m[INFO] [1789558326.747721684]: Subscribing to /pose_provider/agv3/base_pose_filtered[0m
[0m[INFO] [1789558326.750692868]: Subscribing to /pose_provider/agv3/base_pose_fused[0m
[0m[INFO] [1789558326.753170578]: Subscribing to /pose_provider/agv3/base_pose_raw[0m
[0m[INFO] [1789558326.755649923]: Subscribing to /pose_provider/agv3/estimator_timing[0m
[0m[INFO] [1789558326.827338696]: Subscribing to /pose_provider/agv3/fusion_timing[0m
[0m[INFO] [1789558326.828627129]: Subscribing to /pose_provider/load/pose_filtered[0m
[0m[INFO] [1789558326.829390372]: Subscribing to /pose_provider/load/pose_raw[0m
[0m[INFO] [1789558326.830399810]: Subscribing to /vision/aruco/calibration_epoch[0m
[0m[INFO] [1789558326.831709969]: Recording to '/home/etlab/AGV_ROS/.worktrees/platform-foundation-linux/experiment_data/formal_serial_unloaded/candidate_B_spatial_gradient15_physical_M2b_20260916_193153/candidate_B_spatial_gradient15_physical_M2b_20260916_193153.bag'.[0m
[INFO] [1789558326.890163]: Experiment recording armed after all required subscriptions connected: run_id=candidate_B_spatial_gradient15_physical_M2b_20260916_193153 bag=/home/etlab/AGV_ROS/.worktrees/platform-foundation-linux/experiment_data/formal_serial_unloaded/candidate_B_spatial_gradient15_physical_M2b_20260916_193153/candidate_B_spatial_gradient15_physical_M2b_20260916_193153.bag
[31mWARNING: disk usage in log directory [/home/etlab/.ros/log] is over 1GB.
It's recommended that you use the 'rosclean' command.[0m
[31m================================================================================REQUIRED process [experiment_recorder-1] has died!
process has finished cleanly
log file: /home/etlab/.ros/log/8da5d84c-b1c1-11f1-87b4-25f94a8b00c1/experiment_recorder-1*.log
Initiating shutdown!
================================================================================[0m
... logging to /home/etlab/.ros/log/8da5d84c-b1c1-11f1-87b4-25f94a8b00c1/roslaunch-robot1-12042.log
Checking log directory for disk usage. This may take a while.
Press Ctrl-C to interrupt
]2;/home/etlab/AGV_ROS/.worktrees/platform-foundation-linux/src/multi_agv_bringup/launch/experiment.launch
[1mstarted roslaunch server http://192.168.6.101:45549/[0m

SUMMARY
========

PARAMETERS
 * /agv1/capability_report: 90.0
 * /agv1/chassis_command: 90.0
 * /agv1/chassis_feedback: 90.0
 * /agv1/imu: 90.0
 * /agv1/odom: 90.0
 * /agv2/capability_report: 90.0
 * /agv2/chassis_command: 90.0
 * /agv2/chassis_feedback: 90.0
 * /agv2/imu: 90.0
 * /agv2/odom: 90.0
 * /agv3/capability_report: 90.0
 * /agv3/chassis_command: 90.0
 * /agv3/chassis_feedback: 90.0
 * /agv3/imu: 90.0
 * /agv3/odom: 90.0
 * /experiment_recorder/approval_id: 
 * /experiment_recorder/approval_registry: /home/etlab/AGV_R...
 * /experiment_recorder/arming_authorized: True
 * /experiment_recorder/camera_config_files: ['/home/etlab/AGV...
 * /experiment_recorder/camera_mode: True
 * /experiment_recorder/candidate_b_spatial_authorization_source: runtime_operator_...
 * /experiment_recorder/candidate_b_spatial_physical_authorized: True
 * /experiment_recorder/candidate_b_spatial_profile_id: candidate_B_v2_sp...
 * /experiment_recorder/config_files: ['/home/etlab/AGV...
 * /experiment_recorder/connection_wait_seconds: 5.0
 * /experiment_recorder/experiment_id: candidate_B_spati...
 * /experiment_recorder/experiment_recording/camera_calibration_epoch_required: True
 * /experiment_recorder/experiment_recording/camera_required_topics: ['/vision/aruco/c...
 * /experiment_recorder/experiment_recording/camera_virtual_load_required_topics: ['/vision/aruco/c...
 * /experiment_recorder/experiment_recording/fused_required_topics: ['/pose_provider/...
 * /experiment_recorder/experiment_recording/localization_exclusion/maximum_consecutive_invalid_seconds: 0.1
 * /experiment_recorder/experiment_recording/localization_exclusion/maximum_invalid_fraction: 0.01
 * /experiment_recorder/experiment_recording/maximum_camera_calibration_epoch_changes: 0
 * /experiment_recorder/experiment_recording/method_required_topics/M1_R1: ['/multi_agv/expe...
 * /experiment_recorder/experiment_recording/method_required_topics/M1b_R1: ['/multi_agv/expe...
 * /experiment_recorder/experiment_recording/method_required_topics/M2a_R1: ['/multi_agv/expe...
 * /experiment_recorder/experiment_recording/method_required_topics/M2b_M2b: ['/multi_agv/m2b_...
 * /experiment_recorder/experiment_recording/recommended_topics: ['/multi_agv/expe...
 * /experiment_recorder/experiment_recording/registered_method_ids: ['M1_R1', 'M1b_R1...
 * /experiment_recorder/experiment_recording/required_topics: ['/agv1/chassis_c...
 * /experiment_recorder/experiment_recording/sample_period: 0.01
 * /experiment_recorder/experiment_recording/sequence_rules: [{'file': 'chassi...
 * /experiment_recorder/experiment_recording/topics: ['/agv1/chassis_c...
 * /experiment_recorder/formal_statistics_requested: False
 * /experiment_recorder/interface_version: agv_ros_interface...
 * /experiment_recorder/localization_source: camera_imu_wheel_...
 * /experiment_recorder/measured_payload_pose_topic: /pose_provider/lo...
 * /experiment_recorder/method_id: M2b_M2b
 * /experiment_recorder/metrics/evaluation_target: 5.17822971502571
 * /experiment_recorder/metrics/nominal_agv2_capability: 0.0
 * /experiment_recorder/metrics/nominal_common_velocity: 0.1
 * /experiment_recorder/operator: ETLAB
 * /experiment_recorder/output_root: /home/etlab/AGV_R...
 * /experiment_recorder/pair_block_id: B02
 * /experiment_recorder/path_version: circle_r0p7_cw_sm...
 * /experiment_recorder/payload_pose_source: equivalent_load
 * /experiment_recorder/payload_state: unloaded
 * /experiment_recorder/preflight_wait_seconds: 15.0
 * /experiment_recorder/record_candidate_b_spatial_physical: True
 * /experiment_recorder/record_classic_additive_physical: False
 * /experiment_recorder/require_approved_config: False
 * /experiment_recorder/require_windows_sender_manifest: False
 * /experiment_recorder/run_id: candidate_B_spati...
 * /experiment_recorder/virtual_load_from_robots: True
 * /experiment_recorder/wheel_speed_scale_freeze_id: wheel_speed_scale...
 * /experiment_recorder/workspace: /home/etlab/AGV_R...
 * /multi_agv/controller_state: 90.0
 * /multi_agv/cooperative_state: 90.0
 * /multi_agv/formal_algorithm_state: 90.0
 * /multi_agv/m2b_algorithm_state: 90.0
 * /multi_agv/path_reference: 90.0
 * /rosdistro: noetic
 * /rosversion: 1.17.0

NODES
  /
    experiment_recorder (multi_agv_analysis/record_experiment.py)

[1mROS_MASTER_URI=http://192.168.6.101:11311[0m
]2;/home/etlab/AGV_ROS/.worktrees/platform-foundation-linux/src/multi_agv_bringup/launch/experiment.launch http://192.168.6.101:11311
[1mprocess[experiment_recorder-1]: started with pid [12109][0m
[experiment_recorder-1] killing on exit
shutting down processing monitor...
... shutting down processing monitor complete
[1mdone[0m
[0m[INFO] [1789558325.439220854]: Formal command publishers enabled after all three chassis transport parameters were verified as serial[0m
[0m[INFO] [1789558325.549522838]: Formal serial command sequence handoff: agv1 command_seq_applied=57747, next_command_seq=57748[0m
[0m[INFO] [1789558325.557913701]: Formal serial command sequence handoff: agv3 command_seq_applied=57747, next_command_seq=57748[0m
[0m[INFO] [1789558325.563535366]: Formal serial command sequence handoff: agv2 command_seq_applied=57747, next_command_seq=57748[0m
[0m[INFO] [1789558327.197177578]: Formal execution initialized from 31 stationary samples: path offsets=[-0.002654, 0.002212, -0.000130] m[0m
[0m[INFO] [1789558327.197210531]: M2b physical execution reset at 0.000000 m: generator at rest, startup ramp 4.000 s[0m
[0m[INFO] [1789558380.946816003]: Formal execution reached 5.178 m; synchronized terminal stop latched without endpoint pose hunting[0m
[31mWARNING: disk usage in log directory [/home/etlab/.ros/log] is over 1GB.
It's recommended that you use the 'rosclean' command.[0m

[1mROS_MASTER_URI=http://192.168.6.101:11311[0m
]2;/home/etlab/AGV_ROS/.worktrees/platform-foundation-linux/src/multi_agv_bringup/launch/formal_serial_m1_r1.launch http://192.168.6.101:11311
[1mprocess[formal_algorithm-1]: started with pid [12016][0m
[formal_algorithm-1] killing on exit
shutting down processing monitor...
... shutting down processing monitor complete
[1mdone[0m
[0m[INFO] [1789558318.616866894]: State estimator accepted camera calibration epoch token=93423323[0m
[0m[INFO] [1789558318.622940960]: Anchored camera-fused three-robot state to path start: initial rigid-fit RMS=0.009680 m[0m
[31mWARNING: disk usage in log directory [/home/etlab/.ros/log] is over 1GB.
It's recommended that you use the 'rosclean' command.[0m
... logging to /home/etlab/.ros/log/8da5d84c-b1c1-11f1-87b4-25f94a8b00c1/roslaunch-robot1-11941.log
Checking log directory for disk usage. This may take a while.
Press Ctrl-C to interrupt
]2;/home/etlab/AGV_ROS/.worktrees/platform-foundation-linux/src/multi_agv_bringup/launch/formal_evaluation_window.launch
[1mstarted roslaunch server http://192.168.6.101:36547/[0m

SUMMARY
========

PARAMETERS
 * /formal_evaluation_supervisor/confirm_robot2_local_derating: False
 * /formal_evaluation_supervisor/derating_publication_authorized: False
 * /formal_evaluation_supervisor/exp2a_derating_pretest/activation_progress: 5.28
 * /formal_evaluation_supervisor/exp2a_derating_pretest/authorization_basis: explicit_operator...
 * /formal_evaluation_supervisor/exp2a_derating_pretest/authorization_scope: unloaded_30cm_fix...
 * /formal_evaluation_supervisor/exp2a_derating_pretest/block_id: B02
 * /formal_evaluation_supervisor/exp2a_derating_pretest/configuration_status: operator_authoriz...
 * /formal_evaluation_supervisor/exp2a_derating_pretest/derating_mode: 1
 * /formal_evaluation_supervisor/exp2a_derating_pretest/evaluation_end_progress: 5.17822971502571
 * /formal_evaluation_supervisor/exp2a_derating_pretest/evaluation_start_progress: 0.0
 * /formal_evaluation_supervisor/exp2a_derating_pretest/experiment_id: candidate_B_spati...
 * /formal_evaluation_supervisor/exp2a_derating_pretest/finish_after_restoration: False
 * /formal_evaluation_supervisor/exp2a_derating_pretest/hardware_execution_authorized: True
 * /formal_evaluation_supervisor/exp2a_derating_pretest/method_id: M2b_M2b
 * /formal_evaluation_supervisor/exp2a_derating_pretest/progress_source: load_actual
 * /formal_evaluation_supervisor/exp2a_derating_pretest/publish_rate: 10.0
 * /formal_evaluation_supervisor/exp2a_derating_pretest/ramp_down_time: 0.5
 * /formal_evaluation_supervisor/exp2a_derating_pretest/ramp_up_time: 0.5
 * /formal_evaluation_supervisor/exp2a_derating_pretest/restoration_progress: 5.38
 * /formal_evaluation_supervisor/exp2a_derating_pretest/run_id: candidate_B_spati...
 * /formal_evaluation_supervisor/exp2a_derating_pretest/schema_version: 1
 * /formal_evaluation_supervisor/exp2a_derating_pretest/target_acceleration_ratio_left: 0.5
 * /formal_evaluation_supervisor/exp2a_derating_pretest/target_acceleration_ratio_right: 0.5
 * /formal_evaluation_supervisor/exp2a_derating_pretest/target_deceleration_ratio_left: 0.6
 * /formal_evaluation_supervisor/exp2a_derating_pretest/target_deceleration_ratio_right: 0.6
 * /formal_evaluation_supervisor/exp2a_derating_pretest/target_speed_ratio_left: 0.4
 * /formal_evaluation_supervisor/exp2a_derating_pretest/target_speed_ratio_right: 0.4
 * /formal_evaluation_supervisor/platform_transport_type: serial
 * /rosdistro: noetic
 * /rosversion: 1.17.0

NODES
  /
    formal_evaluation_supervisor (multi_agv_control/experiment_supervisor_node)

[1mROS_MASTER_URI=http://192.168.6.101:11311[0m
]2;/home/etlab/AGV_ROS/.worktrees/platform-foundation-linux/src/multi_agv_bringup/launch/formal_evaluation_window.launch http://192.168.6.101:11311
[1mprocess[formal_evaluation_supervisor-1]: started with pid [12007][0m
[formal_evaluation_supervisor-1] killing on exit
shutting down processing monitor...
... shutting down processing monitor complete
[1mdone[0m
[31mWARNING: disk usage in log directory [/home/etlab/.ros/log] is over 1GB.
It's recommended that you use the 'rosclean' command.[0m

[1mROS_MASTER_URI=http://192.168.6.101:11311[0m
]2;/home/etlab/AGV_ROS/.worktrees/platform-foundation-linux/src/multi_agv_bringup/launch/camera_fused_virtual_load_state_estimator.launch http://192.168.6.101:11311
[1mprocess[path_state_estimator-1]: started with pid [11811][0m
[path_state_estimator-1] killing on exit
shutting down processing monitor...
... shutting down processing monitor complete
[1mdone[0m
PHYSICAL_TASK_STATUS=PASSED run_dir=/home/etlab/AGV_ROS/.worktrees/platform-foundation-linux/experiment_data/formal_serial_unloaded/candidate_B_spatial_gradient15_physical_M2b_20260916_193153
The PDF backend does not currently support the selected font.
The PDF backend does not currently support the selected font.
/home/etlab/AGV_ROS/.worktrees/platform-foundation-linux/src/multi_agv_analysis/src/multi_agv_analysis/paper_pipeline.py:420: UserWarning: figure3.path_capability: 5375 samples outside fixed plot range; raw data and metrics are unchanged
  warnings.warn("{}: {} samples outside fixed plot range; raw data and "
The PDF backend does not currently support the selected font.
/home/etlab/AGV_ROS/.worktrees/platform-foundation-linux/src/multi_agv_analysis/src/multi_agv_analysis/paper_pipeline.py:420: UserWarning: figure4.robot1: 48375 samples outside fixed plot range; raw data and metrics are unchanged
  warnings.warn("{}: {} samples outside fixed plot range; raw data and "
/home/etlab/AGV_ROS/.worktrees/platform-foundation-linux/src/multi_agv_analysis/src/multi_agv_analysis/paper_pipeline.py:420: UserWarning: figure4.robot2: 48375 samples outside fixed plot range; raw data and metrics are unchanged
  warnings.warn("{}: {} samples outside fixed plot range; raw data and "
/home/etlab/AGV_ROS/.worktrees/platform-foundation-linux/src/multi_agv_analysis/src/multi_agv_analysis/paper_pipeline.py:420: UserWarning: figure4.robot3: 48375 samples outside fixed plot range; raw data and metrics are unchanged
  warnings.warn("{}: {} samples outside fixed plot range; raw data and "
The PDF backend does not currently support the selected font.
The PDF backend does not currently support the selected font.
The PDF backend does not currently support the selected font.
The PDF backend does not currently support the selected font.
The PDF backend does not currently support the selected font.
The PDF backend does not currently support the selected font.
/home/etlab/AGV_ROS/.worktrees/platform-foundation-linux/src/multi_agv_analysis/src/multi_agv_analysis/paper_pipeline.py:420: UserWarning: figure3.path_capability: 5375 samples outside fixed plot range; raw data and metrics are unchanged
  warnings.warn("{}: {} samples outside fixed plot range; raw data and "
The PDF backend does not currently support the selected font.
/home/etlab/AGV_ROS/.worktrees/platform-foundation-linux/src/multi_agv_analysis/src/multi_agv_analysis/paper_pipeline.py:420: UserWarning: figure4.robot1: 48375 samples outside fixed plot range; raw data and metrics are unchanged
  warnings.warn("{}: {} samples outside fixed plot range; raw data and "
/home/etlab/AGV_ROS/.worktrees/platform-foundation-linux/src/multi_agv_analysis/src/multi_agv_analysis/paper_pipeline.py:420: UserWarning: figure4.robot2: 48375 samples outside fixed plot range; raw data and metrics are unchanged
  warnings.warn("{}: {} samples outside fixed plot range; raw data and "
/home/etlab/AGV_ROS/.worktrees/platform-foundation-linux/src/multi_agv_analysis/src/multi_agv_analysis/paper_pipeline.py:420: UserWarning: figure4.robot3: 48375 samples outside fixed plot range; raw data and metrics are unchanged
  warnings.warn("{}: {} samples outside fixed plot range; raw data and "
The PDF backend does not currently support the selected font.
The PDF backend does not currently support the selected font.
The PDF backend does not currently support the selected font.
The PDF backend does not currently support the selected font.
PAPER RUN PIPELINE: PASSED
run_dir=/home/etlab/AGV_ROS/.worktrees/platform-foundation-linux/experiment_data/formal_serial_unloaded/candidate_B_spatial_gradient15_physical_M2b_20260916_193153
POSTPROCESS_STATUS=PASSED
SUMMARY: /home/etlab/AGV_ROS/.worktrees/platform-foundation-linux/experiment_data/formal_serial_unloaded/candidate_B_spatial_gradient15_physical_M2b_20260916_193153/summary_metrics.json
VALIDATION: /home/etlab/AGV_ROS/.worktrees/platform-foundation-linux/experiment_data/formal_serial_unloaded/candidate_B_spatial_gradient15_physical_M2b_20260916_193153/validation.json
RAW FIGURES: /home/etlab/AGV_ROS/.worktrees/platform-foundation-linux/experiment_data/formal_serial_unloaded/candidate_B_spatial_gradient15_physical_M2b_20260916_193153/plots_raw
SMOOTHED FIGURES: /home/etlab/AGV_ROS/.worktrees/platform-foundation-linux/experiment_data/formal_serial_unloaded/candidate_B_spatial_gradient15_physical_M2b_20260916_193153/plots_smoothed_0p8s
M2b_M2b SERIAL RUN AND AUTOMATIC FIGURES COMPLETE: /home/etlab/AGV_ROS/.worktrees/platform-foundation-linux/experiment_data/formal_serial_unloaded/candidate_B_spatial_gradient15_physical_M2b_20260916_193153
