[INFO] [1789391509.159684905]: Subscribing to /agv1/capability_report
[INFO] [1789391509.162078602]: Subscribing to /agv1/chassis_command
[INFO] [1789391509.162839721]: Subscribing to /agv1/chassis_feedback
[INFO] [1789391509.163732805]: Subscribing to /agv1/derating_command
[INFO] [1789391509.165310115]: Subscribing to /agv1/imu
[INFO] [1789391509.167186120]: Subscribing to /agv1/odom
[INFO] [1789391509.169308513]: Subscribing to /agv2/capability_report
[INFO] [1789391509.171305334]: Subscribing to /agv2/chassis_command
[INFO] [1789391509.173938289]: Subscribing to /agv2/chassis_feedback
[INFO] [1789391509.175257042]: Subscribing to /agv2/derating_command
[INFO] [1789391509.177647281]: Subscribing to /agv2/imu
[INFO] [1789391509.180315670]: Subscribing to /agv2/odom
[INFO] [1789391509.182519965]: Subscribing to /agv3/capability_report
[INFO] [1789391509.185020024]: Subscribing to /agv3/chassis_command
[INFO] [1789391509.189269943]: Subscribing to /agv3/chassis_feedback
[INFO] [1789391509.191474459]: Subscribing to /agv3/derating_command
[INFO] [1789391509.193541335]: Subscribing to /agv3/imu
[INFO] [1789391509.195810713]: Subscribing to /agv3/odom
[INFO] [1789391509.199270086]: Subscribing to /camera/world/agv1_confidence
[INFO] [1789391509.203329761]: Subscribing to /camera/world/agv1_tag_pose
[INFO] [1789391509.204571835]: Subscribing to /camera/world/agv2_confidence
[INFO] [1789391509.205835267]: Subscribing to /camera/world/agv2_tag_pose
[INFO] [1789391509.207560979]: Subscribing to /camera/world/agv3_confidence
[INFO] [1789391509.209383742]: Subscribing to /camera/world/agv3_tag_pose
[INFO] [1789391509.211191499]: Subscribing to /camera/world/load_confidence
[INFO] [1789391509.212471714]: Subscribing to /camera/world/load_tag_pose
[INFO] [1789391509.213557839]: Subscribing to /experiment_recorder/armed
[INFO] [1789391509.214759265]: Subscribing to /experiment_recorder/method_id
[INFO] [1789391509.215871360]: Subscribing to /multi_agv/controller_state
[INFO] [1789391509.217478808]: Subscribing to /multi_agv/cooperative_state
[INFO] [1789391509.219698530]: Subscribing to /multi_agv/experiment_state
[INFO] [1789391509.221269476]: Subscribing to /multi_agv/formal_algorithm_state
[INFO] [1789391509.224022227]: Subscribing to /multi_agv/formal_execution_limiter_state
[INFO] [1789391509.227441360]: Subscribing to /multi_agv/m2b_algorithm_state
[INFO] [1789391509.229516091]: Subscribing to /multi_agv/path_reference
[INFO] [1789391509.231534996]: Subscribing to /multi_agv/risk_disturbance_state
[INFO] [1789391509.234044148]: Subscribing to /multi_agv/software_watchdog_diagnostics
[INFO] [1789391509.235730305]: Subscribing to /multi_agv/software_watchdog_ok
[INFO] [1789391509.238963062]: Subscribing to /multi_agv/state_projection_timing
[INFO] [1789391509.240635407]: Subscribing to /multi_agv/v5_exploration_quality_state
[INFO] [1789391509.253821060]: Subscribing to /multi_agv/yaw_drive_disturbance_state
[INFO] [1789391509.264889962]: Subscribing to /multi_agv/yaw_effectiveness_hold_state
[INFO] [1789391509.265913470]: Subscribing to /pose_provider/agv1/base_motion_fused
[INFO] [1789391509.267193157]: Subscribing to /pose_provider/agv1/base_pose_filtered
[INFO] [1789391509.268404497]: Subscribing to /pose_provider/agv1/base_pose_fused
[INFO] [1789391509.269383073]: Subscribing to /pose_provider/agv1/base_pose_raw
[INFO] [1789391509.271015533]: Subscribing to /pose_provider/agv1/estimator_timing
[INFO] [1789391509.271995335]: Subscribing to /pose_provider/agv1/fusion_timing
[INFO] [1789391509.273159715]: Subscribing to /pose_provider/agv2/base_motion_fused
[INFO] [1789391509.274307998]: Subscribing to /pose_provider/agv2/base_pose_filtered
[INFO] [1789391509.275224477]: Subscribing to /pose_provider/agv2/base_pose_fused
[INFO] [1789391509.276458933]: Subscribing to /pose_provider/agv2/base_pose_raw
[INFO] [1789391509.277437060]: Subscribing to /pose_provider/agv2/estimator_timing
[INFO] [1789391509.278726682]: Subscribing to /pose_provider/agv2/fusion_timing
[INFO] [1789391509.279688235]: Subscribing to /pose_provider/agv3/base_motion_fused
[INFO] [1789391509.281279253]: Subscribing to /pose_provider/agv3/base_pose_filtered
[INFO] [1789391509.282277819]: Subscribing to /pose_provider/agv3/base_pose_fused
[INFO] [1789391509.283288774]: Subscribing to /pose_provider/agv3/base_pose_raw
[INFO] [1789391509.284316279]: Subscribing to /pose_provider/agv3/estimator_timing
[INFO] [1789391509.285188106]: Subscribing to /pose_provider/agv3/fusion_timing
[INFO] [1789391509.286365505]: Subscribing to /pose_provider/load/pose_filtered
[INFO] [1789391509.287327586]: Subscribing to /pose_provider/load/pose_raw
[INFO] [1789391509.288629410]: Subscribing to /vision/aruco/calibration_epoch
[INFO] [1789391509.290181239]: Recording to '/home/etlab/AGV_ROS/.worktrees/platform-foundation-linux/experiment_data/exp2c_v5b_yaw_effectiveness_hold_exploration/EFFECT_EXPLORATION_ONLY_NOT_FORMAL_PAPER_EVIDENCE_20260914_S1_complete/S1_gamma0p20_down0p6_hold2p5_up0p6_R10/M1b_R1/M1b_R1.bag'.
[INFO] [1789391509.328460]: Experiment recording armed after all required subscriptions connected: run_id=M1b_R1 bag=/home/etlab/AGV_ROS/.worktrees/platform-foundation-linux/experiment_data/exp2c_v5b_yaw_effectiveness_hold_exploration/EFFECT_EXPLORATION_ONLY_NOT_FORMAL_PAPER_EVIDENCE_20260914_S1_complete/S1_gamma0p20_down0p6_hold2p5_up0p6_R10/M1b_R1/M1b_R1.bag
[31m================================================================================REQUIRED process [experiment_recorder-1] has died!
process has finished cleanly
log file: /home/etlab/.ros/log/d6b3c9f2-b03d-11f1-a6c1-018a5f4a331b/experiment_recorder-1*.log
Initiating shutdown!
================================================================================[0m
... logging to /home/etlab/.ros/log/d6b3c9f2-b03d-11f1-a6c1-018a5f4a331b/roslaunch-robot1-56512.log
Checking log directory for disk usage. This may take a while.
Press Ctrl-C to interrupt
Done checking log file disk usage. Usage is <1GB.
]2;/home/etlab/AGV_ROS/.worktrees/platform-foundation-linux/src/multi_agv_bringup/launch/experiment.launch
[1mstarted roslaunch server http://127.0.0.1:46645/[0m

SUMMARY
========

PARAMETERS
 * /agv1/capability_report: 90.0
 * /agv1/chassis_command: 90.0
 * /agv1/chassis_feedback: 90.0
 * /agv1/imu: 90.0
 * /agv1/odom: 90.0
 * /agv2/capability_report: 90.0
 * /agv2/chassis_command: 90.0
 * /agv2/chassis_feedback: 90.0
 * /agv2/imu: 90.0
 * /agv2/odom: 90.0
 * /agv3/capability_report: 90.0
 * /agv3/chassis_command: 90.0
 * /agv3/chassis_feedback: 90.0
 * /agv3/imu: 90.0
 * /agv3/odom: 90.0
 * /experiment_recorder/approval_id: 
 * /experiment_recorder/approval_registry: /home/etlab/AGV_R...
 * /experiment_recorder/arming_authorized: True
 * /experiment_recorder/camera_config_files: ['/home/etlab/AGV...
 * /experiment_recorder/camera_mode: False
 * /experiment_recorder/config_files: ['/home/etlab/AGV...
 * /experiment_recorder/connection_wait_seconds: 5.0
 * /experiment_recorder/experiment_id: exp2c_v5b_yaw_eff...
 * /experiment_recorder/experiment_recording/camera_calibration_epoch_required: True
 * /experiment_recorder/experiment_recording/camera_required_topics: ['/vision/aruco/c...
 * /experiment_recorder/experiment_recording/camera_virtual_load_required_topics: ['/vision/aruco/c...
 * /experiment_recorder/experiment_recording/fused_required_topics: ['/pose_provider/...
 * /experiment_recorder/experiment_recording/localization_exclusion/maximum_consecutive_invalid_seconds: 0.1
 * /experiment_recorder/experiment_recording/localization_exclusion/maximum_invalid_fraction: 0.01
 * /experiment_recorder/experiment_recording/maximum_camera_calibration_epoch_changes: 0
 * /experiment_recorder/experiment_recording/method_required_topics/M1_R1: ['/multi_agv/expe...
 * /experiment_recorder/experiment_recording/method_required_topics/M1b_R1: ['/multi_agv/expe...
 * /experiment_recorder/experiment_recording/method_required_topics/M2a_R1: ['/multi_agv/expe...
 * /experiment_recorder/experiment_recording/method_required_topics/M2b_M2b: ['/multi_agv/m2b_...
 * /experiment_recorder/experiment_recording/recommended_topics: ['/multi_agv/expe...
 * /experiment_recorder/experiment_recording/registered_method_ids: ['M1_R1', 'M1b_R1...
 * /experiment_recorder/experiment_recording/required_topics: ['/agv1/chassis_c...
 * /experiment_recorder/experiment_recording/sample_period: 0.01
 * /experiment_recorder/experiment_recording/sequence_rules: [{'file': 'chassi...
 * /experiment_recorder/experiment_recording/topics: ['/agv1/chassis_c...
 * /experiment_recorder/formal_statistics_requested: False
 * /experiment_recorder/interface_version: agv_ros_interface...
 * /experiment_recorder/localization_source: odom_fake
 * /experiment_recorder/measured_payload_pose_topic: /pose_provider/lo...
 * /experiment_recorder/method_id: M1b_R1
 * /experiment_recorder/metrics/evaluation_target: 5.17822971502571
 * /experiment_recorder/metrics/nominal_agv2_capability: 0.0
 * /experiment_recorder/metrics/nominal_common_velocity: 0.1
 * /experiment_recorder/operator: 
 * /experiment_recorder/output_root: /home/etlab/AGV_R...
 * /experiment_recorder/pair_block_id: S1_gamma0p20_down...
 * /experiment_recorder/path_version: s_curve_v1
 * /experiment_recorder/payload_pose_source: equivalent_load
 * /experiment_recorder/payload_state: unloaded
 * /experiment_recorder/preflight_wait_seconds: 15.0
 * /experiment_recorder/require_approved_config: False
 * /experiment_recorder/require_windows_sender_manifest: False
 * /experiment_recorder/run_id: M1b_R1
 * /experiment_recorder/virtual_load_from_robots: False
 * /experiment_recorder/wheel_speed_scale_freeze_id: 
 * /experiment_recorder/workspace: /home/etlab/AGV_R...
 * /multi_agv/controller_state: 90.0
 * /multi_agv/cooperative_state: 90.0
 * /multi_agv/formal_algorithm_state: 90.0
 * /multi_agv/m2b_algorithm_state: 90.0
 * /multi_agv/path_reference: 90.0
 * /rosdistro: noetic
 * /rosversion: 1.17.0

NODES
  /
    experiment_recorder (multi_agv_analysis/record_experiment.py)

[1mROS_MASTER_URI=http://127.0.0.1:11647[0m
]2;/home/etlab/AGV_ROS/.worktrees/platform-foundation-linux/src/multi_agv_bringup/launch/experiment.launch http://127.0.0.1:11647
[1mprocess[experiment_recorder-1]: started with pid [56571][0m
[experiment_recorder-1] killing on exit
shutting down processing monitor...
... shutting down processing monitor complete
[1mdone[0m
