[INFO] [1789530280.250850770]: Subscribing to /agv1/capability_report
[INFO] [1789530280.251854100]: Subscribing to /agv1/chassis_command
[INFO] [1789530280.252422467]: Subscribing to /agv1/chassis_feedback
[INFO] [1789530280.253350812]: Subscribing to /agv1/derating_command
[INFO] [1789530280.254281038]: Subscribing to /agv1/imu
[INFO] [1789530280.254884504]: Subscribing to /agv1/odom
[INFO] [1789530280.255761379]: Subscribing to /agv2/capability_report
[INFO] [1789530280.256344643]: Subscribing to /agv2/chassis_command
[INFO] [1789530280.256916463]: Subscribing to /agv2/chassis_feedback
[INFO] [1789530280.257481948]: Subscribing to /agv2/derating_command
[INFO] [1789530280.258073493]: Subscribing to /agv2/imu
[INFO] [1789530280.258919011]: Subscribing to /agv2/odom
[INFO] [1789530280.259509852]: Subscribing to /agv3/capability_report
[INFO] [1789530280.260067387]: Subscribing to /agv3/chassis_command
[INFO] [1789530280.260612393]: Subscribing to /agv3/chassis_feedback
[INFO] [1789530280.261166594]: Subscribing to /agv3/derating_command
[INFO] [1789530280.261751053]: Subscribing to /agv3/imu
[INFO] [1789530280.262298813]: Subscribing to /agv3/odom
[INFO] [1789530280.262840636]: Subscribing to /camera/world/agv1_confidence
[INFO] [1789530280.263987245]: Subscribing to /camera/world/agv1_tag_pose
[INFO] [1789530280.264542121]: Subscribing to /camera/world/agv2_confidence
[INFO] [1789530280.265135821]: Subscribing to /camera/world/agv2_tag_pose
[INFO] [1789530280.265701186]: Subscribing to /camera/world/agv3_confidence
[INFO] [1789530280.266236882]: Subscribing to /camera/world/agv3_tag_pose
[INFO] [1789530280.266768243]: Subscribing to /camera/world/load_confidence
[INFO] [1789530280.267310687]: Subscribing to /camera/world/load_tag_pose
[INFO] [1789530280.267844976]: Subscribing to /experiment_recorder/armed
[INFO] [1789530280.268396388]: Subscribing to /experiment_recorder/method_id
[INFO] [1789530280.269266689]: Subscribing to /multi_agv/candidate_B_spatial_composite_state
[INFO] [1789530280.269898701]: Subscribing to /multi_agv/controller_state
[INFO] [1789530280.270478151]: Subscribing to /multi_agv/cooperative_state
[INFO] [1789530280.271088650]: Subscribing to /multi_agv/experiment_state
[INFO] [1789530280.271660527]: Subscribing to /multi_agv/formal_algorithm_state
[INFO] [1789530280.272337706]: Subscribing to /multi_agv/formal_execution_limiter_state
[INFO] [1789530280.272946959]: Subscribing to /multi_agv/m2b_algorithm_state
[INFO] [1789530280.273935411]: Subscribing to /multi_agv/path_reference
[INFO] [1789530280.274504294]: Subscribing to /multi_agv/risk_disturbance_state
[INFO] [1789530280.275073334]: Subscribing to /multi_agv/software_watchdog_diagnostics
[INFO] [1789530280.275621839]: Subscribing to /multi_agv/software_watchdog_ok
[INFO] [1789530280.276171237]: Subscribing to /multi_agv/state_projection_timing
[INFO] [1789530280.276726276]: Subscribing to /multi_agv/v5_exploration_quality_state
[INFO] [1789530280.277344478]: Subscribing to /multi_agv/yaw_drive_disturbance_state
[INFO] [1789530280.277972346]: Subscribing to /pose_provider/agv1/base_motion_fused
[INFO] [1789530280.278860059]: Subscribing to /pose_provider/agv1/base_pose_filtered
[INFO] [1789530280.279459231]: Subscribing to /pose_provider/agv1/base_pose_fused
[INFO] [1789530280.280005910]: Subscribing to /pose_provider/agv1/base_pose_raw
[INFO] [1789530280.280544366]: Subscribing to /pose_provider/agv1/estimator_timing
[INFO] [1789530280.281112379]: Subscribing to /pose_provider/agv1/fusion_timing
[INFO] [1789530280.281682734]: Subscribing to /pose_provider/agv2/base_motion_fused
[INFO] [1789530280.282236944]: Subscribing to /pose_provider/agv2/base_pose_filtered
[INFO] [1789530280.282772258]: Subscribing to /pose_provider/agv2/base_pose_fused
[INFO] [1789530280.283628875]: Subscribing to /pose_provider/agv2/base_pose_raw
[INFO] [1789530280.284199871]: Subscribing to /pose_provider/agv2/estimator_timing
[INFO] [1789530280.284780471]: Subscribing to /pose_provider/agv2/fusion_timing
[INFO] [1789530280.285329128]: Subscribing to /pose_provider/agv3/base_motion_fused
[INFO] [1789530280.285890939]: Subscribing to /pose_provider/agv3/base_pose_filtered
[INFO] [1789530280.286445399]: Subscribing to /pose_provider/agv3/base_pose_fused
[INFO] [1789530280.286985684]: Subscribing to /pose_provider/agv3/base_pose_raw
[INFO] [1789530280.287545424]: Subscribing to /pose_provider/agv3/estimator_timing
[INFO] [1789530280.288082636]: Subscribing to /pose_provider/agv3/fusion_timing
[INFO] [1789530280.288990362]: Subscribing to /pose_provider/load/pose_filtered
[INFO] [1789530280.289554560]: Subscribing to /pose_provider/load/pose_raw
[INFO] [1789530280.290109609]: Subscribing to /vision/aruco/calibration_epoch
[INFO] [1789530280.290854370]: Recording to '/home/etlab/AGV_ROS/.worktrees/platform-foundation-linux/experiment_data/candidate_B_spatial_composite_fake/CANDIDATE_B_SPATIAL_COMPOSITE_RHO0P85_AV0P020_20260916_114342/M1b_R1/run/run.bag'.
[INFO] [1789530280.311694]: Experiment recording armed after all required subscriptions connected: run_id=run bag=/home/etlab/AGV_ROS/.worktrees/platform-foundation-linux/experiment_data/candidate_B_spatial_composite_fake/CANDIDATE_B_SPATIAL_COMPOSITE_RHO0P85_AV0P020_20260916_114342/M1b_R1/run/run.bag
[31m================================================================================REQUIRED process [experiment_recorder-1] has died!
process has finished cleanly
log file: /home/etlab/.ros/log/f0c8d898-b180-11f1-96b7-9bd5854e01a8/experiment_recorder-1*.log
Initiating shutdown!
================================================================================[0m
... logging to /home/etlab/.ros/log/f0c8d898-b180-11f1-96b7-9bd5854e01a8/roslaunch-robot3-15904.log
Checking log directory for disk usage. This may take a while.
Press Ctrl-C to interrupt
Done checking log file disk usage. Usage is <1GB.
]2;/home/etlab/AGV_ROS/.worktrees/platform-foundation-linux/src/multi_agv_bringup/launch/experiment.launch
[1mstarted roslaunch server http://127.0.0.1:35163/[0m

SUMMARY
========

PARAMETERS
 * /agv1/capability_report: 90.0
 * /agv1/chassis_command: 90.0
 * /agv1/chassis_feedback: 90.0
 * /agv1/imu: 90.0
 * /agv1/odom: 90.0
 * /agv2/capability_report: 90.0
 * /agv2/chassis_command: 90.0
 * /agv2/chassis_feedback: 90.0
 * /agv2/imu: 90.0
 * /agv2/odom: 90.0
 * /agv3/capability_report: 90.0
 * /agv3/chassis_command: 90.0
 * /agv3/chassis_feedback: 90.0
 * /agv3/imu: 90.0
 * /agv3/odom: 90.0
 * /experiment_recorder/approval_id: 
 * /experiment_recorder/approval_registry: /home/etlab/AGV_R...
 * /experiment_recorder/arming_authorized: True
 * /experiment_recorder/camera_config_files: ['/home/etlab/AGV...
 * /experiment_recorder/camera_mode: False
 * /experiment_recorder/config_files: ['/home/etlab/AGV...
 * /experiment_recorder/connection_wait_seconds: 5.0
 * /experiment_recorder/experiment_id: candidate_B_spati...
 * /experiment_recorder/experiment_recording/camera_calibration_epoch_required: True
 * /experiment_recorder/experiment_recording/camera_required_topics: ['/vision/aruco/c...
 * /experiment_recorder/experiment_recording/camera_virtual_load_required_topics: ['/vision/aruco/c...
 * /experiment_recorder/experiment_recording/fused_required_topics: ['/pose_provider/...
 * /experiment_recorder/experiment_recording/localization_exclusion/maximum_consecutive_invalid_seconds: 0.1
 * /experiment_recorder/experiment_recording/localization_exclusion/maximum_invalid_fraction: 0.01
 * /experiment_recorder/experiment_recording/maximum_camera_calibration_epoch_changes: 0
 * /experiment_recorder/experiment_recording/method_required_topics/M1_R1: ['/multi_agv/expe...
 * /experiment_recorder/experiment_recording/method_required_topics/M1b_R1: ['/multi_agv/expe...
 * /experiment_recorder/experiment_recording/method_required_topics/M2a_R1: ['/multi_agv/expe...
 * /experiment_recorder/experiment_recording/method_required_topics/M2b_M2b: ['/multi_agv/m2b_...
 * /experiment_recorder/experiment_recording/recommended_topics: ['/multi_agv/expe...
 * /experiment_recorder/experiment_recording/registered_method_ids: ['M1_R1', 'M1b_R1...
 * /experiment_recorder/experiment_recording/required_topics: ['/agv1/chassis_c...
 * /experiment_recorder/experiment_recording/sample_period: 0.01
 * /experiment_recorder/experiment_recording/sequence_rules: [{'file': 'chassi...
 * /experiment_recorder/experiment_recording/topics: ['/agv1/chassis_c...
 * /experiment_recorder/formal_statistics_requested: False
 * /experiment_recorder/interface_version: agv_ros_interface...
 * /experiment_recorder/localization_source: odom_fake
 * /experiment_recorder/measured_payload_pose_topic: /pose_provider/lo...
 * /experiment_recorder/method_id: M1b_R1
 * /experiment_recorder/metrics/evaluation_target: 5.17822971502571
 * /experiment_recorder/metrics/nominal_agv2_capability: 0.0
 * /experiment_recorder/metrics/nominal_common_velocity: 0.1
 * /experiment_recorder/operator: 
 * /experiment_recorder/output_root: /home/etlab/AGV_R...
 * /experiment_recorder/pair_block_id: Triad01
 * /experiment_recorder/path_version: s_curve_v1
 * /experiment_recorder/payload_pose_source: equivalent_load
 * /experiment_recorder/payload_state: unloaded
 * /experiment_recorder/preflight_wait_seconds: 15.0
 * /experiment_recorder/record_classic_additive_physical: False
 * /experiment_recorder/require_approved_config: False
 * /experiment_recorder/require_windows_sender_manifest: False
 * /experiment_recorder/run_id: run
 * /experiment_recorder/virtual_load_from_robots: False
 * /experiment_recorder/wheel_speed_scale_freeze_id: 
 * /experiment_recorder/workspace: /home/etlab/AGV_R...
 * /multi_agv/controller_state: 90.0
 * /multi_agv/cooperative_state: 90.0
 * /multi_agv/formal_algorithm_state: 90.0
 * /multi_agv/m2b_algorithm_state: 90.0
 * /multi_agv/path_reference: 90.0
 * /rosdistro: noetic
 * /rosversion: 1.17.4

NODES
  /
    experiment_recorder (multi_agv_analysis/record_experiment.py)

[1mROS_MASTER_URI=http://127.0.0.1:11710[0m
]2;/home/etlab/AGV_ROS/.worktrees/platform-foundation-linux/src/multi_agv_bringup/launch/experiment.launch http://127.0.0.1:11710
[1mprocess[experiment_recorder-1]: started with pid [15945][0m
[experiment_recorder-1] killing on exit
shutting down processing monitor...
... shutting down processing monitor complete
[1mdone[0m
