... logging to /home/etlab/.ros/log/c3365002-b01f-11f1-a6c1-018a5f4a331b/roslaunch-robot1-8029.log
Checking log directory for disk usage. This may take a while.
Press Ctrl-C to interrupt
Done checking log file disk usage. Usage is <1GB.
]2;roscore
[1mstarted roslaunch server http://127.0.0.1:39815/[0m
ros_comm version 1.17.0


SUMMARY
========

PARAMETERS
 * /rosdistro: noetic
 * /rosversion: 1.17.0

NODES

auto-starting new master
[1mprocess[master]: started with pid [8065][0m
[1mROS_MASTER_URI=http://127.0.0.1:11643/[0m
]2;roscore http://127.0.0.1:11643/
[1msetting /run_id to c3365002-b01f-11f1-a6c1-018a5f4a331b[0m
[1mprocess[rosout-1]: started with pid [8098][0m
started core service [/rosout]
[rosout-1] killing on exit
[master] killing on exit
shutting down processing monitor...
... shutting down processing monitor complete
[1mdone[0m
