ROS_IP=192.168.6.101
ROS_MASTER_URI=http://192.168.6.101:11311
Reference ID    : 2ADADAFE (prod-ntp-5.ntp1.ps5.canonical.com)
System time     : 0.002865907 seconds fast of NTP time
Last offset     : +0.001323998 seconds
Leap status     : Normal
EXPERIMENT_METHOD=M1_PaperNM upper=M1 lower=PaperNM
SHARED_CONDITION=R0.7_CW_SMOOTH_EXIT speed=0.10m/s target=5.178229715025710m
ROBOT2_DERATING=disabled
... logging to /home/etlab/.ros/log/f64ecbb8-b286-11f1-86c1-6f8dd462119e/roslaunch-robot1-71664.log
Checking log directory for disk usage. This may take a while.
Press Ctrl-C to interrupt
]2;/home/etlab/AGV_ROS/.worktrees/platform-foundation-linux/src/multi_agv_bringup/launch/camera_fused_virtual_load_state_estimator.launch
[1mstarted roslaunch server http://192.168.6.101:38347/[0m

SUMMARY
========

PARAMETERS
 * /path_state_estimator/auto_anchor_from_robot_poses: True
 * /path_state_estimator/camera_adapter/calibration_authorized: False
 * /path_state_estimator/camera_adapter/extrinsics_frozen: True
 * /path_state_estimator/camera_adapter/filter_alpha: 0.7
 * /path_state_estimator/camera_adapter/maximum_future_offset: 0.02
 * /path_state_estimator/camera_adapter/maximum_input_age: 0.15
 * /path_state_estimator/camera_adapter/minimum_confidence: 0.5
 * /path_state_estimator/camera_adapter/require_calibration_epoch: True
 * /path_state_estimator/camera_adapter/require_confidence: True
 * /path_state_estimator/camera_adapter/streams: [{'entity_id': 'a...
 * /path_state_estimator/camera_adapter/world_frame: world
 * /path_state_estimator/configuration_status: unloaded_paired_p...
 * /path_state_estimator/derive_virtual_load_from_robots: True
 * /path_state_estimator/estimator/filter_alpha: 0.9
 * /path_state_estimator/estimator/initial_progress: 0.0
 * /path_state_estimator/estimator/maximum_absolute_speed: 0.5
 * /path_state_estimator/estimator/maximum_measurement_interval: 0.2
 * /path_state_estimator/estimator/maximum_position_correction: 0.025
 * /path_state_estimator/estimator/minimum_measurement_interval: 1e-05
 * /path_state_estimator/estimator/projection_half_window: 0.35
 * /path_state_estimator/formal_fake_runtime/capability_reserve/body_angular_velocity: 0.0
 * /path_state_estimator/formal_fake_runtime/capability_reserve/body_linear_velocity: 0.0
 * /path_state_estimator/formal_fake_runtime/capability_reserve/path_acceleration: 0.0
 * /path_state_estimator/formal_fake_runtime/capability_reserve/path_deceleration: 0.0
 * /path_state_estimator/formal_fake_runtime/capability_reserve/wheel_linear_velocity: 0.0
 * /path_state_estimator/formal_fake_runtime/command_publication_authorized: False
 * /path_state_estimator/formal_fake_runtime/configuration_status: LOWER_CONSTRAINT_...
 * /path_state_estimator/formal_fake_runtime/confirm_test_area_clear: False
 * /path_state_estimator/formal_fake_runtime/confirm_unloaded_30cm_fixture: False
 * /path_state_estimator/formal_fake_runtime/confirm_wheels_on_floor: False
 * /path_state_estimator/formal_fake_runtime/distributed_initial/auxiliary: [0.0, 0.0, 0.0]
 * /path_state_estimator/formal_fake_runtime/distributed_initial/position: [0.0, 0.0, 0.0]
 * /path_state_estimator/formal_fake_runtime/distributed_initial/velocity: [0.1, 0.1, 0.1]
 * /path_state_estimator/formal_fake_runtime/emergency_abort_limit: 0.18
 * /path_state_estimator/formal_fake_runtime/execution/align_progress_to_initial_pose: False
 * /path_state_estimator/formal_fake_runtime/execution/emergency_abort_persistence_seconds: 0.1
 * /path_state_estimator/formal_fake_runtime/execution/initialization_hold_seconds: 0.3
 * /path_state_estimator/formal_fake_runtime/execution/initialization_max_wheel_speed: 0.015
 * /path_state_estimator/formal_fake_runtime/execution/startup_catchup_margin_mps: 0.008
 * /path_state_estimator/formal_fake_runtime/execution/startup_early_rise: 0.6
 * /path_state_estimator/formal_fake_runtime/execution/startup_feedback_ramp_seconds: 1.2
 * /path_state_estimator/formal_fake_runtime/execution/startup_ramp_seconds: 4.0
 * /path_state_estimator/formal_fake_runtime/execution/transient_capability_hold_seconds: 0.4
 * /path_state_estimator/formal_fake_runtime/execution/transient_feedback_hold_seconds: 0.1
 * /path_state_estimator/formal_fake_runtime/execution/transient_state_hold_seconds: 0.08
 * /path_state_estimator/formal_fake_runtime/experiment_id: lower_layer_const...
 * /path_state_estimator/formal_fake_runtime/initial_progress: 0.0
 * /path_state_estimator/formal_fake_runtime/leader/acceleration: 0.0
 * /path_state_estimator/formal_fake_runtime/leader/initial_position: 0.0
 * /path_state_estimator/formal_fake_runtime/leader/velocity: 0.1
 * /path_state_estimator/formal_fake_runtime/lower/initial_disturbance_estimate: 0.08
 * /path_state_estimator/formal_fake_runtime/lower/initial_parameter: [0.0, 0.0]
 * /path_state_estimator/formal_fake_runtime/lower/velocity_lower_bound: -0.05
 * /path_state_estimator/formal_fake_runtime/lower/velocity_upper_bound: 0.14
 * /path_state_estimator/formal_fake_runtime/maximum_capability_age: 0.25
 * /path_state_estimator/formal_fake_runtime/maximum_feedback_age: 0.25
 * /path_state_estimator/formal_fake_runtime/maximum_recorder_armed_age: 0.5
 * /path_state_estimator/formal_fake_runtime/maximum_state_age: 0.22
 * /path_state_estimator/formal_fake_runtime/minimum_battery_voltage: 9.5
 * /path_state_estimator/formal_fake_runtime/minimum_battery_voltage_duration: 0.5
 * /path_state_estimator/formal_fake_runtime/publish_rate: 100.0
 * /path_state_estimator/formal_fake_runtime/require_recorder_armed: True
 * /path_state_estimator/formal_fake_runtime/require_valid_load_state: True
 * /path_state_estimator/formal_fake_runtime/risk/capability_reserve: 0.005
 * /path_state_estimator/formal_fake_runtime/risk/capability_safe_margin: 0.01
 * /path_state_estimator/formal_fake_runtime/risk/input_safe_margin: 0.4
 * /path_state_estimator/formal_fake_runtime/risk/maximum_watchdog_age: 0.25
 * /path_state_estimator/formal_fake_runtime/risk/position_limit: 0.12
 * /path_state_estimator/formal_fake_runtime/risk/position_safe_margin: 0.06
 * /path_state_estimator/formal_fake_runtime/risk/require_software_watchdog: False
 * /path_state_estimator/formal_fake_runtime/risk/wheel_safe_margin: 0.01
 * /path_state_estimator/formal_fake_runtime/schema_version: 1
 * /path_state_estimator/formal_fake_runtime/serial_execution_authorized: True
 * /path_state_estimator/formal_fake_runtime/target_progress: 5.17822971502571
 * /path_state_estimator/formal_fake_runtime/tracker/angular_feedforward_scale_negative: [0.94, 0.95122187...
 * /path_state_estimator/formal_fake_runtime/tracker/angular_feedforward_scale_positive: [0.78, 0.78081021...
 * /path_state_estimator/formal_fake_runtime/tracker/base_to_support: [{'x': -0.01783, ...
 * /path_state_estimator/formal_fake_runtime/tracker/chassis_reference_samples: 10001
 * /path_state_estimator/formal_fake_runtime/tracker/curvature_preview_seconds_negative: [0.05, 0.0, 0.05]
 * /path_state_estimator/formal_fake_runtime/tracker/curvature_preview_seconds_positive: [0.05, 0.0, 0.05]
 * /path_state_estimator/formal_fake_runtime/tracker/formation_heading_gain: 0.7
 * /path_state_estimator/formal_fake_runtime/tracker/formation_lateral_gain: 0.85
 * /path_state_estimator/formal_fake_runtime/tracker/formation_longitudinal_gain: 0.25
 * /path_state_estimator/formal_fake_runtime/tracker/heading_gain: 2.0
 * /path_state_estimator/formal_fake_runtime/tracker/heading_gain_per_robot: [3.5, 3.0, 3.0]
 * /path_state_estimator/formal_fake_runtime/tracker/lateral_gain: 2.0
 * /path_state_estimator/formal_fake_runtime/tracker/lateral_gain_per_robot: [4.8, 3.4, 4.0]
 * /path_state_estimator/formal_fake_runtime/tracker/longitudinal_gain: 1.0
 * /path_state_estimator/formal_fake_runtime/tracker/longitudinal_gain_per_robot: [1.0, 1.0, 1.0]
 * /path_state_estimator/formal_fake_runtime/tracker/wheel_separation: [0.135484339, 0.1...
 * /path_state_estimator/hardware_execution_authorized: True
 * /path_state_estimator/load_pose_topic: /pose_provider/lo...
 * /path_state_estimator/localization_mode: fused
 * /path_state_estimator/maximum_load_path_transient_hold: 0.05
 * /path_state_estimator/maximum_motion_projection_seconds: 0.12
 * /path_state_estimator/maximum_rigid_fit_residual: 0.025
 * /path_state_estimator/maximum_robot_path_transient_hold: 0.05
 * /path_state_estimator/maximum_runtime_rigid_fit_residual: 0.08
 * /path_state_estimator/maximum_state_age: 0.22
 * /path_state_estimator/maximum_sync_slop: 0.02
 * /path_state_estimator/maximum_synchronized_snapshot_hold: 0.2
 * /path_state_estimator/output_frame: three_car_path
 * /path_state_estimator/path_s_curve/amplitude: 0.0
 * /path_state_estimator/path_s_curve/circle_direction: -1.0
 * /path_state_estimator/path_s_curve/circle_radius: 0.7
 * /path_state_estimator/path_s_curve/configuration_status: frozen_m1_r1_circ...
 * /path_state_estimator/path_s_curve/curvature_ramp_length: 0.4
 * /path_state_estimator/path_s_curve/entry_straight_length: 0.2
 * /path_state_estimator/path_s_curve/exit_straight_length: 0.18
 * /path_state_estimator/path_s_curve/hardware_execution_authorized: False
 * /path_state_estimator/path_s_curve/longitudinal_length: 4.99822971502571
 * /path_state_estimator/path_s_curve/lookup_samples: 60001
 * /path_state_estimator/path_s_curve/model: circle_smooth_ent...
 * /path_state_estimator/path_s_curve/schema_version: 1
 * /path_state_estimator/projector/coarse_samples: 81
 * /path_state_estimator/projector/convergence_tolerance: 1e-09
 * /path_state_estimator/projector/maximum_projection_distance: 0.15
 * /path_state_estimator/projector/maximum_refinement_iterations: 48
 * /path_state_estimator/publish_rate: 100.0
 * /path_state_estimator/require_calibration_epoch: True
 * /path_state_estimator/robots: [{'robot_id': 'ag...
 * /path_state_estimator/runtime_rigid_fit_confirmation_seconds: 0.2
 * /path_state_estimator/signed_start_extension: 0.025
 * /path_state_estimator/support_geometry/configuration_status: unloaded_equilate...
 * /path_state_estimator/support_geometry/coordinate_convention: load_path_frenet_...
 * /path_state_estimator/support_geometry/hardware_execution_authorized: False
 * /path_state_estimator/support_geometry/minimum_nondegeneracy: 0.2
 * /path_state_estimator/support_geometry/minimum_speed_scale: 0.2
 * /path_state_estimator/support_geometry/schema_version: 1
 * /path_state_estimator/support_geometry/supports: [{'robot_id': 'ag...
 * /path_state_estimator/support_geometry/validation_samples: 10001
 * /path_state_estimator/synchronization_queue_size: 64
 * /path_state_estimator/use_fused_motion_velocity: True
 * /rosdistro: noetic
 * /rosversion: 1.17.0

NODES
  /
    path_state_estimator (multi_agv_control/path_state_estimator_node)
[33m[WARN] [1789642867.805345407]: No synchronized camera-fused three-robot snapshot (slop=0.020000 s)[0m
[INFO] [1789642868.543512]: Observing the read-only three-car graph for 5.00 seconds
[INFO] [1789642873.552236]: agv1/odom: 499 samples, 100.01 Hz
[INFO] [1789642873.552937]: agv1/chassis_feedback: 499 samples, 100.01 Hz
[INFO] [1789642873.553469]: agv1/capability_report: 499 samples, 100.01 Hz
[INFO] [1789642873.554315]: agv1 STM32 serial feedback age: 0.011085 s, packet_seq 1209896 -> 1211140
[INFO] [1789642873.554806]: agv2/odom: 500 samples, 100.04 Hz
[INFO] [1789642873.555237]: agv2/chassis_feedback: 500 samples, 100.04 Hz
[INFO] [1789642873.555903]: agv2/capability_report: 500 samples, 100.04 Hz
[INFO] [1789642873.556788]: agv2 STM32 serial feedback age: 0.010422 s, packet_seq 1209250 -> 1210498
[INFO] [1789642873.557294]: agv3/odom: 500 samples, 100.08 Hz
[INFO] [1789642873.557748]: agv3/chassis_feedback: 500 samples, 100.07 Hz
[INFO] [1789642873.558199]: agv3/capability_report: 500 samples, 100.07 Hz
[INFO] [1789642873.559024]: agv3 STM32 serial feedback age: 0.010084 s, packet_seq 3214808 -> 3216056
[INFO] [1789642873.559530]: multi_agv/cooperative_state: 501 samples, 100.00 Hz
[INFO] [1789642873.559994]: cooperative validity robot=[True, True, True] support=[True, True, True] path=[True, True, True] load_pose=True load_path=True
[INFO] [1789642873.561506]: cooperative odometry stamp spread: latest 0.002543 s, maximum observed 0.005733 s over 450 samples
[INFO] [1789642873.561993]: THREE-CAR READ-ONLY GATE: PASSED
[INFO] [1789642873.562450]: Topology-only pass: motion remains prohibited until a second pass with --require-valid-state
... logging to /home/etlab/.ros/log/f64ecbb8-b286-11f1-86c1-6f8dd462119e/roslaunch-robot1-71813.log
Checking log directory for disk usage. This may take a while.
Press Ctrl-C to interrupt
]2;/home/etlab/AGV_ROS/.worktrees/platform-foundation-linux/src/multi_agv_bringup/launch/formal_serial_m1_r1.launch
[1mstarted roslaunch server http://192.168.6.101:35807/[0m

SUMMARY
========

CLEAR PARAMETERS
 * /formal_algorithm/

PARAMETERS
 * /formal_algorithm/authorization_scope/authorization_source: explicit_operator...
 * /formal_algorithm/authorization_scope/condition_id: constraint_approa...
 * /formal_algorithm/authorization_scope/evaluation_config: src/multi_agv_bri...
 * /formal_algorithm/authorization_scope/experiment_id: lower_layer_const...
 * /formal_algorithm/authorization_scope/lower_config: src/multi_agv_bri...
 * /formal_algorithm/authorization_scope/path_config: src/multi_agv_bri...
 * /formal_algorithm/authorization_scope/robot2_derating: False
 * /formal_algorithm/authorization_scope/runtime_config: src/multi_agv_bri...
 * /formal_algorithm/authorization_scope/target_progress: 5.17822971502571
 * /formal_algorithm/authorization_scope/upper_config: src/multi_agv_bri...
 * /formal_algorithm/estimator/filter_alpha: 0.9
 * /formal_algorithm/formal_fake_runtime/candidate_b_spatial_composite/enabled: False
 * /formal_algorithm/formal_fake_runtime/candidate_b_spatial_physical/enabled: False
 * /formal_algorithm/formal_fake_runtime/candidate_b_spatial_physical/hardware_execution_authorized: False
 * /formal_algorithm/formal_fake_runtime/capability_reserve/body_angular_velocity: 0.0
 * /formal_algorithm/formal_fake_runtime/capability_reserve/body_linear_velocity: 0.0
 * /formal_algorithm/formal_fake_runtime/capability_reserve/path_acceleration: 0.0
 * /formal_algorithm/formal_fake_runtime/capability_reserve/path_deceleration: 0.0
 * /formal_algorithm/formal_fake_runtime/capability_reserve/wheel_linear_velocity: 0.0
 * /formal_algorithm/formal_fake_runtime/classic_additive_candidate_A/angular_amplitude: 0.35
 * /formal_algorithm/formal_fake_runtime/classic_additive_candidate_A/angular_frequency: 1.0
 * /formal_algorithm/formal_fake_runtime/classic_additive_candidate_A/angular_phase: 1.5707963267948966
 * /formal_algorithm/formal_fake_runtime/classic_additive_candidate_A/duration: 8.0
 * /formal_algorithm/formal_fake_runtime/classic_additive_candidate_A/enabled: False
 * /formal_algorithm/formal_fake_runtime/classic_additive_candidate_A/linear_amplitude: 0.03
 * /formal_algorithm/formal_fake_runtime/classic_additive_candidate_A/linear_frequency: 1.0
 * /formal_algorithm/formal_fake_runtime/classic_additive_candidate_A/ramp_in: 0.5
 * /formal_algorithm/formal_fake_runtime/classic_additive_candidate_A/ramp_out: 0.5
 * /formal_algorithm/formal_fake_runtime/classic_additive_candidate_A/trigger_progress: 2.0
 * /formal_algorithm/formal_fake_runtime/classic_additive_physical/allowed_scales: [0.25, 0.5, 0.75,...
 * /formal_algorithm/formal_fake_runtime/classic_additive_physical/enabled: False
 * /formal_algorithm/formal_fake_runtime/classic_additive_physical/experiment_id: classic_additive_...
 * /formal_algorithm/formal_fake_runtime/classic_additive_physical/hardware_execution_authorized: True
 * /formal_algorithm/formal_fake_runtime/classic_additive_physical/m2b_physical_authorized: True
 * /formal_algorithm/formal_fake_runtime/classic_additive_physical/maximum_qualified_scale: 1.0
 * /formal_algorithm/formal_fake_runtime/classic_additive_physical/qualification_scale: 0.25
 * /formal_algorithm/formal_fake_runtime/classic_additive_physical/qualification_status: ALL_FROZEN_LEVELS...
 * /formal_algorithm/formal_fake_runtime/classic_additive_physical/target_robot_id: 2
 * /formal_algorithm/formal_fake_runtime/command_publication_authorized: True
 * /formal_algorithm/formal_fake_runtime/configuration_status: LOWER_CONSTRAINT_...
 * /formal_algorithm/formal_fake_runtime/confirm_test_area_clear: True
 * /formal_algorithm/formal_fake_runtime/confirm_unloaded_30cm_fixture: True
 * /formal_algorithm/formal_fake_runtime/confirm_wheels_on_floor: True
 * /formal_algorithm/formal_fake_runtime/distributed_initial/auxiliary: [0.0, 0.0, 0.0]
 * /formal_algorithm/formal_fake_runtime/distributed_initial/position: [0.0, 0.0, 0.0]
 * /formal_algorithm/formal_fake_runtime/distributed_initial/velocity: [0.1, 0.1, 0.1]
 * /formal_algorithm/formal_fake_runtime/emergency_abort_limit: 0.18
 * /formal_algorithm/formal_fake_runtime/execution/align_progress_to_initial_pose: False
 * /formal_algorithm/formal_fake_runtime/execution/emergency_abort_persistence_seconds: 0.1
 * /formal_algorithm/formal_fake_runtime/execution/initialization_hold_seconds: 0.3
 * /formal_algorithm/formal_fake_runtime/execution/initialization_max_wheel_speed: 0.015
 * /formal_algorithm/formal_fake_runtime/execution/m1_derating_actual_velocity_upper_reserve: 0.005
 * /formal_algorithm/formal_fake_runtime/execution/m1_derating_reserve_robot_id: 2
 * /formal_algorithm/formal_fake_runtime/execution/startup_catchup_margin_mps: 0.008
 * /formal_algorithm/formal_fake_runtime/execution/startup_early_rise: 0.6
 * /formal_algorithm/formal_fake_runtime/execution/startup_feedback_ramp_seconds: 1.2
 * /formal_algorithm/formal_fake_runtime/execution/startup_ramp_seconds: 4.0
 * /formal_algorithm/formal_fake_runtime/execution/transient_capability_hold_seconds: 0.4
 * /formal_algorithm/formal_fake_runtime/execution/transient_feedback_hold_seconds: 0.1
 * /formal_algorithm/formal_fake_runtime/execution/transient_state_hold_seconds: 0.08
 * /formal_algorithm/formal_fake_runtime/experiment_id: lower_layer_const...
 * /formal_algorithm/formal_fake_runtime/initial_progress: 0.0
 * /formal_algorithm/formal_fake_runtime/leader/acceleration: 0.0
 * /formal_algorithm/formal_fake_runtime/leader/initial_position: 0.0
 * /formal_algorithm/formal_fake_runtime/leader/velocity: 0.1
 * /formal_algorithm/formal_fake_runtime/lower/initial_disturbance_estimate: 0.08
 * /formal_algorithm/formal_fake_runtime/lower/initial_parameter: [0.0, 0.0]
 * /formal_algorithm/formal_fake_runtime/lower/velocity_lower_bound: -0.05
 * /formal_algorithm/formal_fake_runtime/lower/velocity_upper_bound: 0.14
 * /formal_algorithm/formal_fake_runtime/maximum_capability_age: 0.25
 * /formal_algorithm/formal_fake_runtime/maximum_feedback_age: 0.25
 * /formal_algorithm/formal_fake_runtime/maximum_recorder_armed_age: 0.5
 * /formal_algorithm/formal_fake_runtime/maximum_state_age: 0.22
 * /formal_algorithm/formal_fake_runtime/minimum_battery_voltage: 9.5
 * /formal_algorithm/formal_fake_runtime/minimum_battery_voltage_duration: 0.5
 * /formal_algorithm/formal_fake_runtime/publish_rate: 100.0
 * /formal_algorithm/formal_fake_runtime/require_recorder_armed: True
 * /formal_algorithm/formal_fake_runtime/require_valid_load_state: True
 * /formal_algorithm/formal_fake_runtime/risk/capability_reserve: 0.005
 * /formal_algorithm/formal_fake_runtime/risk/capability_safe_margin: 0.01
 * /formal_algorithm/formal_fake_runtime/risk/input_safe_margin: 0.4
 * /formal_algorithm/formal_fake_runtime/risk/maximum_watchdog_age: 0.25
 * /formal_algorithm/formal_fake_runtime/risk/position_limit: 0.12
 * /formal_algorithm/formal_fake_runtime/risk/position_safe_margin: 0.06
 * /formal_algorithm/formal_fake_runtime/risk/require_software_watchdog: False
 * /formal_algorithm/formal_fake_runtime/risk/wheel_safe_margin: 0.01
 * /formal_algorithm/formal_fake_runtime/risk_disturbance_v1/enabled: False
 * /formal_algorithm/formal_fake_runtime/risk_disturbance_v1/peak_fraction: 0.3
 * /formal_algorithm/formal_fake_runtime/schema_version: 1
 * /formal_algorithm/formal_fake_runtime/serial_execution_authorized: True
 * /formal_algorithm/formal_fake_runtime/target_progress: 5.17822971502571
 * /formal_algorithm/formal_fake_runtime/tracker/angular_feedforward_scale_negative: [0.94, 0.95122187...
 * /formal_algorithm/formal_fake_runtime/tracker/angular_feedforward_scale_positive: [0.78, 0.78081021...
 * /formal_algorithm/formal_fake_runtime/tracker/base_to_support: [{'x': -0.01783, ...
 * /formal_algorithm/formal_fake_runtime/tracker/chassis_reference_samples: 10001
 * /formal_algorithm/formal_fake_runtime/tracker/curvature_preview_seconds_negative: [0.05, 0.0, 0.05]
 * /formal_algorithm/formal_fake_runtime/tracker/curvature_preview_seconds_positive: [0.05, 0.0, 0.05]
 * /formal_algorithm/formal_fake_runtime/tracker/formation_heading_gain: 0.7
 * /formal_algorithm/formal_fake_runtime/tracker/formation_lateral_gain: 0.85
 * /formal_algorithm/formal_fake_runtime/tracker/formation_longitudinal_gain: 0.25
 * /formal_algorithm/formal_fake_runtime/tracker/heading_gain: 2.0
 * /formal_algorithm/formal_fake_runtime/tracker/heading_gain_per_robot: [3.5, 3.0, 3.0]
 * /formal_algorithm/formal_fake_runtime/tracker/lateral_gain: 2.0
 * /formal_algorithm/formal_fake_runtime/tracker/lateral_gain_per_robot: [4.8, 3.4, 4.0]
 * /formal_algorithm/formal_fake_runtime/tracker/longitudinal_gain: 1.0
 * /formal_algorithm/formal_fake_runtime/tracker/longitudinal_gain_per_robot: [1.0, 1.0, 1.0]
 * /formal_algorithm/formal_fake_runtime/tracker/wheel_separation: [0.135484339, 0.1...
 * /formal_algorithm/formal_lower/adaptation_enabled: False
 * /formal_algorithm/formal_lower/adaptation_gain: [0.0, 0.0]
 * /formal_algorithm/formal_lower/algorithm_execution_authorized: True
 * /formal_algorithm/formal_lower/configuration_status: M1_REFERENCE_PAPE...
 * /formal_algorithm/formal_lower/constraint_margin: 2e-05
 * /formal_algorithm/formal_lower/disturbance_adaptation_gain: 0.0
 * /formal_algorithm/formal_lower/disturbance_compensation_enabled: False
 * /formal_algorithm/formal_lower/disturbance_estimate_max: 0.0
 * /formal_algorithm/formal_lower/disturbance_leakage: 0.0
 * /formal_algorithm/formal_lower/golden_vectors_verified: True
 * /formal_algorithm/formal_lower/hardware_execution_authorized: True
 * /formal_algorithm/formal_lower/mode: PaperNM
 * /formal_algorithm/formal_lower/paper_nm/k1: 1.25
 * /formal_algorithm/formal_lower/paper_nm/k2: 2.75
 * /formal_algorithm/formal_lower/parameter_leakage: 0.0
 * /formal_algorithm/formal_lower/parameter_max: [0.0, 0.0]
 * /formal_algorithm/formal_lower/parameter_min: [0.0, 0.0]
 * /formal_algorithm/formal_lower/robust_boundary_layer: 0.055
 * /formal_algorithm/formal_lower/schema_version: 1
 * /formal_algorithm/formal_lower/sustained_saturation_seconds: 0.5
 * /formal_algorithm/formal_lower/update_rate: 100.0
 * /formal_algorithm/formal_upper/agents/initial_lower: [-0.015, -0.015, ...
 * /formal_algorithm/formal_upper/agents/initial_upper: [0.115, 0.115, 0....
 * /formal_algorithm/formal_upper/agents/inner_margin: [0.005, 0.005, 0....
 * /formal_algorithm/formal_upper/agents/minimum_width: [0.065, 0.065, 0....
 * /formal_algorithm/formal_upper/agents/nominal_lower: [-0.015, -0.015, ...
 * /formal_algorithm/formal_upper/agents/nominal_upper: [0.115, 0.115, 0....
 * /formal_algorithm/formal_upper/agents/physical_lower: [-0.03, -0.03, -0...
 * /formal_algorithm/formal_upper/agents/physical_margin_lower: [0.005, 0.005, 0....
 * /formal_algorithm/formal_upper/agents/physical_margin_upper: [0.005, 0.005, 0....
 * /formal_algorithm/formal_upper/agents/physical_upper: [0.125, 0.125, 0....
 * /formal_algorithm/formal_upper/agents/restore_gain_lower: [0.55, 0.55, 0.55]
 * /formal_algorithm/formal_upper/agents/restore_gain_upper: [0.65, 0.65, 0.65]
 * /formal_algorithm/formal_upper/agents/risk_decay: [0.42, 0.42, 0.42]
 * /formal_algorithm/formal_upper/agents/risk_gain_lower: [0.036, 0.036, 0....
 * /formal_algorithm/formal_upper/agents/risk_gain_upper: [0.1, 0.1, 0.1]
 * /formal_algorithm/formal_upper/agents/risk_scale: [0.95, 0.95, 0.95]
 * /formal_algorithm/formal_upper/agents/zero_margin: [0.005, 0.005, 0....
 * /formal_algorithm/formal_upper/algorithm_execution_authorized: True
 * /formal_algorithm/formal_upper/causality/current_inputs: ['reported_capabi...
 * /formal_algorithm/formal_upper/causality/one_step_delayed_inputs: ['channel_input_m...
 * /formal_algorithm/formal_upper/configuration_status: serial_vL_0p10_wh...
 * /formal_algorithm/formal_upper/controller_ticks_per_update: 4
 * /formal_algorithm/formal_upper/golden_vectors_verified: True
 * /formal_algorithm/formal_upper/hardware_execution_authorized: True
 * /formal_algorithm/formal_upper/mode: M1
 * /formal_algorithm/formal_upper/schema_version: 1
 * /formal_algorithm/formal_upper/update_rate: 25.0
 * /formal_algorithm/path_s_curve/amplitude: 0.0
 * /formal_algorithm/path_s_curve/circle_direction: -1.0
 * /formal_algorithm/path_s_curve/circle_radius: 0.7
 * /formal_algorithm/path_s_curve/configuration_status: frozen_m1_r1_circ...
 * /formal_algorithm/path_s_curve/curvature_ramp_length: 0.4
 * /formal_algorithm/path_s_curve/entry_straight_length: 0.2
 * /formal_algorithm/path_s_curve/exit_straight_length: 0.18
 * /formal_algorithm/path_s_curve/hardware_execution_authorized: False
 * /formal_algorithm/path_s_curve/longitudinal_length: 4.99822971502571
 * /formal_algorithm/path_s_curve/lookup_samples: 60001
 * /formal_algorithm/path_s_curve/model: circle_smooth_ent...
 * /formal_algorithm/path_s_curve/schema_version: 1
 * /formal_algorithm/platform_transport_type: serial
 * /formal_algorithm/support_geometry/configuration_status: unloaded_equilate...
 * /formal_algorithm/support_geometry/coordinate_convention: load_path_frenet_...
 * /formal_algorithm/support_geometry/hardware_execution_authorized: False
 * /formal_algorithm/support_geometry/minimum_nondegeneracy: 0.2
 * /formal_algorithm/support_geometry/minimum_speed_scale: 0.2
 * /formal_algorithm/support_geometry/schema_version: 1
 * /formal_algorithm/support_geometry/supports: [{'robot_id': 'ag...
 * /formal_algorithm/support_geometry/validation_samples: 10001
 * /rosdistro: noetic
 * /rosversion: 1.17.0

NODES
  /
    formal_algorithm (multi_agv_control/formal_algorithm_node)
[33m[WARN] [1789642874.761299334]: Formal algorithm integration ready: transport=serial upper=M1 lower=PaperNM recorder_required=true[0m
[33m[WARN] [1789642874.773070670]: Formal algorithm held fail-zero: waiting for three serial chassis command-sequence handoffs[0m
[33m[WARN] [1789642874.902406502]: Formal algorithm held at zero until a fresh experiment recorder heartbeat confirms method_id=M1_PaperNM[0m
[33m[WARN] [1789642875.075289181]: agv1 battery voltage 9.308 V is below 9.500 V; waiting for 0.500 s of continuous undervoltage before fail-zero[0m
[33m[WARN] [1789642875.607300600]: agv1 battery voltage 9.352 V is below 9.500 V; waiting for 0.500 s of continuous undervoltage before fail-zero[0m
[33m[WARN] [1789642875.912168999]: Formal algorithm held at zero until a fresh experiment recorder heartbeat confirms method_id=M1_PaperNM[0m
[33m[WARN] [1789642875.967386075]: agv1 battery voltage 9.175 V is below 9.500 V; waiting for 0.500 s of continuous undervoltage before fail-zero[0m
[0m[INFO] [1789642876.132663993]: Subscribing to /agv1/capability_report[0m
[0m[INFO] [1789642876.133730569]: Subscribing to /agv1/chassis_command[0m
[0m[INFO] [1789642876.134484827]: Subscribing to /agv1/chassis_feedback[0m
[0m[INFO] [1789642876.135716698]: Subscribing to /agv1/derating_command[0m
[0m[INFO] [1789642876.136648967]: Subscribing to /agv1/imu[0m
[0m[INFO] [1789642876.137428361]: Subscribing to /agv1/odom[0m
[0m[INFO] [1789642876.138142883]: Subscribing to /agv2/capability_report[0m
[0m[INFO] [1789642876.138827805]: Subscribing to /agv2/chassis_command[0m
[0m[INFO] [1789642876.139492904]: Subscribing to /agv2/chassis_feedback[0m
[0m[INFO] [1789642876.140271741]: Subscribing to /agv2/derating_command[0m
[0m[INFO] [1789642876.141074055]: Subscribing to /agv2/imu[0m
[0m[INFO] [1789642876.143014637]: Subscribing to /agv2/odom[0m
[0m[INFO] [1789642876.144700926]: Subscribing to /agv3/capability_report[0m
[0m[INFO] [1789642876.146199348]: Subscribing to /agv3/chassis_command[0m
[0m[INFO] [1789642876.147263437]: Subscribing to /agv3/chassis_feedback[0m
[0m[INFO] [1789642876.148282588]: Subscribing to /agv3/derating_command[0m
[0m[INFO] [1789642876.149136640]: Subscribing to /agv3/imu[0m
[0m[INFO] [1789642876.150502088]: Subscribing to /agv3/odom[0m
[0m[INFO] [1789642876.151951494]: Subscribing to /camera/world/agv1_confidence[0m
[0m[INFO] [1789642876.153098910]: Subscribing to /camera/world/agv1_tag_pose[0m
[0m[INFO] [1789642876.154334771]: Subscribing to /camera/world/agv2_confidence[0m
[0m[INFO] [1789642876.155161173]: Subscribing to /camera/world/agv2_tag_pose[0m
[0m[INFO] [1789642876.156124429]: Subscribing to /camera/world/agv3_confidence[0m
[0m[INFO] [1789642876.157733929]: Subscribing to /camera/world/agv3_tag_pose[0m
[0m[INFO] [1789642876.159087169]: Subscribing to /camera/world/load_confidence[0m
[0m[INFO] [1789642876.159870625]: Subscribing to /camera/world/load_tag_pose[0m
[0m[INFO] [1789642876.160732213]: Subscribing to /experiment_recorder/armed[0m
[0m[INFO] [1789642876.161353428]: Subscribing to /experiment_recorder/method_id[0m
[0m[INFO] [1789642876.162690506]: Subscribing to /multi_agv/controller_state[0m
[0m[INFO] [1789642876.163521472]: Subscribing to /multi_agv/cooperative_state[0m
[0m[INFO] [1789642876.164369470]: Subscribing to /multi_agv/experiment_state[0m
[0m[INFO] [1789642876.165469774]: Subscribing to /multi_agv/formal_algorithm_state[0m
[0m[INFO] [1789642876.168235061]: Subscribing to /multi_agv/formal_execution_limiter_state[0m
[0m[INFO] [1789642876.169780440]: Subscribing to /multi_agv/m2b_algorithm_state[0m
[0m[INFO] [1789642876.170998216]: Subscribing to /multi_agv/path_reference[0m
[0m[INFO] [1789642876.173529906]: Subscribing to /multi_agv/risk_disturbance_state[0m
[0m[INFO] [1789642876.175045560]: Subscribing to /multi_agv/software_watchdog_diagnostics[0m
[0m[INFO] [1789642876.176793693]: Subscribing to /multi_agv/software_watchdog_ok[0m
[0m[INFO] [1789642876.178557379]: Subscribing to /multi_agv/state_projection_timing[0m
[0m[INFO] [1789642876.180393026]: Subscribing to /multi_agv/yaw_drive_disturbance_state[0m
[0m[INFO] [1789642876.182606985]: Subscribing to /pose_provider/agv1/base_motion_fused[0m
[0m[INFO] [1789642876.184386813]: Subscribing to /pose_provider/agv1/base_pose_filtered[0m
[0m[INFO] [1789642876.186004979]: Subscribing to /pose_provider/agv1/base_pose_fused[0m
[0m[INFO] [1789642876.187919730]: Subscribing to /pose_provider/agv1/base_pose_raw[0m
[0m[INFO] [1789642876.189552567]: Subscribing to /pose_provider/agv1/estimator_timing[0m
[0m[INFO] [1789642876.191108186]: Subscribing to /pose_provider/agv1/fusion_timing[0m
[0m[INFO] [1789642876.192889384]: Subscribing to /pose_provider/agv2/base_motion_fused[0m
[0m[INFO] [1789642876.193857011]: Subscribing to /pose_provider/agv2/base_pose_filtered[0m
[0m[INFO] [1789642876.194848392]: Subscribing to /pose_provider/agv2/base_pose_fused[0m
[0m[INFO] [1789642876.196089129]: Subscribing to /pose_provider/agv2/base_pose_raw[0m
[0[33m[WARN] [1789642880.155332393]: agv1 battery voltage 9.458 V is below 9.500 V; waiting for 0.500 s of continuous undervoltage before fail-zero[0m
[33m[WARN] [1789642885.127297197]: agv1 battery voltage 9.334 V is below 9.500 V; waiting for 0.500 s of continuous undervoltage before fail-zero[0m
[33m[WARN] [1789642890.095338548]: agv1 battery voltage 9.405 V is below 9.500 V; waiting for 0.500 s of continuous undervoltage before fail-zero[0m
[33m[WARN] [1789642890.911977641]: Formal execution holding the last valid agv2 CapabilityReport: receive_age=0.247833 s header_age=0.252956 s, freshness_bound=0.250000 s[0m
[33m[WARN] [1789642895.127290826]: agv1 battery voltage 9.219 V is below 9.500 V; waiting for 0.500 s of continuous undervoltage before fail-zero[0m
[33m[WARN] [1789642898.835317027]: agv1 battery voltage 9.458 V is below 9.500 V; waiting for 0.500 s of continuous undervoltage before fail-zero[0m
[33m[WARN] [1789642903.847294430]: agv1 battery voltage 9.423 V is below 9.500 V; waiting for 0.500 s of continuous undervoltage before fail-zero[0m
[33m[WARN] [1789642921.091905522]: agv2 raw wheel demand [0.160656, 0.136957] exceeds current available limits [0.160000, 0.160000] m/s; preserving the demand for that chassis to limit independently[0m
[33m[WARN] [1789642921.091938493]: agv2 publication hard limit +/-0.16 m/s: demand=[0.160656, 0.136957], published=[0.160000, 0.136957]; pre-limit demand and emergency assessment are unchanged[0m
[33m[WARN] [1789642921.145127167]: Measured-motion projection horizon exceeded; using the fresh synchronized camera snapshot without extrapolation[0m
[33m[WARN] [1789642921.355347922]: agv1 battery voltage 9.414 V is below 9.500 V; waiting for 0.500 s of continuous undervoltage before fail-zero[0m
[33m[WARN] [1789642931.355301538]: agv1 battery voltage 9.352 V is below 9.500 V; waiting for 0.500 s of continuous undervoltage before fail-zero[0m
[INFO] [1789642932.722685]: All six wheels remained within 0.010 m/s for 0.100 s
[33m[WARN] [1789642933.467548187]: agv1 battery voltage 9.485 V is below 9.500 V; waiting for 0.500 s of continuous undervoltage before fail-zero[0m
m[INFO] [1789642876.197407153]: Subscribing to /pose_provider/agv2/estimator_timing[0m
[0m[INFO] [1789642876.198460540]: Subscribing to /pose_provider/agv2/fusion_timing[0m
[0m[INFO] [1789642876.199325162]: Subscribing to /pose_provider/agv3/base_motion_fused[0m
[0m[INFO] [1789642876.200254697]: Subscribing to /pose_provider/agv3/base_pose_filtered[0m
[0m[INFO] [1789642876.201166542]: Subscribing to /pose_provider/agv3/base_pose_fused[0m
[0m[INFO] [1789642876.203603763]: Subscribing to /pose_provider/agv3/base_pose_raw[0m
[0m[INFO] [1789642876.205486452]: Subscribing to /pose_provider/agv3/estimator_timing[0m
[0m[INFO] [1789642876.206709422]: Subscribing to /pose_provider/agv3/fusion_timing[0m
[0m[INFO] [1789642876.297728513]: Subscribing to /pose_provider/load/pose_filtered[0m
[0m[INFO] [1789642876.298980194]: Subscribing to /pose_provider/load/pose_raw[0m
[0m[INFO] [1789642876.300028252]: Subscribing to /vision/aruco/calibration_epoch[0m
[0m[INFO] [1789642876.300964053]: Recording to '/home/etlab/AGV_ROS/.worktrees/platform-foundation-linux/experiment_data/formal_serial_unloaded/lower_constraint_approach_PaperNM_20260917_190102/lower_constraint_approach_PaperNM_20260917_190102.bag'.[0m
[INFO] [1789642876.356571]: Experiment recording armed after all required subscriptions connected: run_id=lower_constraint_approach_PaperNM_20260917_190102 bag=/home/etlab/AGV_ROS/.worktrees/platform-foundation-linux/experiment_data/formal_serial_unloaded/lower_constraint_approach_PaperNM_20260917_190102/lower_constraint_approach_PaperNM_20260917_190102.bag
[31mWARNING: disk usage in log directory [/home/etlab/.ros/log] is over 1GB.
It's recommended that you use the 'rosclean' command.[0m
[31m================================================================================REQUIRED process [experiment_recorder-1] has died!
process has finished cleanly
log file: /home/etlab/.ros/log/f64ecbb8-b286-11f1-86c1-6f8dd462119e/experiment_recorder-1*.log
Initiating shutdown!
================================================================================[0m
... logging to /home/etlab/.ros/log/f64ecbb8-b286-11f1-86c1-6f8dd462119e/roslaunch-robot1-71909.log
Checking log directory for disk usage. This may take a while.
Press Ctrl-C to interrupt
]2;/home/etlab/AGV_ROS/.worktrees/platform-foundation-linux/src/multi_agv_bringup/launch/experiment.launch
[1mstarted roslaunch server http://192.168.6.101:34609/[0m

SUMMARY
========

PARAMETERS
 * /agv1/capability_report: 90.0
 * /agv1/chassis_command: 90.0
 * /agv1/chassis_feedback: 90.0
 * /agv1/imu: 90.0
 * /agv1/odom: 90.0
 * /agv2/capability_report: 90.0
 * /agv2/chassis_command: 90.0
 * /agv2/chassis_feedback: 90.0
 * /agv2/imu: 90.0
 * /agv2/odom: 90.0
 * /agv3/capability_report: 90.0
 * /agv3/chassis_command: 90.0
 * /agv3/chassis_feedback: 90.0
 * /agv3/imu: 90.0
 * /agv3/odom: 90.0
 * /experiment_recorder/approval_id: 
 * /experiment_recorder/approval_registry: /home/etlab/AGV_R...
 * /experiment_recorder/arming_authorized: True
 * /experiment_recorder/camera_config_files: ['/home/etlab/AGV...
 * /experiment_recorder/camera_mode: True
 * /experiment_recorder/candidate_b_spatial_authorization_source: tracked_config
 * /experiment_recorder/candidate_b_spatial_physical_authorized: False
 * /experiment_recorder/candidate_b_spatial_profile_id: 
 * /experiment_recorder/config_files: ['/home/etlab/AGV...
 * /experiment_recorder/connection_wait_seconds: 5.0
 * /experiment_recorder/experiment_id: lower_layer_const...
 * /experiment_recorder/experiment_recording/camera_calibration_epoch_required: True
 * /experiment_recorder/experiment_recording/camera_required_topics: ['/vision/aruco/c...
 * /experiment_recorder/experiment_recording/camera_virtual_load_required_topics: ['/vision/aruco/c...
 * /experiment_recorder/experiment_recording/fused_required_topics: ['/pose_provider/...
 * /experiment_recorder/experiment_recording/localization_exclusion/maximum_consecutive_invalid_seconds: 0.1
 * /experiment_recorder/experiment_recording/localization_exclusion/maximum_invalid_fraction: 0.01
 * /experiment_recorder/experiment_recording/maximum_camera_calibration_epoch_changes: 0
 * /experiment_recorder/experiment_recording/method_required_topics/M1_PDPenalty: ['/multi_agv/expe...
 * /experiment_recorder/experiment_recording/method_required_topics/M1_PaperNM: ['/multi_agv/expe...
 * /experiment_recorder/experiment_recording/method_required_topics/M1_R1: ['/multi_agv/expe...
 * /experiment_recorder/experiment_recording/method_required_topics/M1b_R1: ['/multi_agv/expe...
 * /experiment_recorder/experiment_recording/method_required_topics/M2a_R1: ['/multi_agv/expe...
 * /experiment_recorder/experiment_recording/method_required_topics/M2b_M2b: ['/multi_agv/m2b_...
 * /experiment_recorder/experiment_recording/method_required_topics/M2c_M2c: ['/multi_agv/m2b_...
 * /experiment_recorder/experiment_recording/method_required_topics/M2d_M2d: ['/multi_agv/m2b_...
 * /experiment_recorder/experiment_recording/recommended_topics: ['/multi_agv/expe...
 * /experiment_recorder/experiment_recording/registered_method_ids: ['M1_R1', 'M1_Pap...
 * /experiment_recorder/experiment_recording/required_topics: ['/agv1/chassis_c...
 * /experiment_recorder/experiment_recording/sample_period: 0.01
 * /experiment_recorder/experiment_recording/sequence_rules: [{'file': 'chassi...
 * /experiment_recorder/experiment_recording/topics: ['/agv1/chassis_c...
 * /experiment_recorder/formal_statistics_requested: False
 * /experiment_recorder/interface_version: agv_ros_interface...
 * /experiment_recorder/localization_source: camera_imu_wheel_...
 * /experiment_recorder/measured_payload_pose_topic: /pose_provider/lo...
 * /experiment_recorder/method_id: M1_PaperNM
 * /experiment_recorder/metrics/evaluation_target: 5.17822971502571
 * /experiment_recorder/metrics/nominal_agv2_capability: 0.0
 * /experiment_recorder/metrics/nominal_common_velocity: 0.1
 * /experiment_recorder/operator: ETLAB
 * /experiment_recorder/output_root: /home/etlab/AGV_R...
 * /experiment_recorder/pair_block_id: LOWER_CA_PNM_01
 * /experiment_recorder/path_version: circle_r0p7_cw_sm...
 * /experiment_recorder/payload_pose_source: equivalent_load
 * /experiment_recorder/payload_state: unloaded
 * /experiment_recorder/preflight_wait_seconds: 15.0
 * /experiment_recorder/record_candidate_b_spatial_physical: False
 * /experiment_recorder/record_classic_additive_physical: False
 * /experiment_recorder/require_approved_config: False
 * /experiment_recorder/require_windows_sender_manifest: False
 * /experiment_recorder/run_id: lower_constraint_...
 * /experiment_recorder/virtual_load_from_robots: True
 * /experiment_recorder/wheel_speed_scale_freeze_id: wheel_speed_scale...
 * /experiment_recorder/workspace: /home/etlab/AGV_R...
 * /multi_agv/controller_state: 90.0
 * /multi_agv/cooperative_state: 90.0
 * /multi_agv/formal_algorithm_state: 90.0
 * /multi_agv/m2b_algorithm_state: 90.0
 * /multi_agv/path_reference: 90.0
 * /rosdistro: noetic
 * /rosversion: 1.17.0

NODES
  /
    experiment_recorder (multi_agv_analysis/record_experiment.py)

[1mROS_MASTER_URI=http://192.168.6.101:11311[0m
]2;/home/etlab/AGV_ROS/.worktrees/platform-foundation-linux/src/multi_agv_bringup/launch/experiment.launch http://192.168.6.101:11311
[1mprocess[experiment_recorder-1]: started with pid [71976][0m
[experiment_recorder-1] killing on exit
shutting down processing monitor...
... shutting down processing monitor complete
[1mdone[0m
[0m[INFO] [1789642874.773043471]: Formal command publishers enabled after all three chassis transport parameters were verified as serial[0m
[0m[INFO] [1789642874.887475673]: Formal serial command sequence handoff: agv1 command_seq_applied=50754, next_command_seq=50755[0m
[0m[INFO] [1789642874.893023280]: Formal serial command sequence handoff: agv2 command_seq_applied=50754, next_command_seq=50755[0m
[0m[INFO] [1789642874.896184618]: Formal serial command sequence handoff: agv3 command_seq_applied=50754, next_command_seq=50755[0m
[0m[INFO] [1789642876.662040139]: Formal execution initialized from 31 stationary samples: path offsets=[-0.010696, 0.002868, 0.007891] m[0m
[0m[INFO] [1789642930.491756355]: Formal execution reached 5.178 m; synchronized terminal stop latched without endpoint pose hunting[0m
[31mWARNING: disk usage in log directory [/home/etlab/.ros/log] is over 1GB.
It's recommended that you use the 'rosclean' command.[0m

[1mROS_MASTER_URI=http://192.168.6.101:11311[0m
]2;/home/etlab/AGV_ROS/.worktrees/platform-foundation-linux/src/multi_agv_bringup/launch/formal_serial_m1_r1.launch http://192.168.6.101:11311
[1mprocess[formal_algorithm-1]: started with pid [71887][0m
[formal_algorithm-1] killing on exit
shutting down processing monitor...
... shutting down processing monitor complete
[1mdone[0m
[0m[INFO] [1789642868.055423031]: State estimator accepted camera calibration epoch token=2748106783[0m
[0m[INFO] [1789642868.075492593]: Anchored camera-fused three-robot state to path start: initial rigid-fit RMS=0.008476 m[0m
[31mWARNING: disk usage in log directory [/home/etlab/.ros/log] is over 1GB.
It's recommended that you use the 'rosclean' command.[0m

[1mROS_MASTER_URI=http://192.168.6.101:11311[0m
]2;/home/etlab/AGV_ROS/.worktrees/platform-foundation-linux/src/multi_agv_bringup/launch/camera_fused_virtual_load_state_estimator.launch http://192.168.6.101:11311
[1mprocess[path_state_estimator-1]: started with pid [71705][0m
[path_state_estimator-1] killing on exit
shutting down processing monitor...
... shutting down processing monitor complete
[1mdone[0m
[31mWARNING: disk usage in log directory [/home/etlab/.ros/log] is over 1GB.
It's recommended that you use the 'rosclean' command.[0m
... logging to /home/etlab/.ros/log/f64ecbb8-b286-11f1-86c1-6f8dd462119e/roslaunch-robot1-71814.log
Checking log directory for disk usage. This may take a while.
Press Ctrl-C to interrupt
]2;/home/etlab/AGV_ROS/.worktrees/platform-foundation-linux/src/multi_agv_bringup/launch/formal_evaluation_window.launch
[1mstarted roslaunch server http://192.168.6.101:38041/[0m

SUMMARY
========

PARAMETERS
 * /formal_evaluation_supervisor/confirm_robot2_local_derating: False
 * /formal_evaluation_supervisor/derating_publication_authorized: False
 * /formal_evaluation_supervisor/exp2a_derating_pretest/activation_progress: 5.28
 * /formal_evaluation_supervisor/exp2a_derating_pretest/authorization_basis: explicit_operator...
 * /formal_evaluation_supervisor/exp2a_derating_pretest/authorization_scope: unloaded_30cm_fix...
 * /formal_evaluation_supervisor/exp2a_derating_pretest/block_id: LOWER_CA_PNM_01
 * /formal_evaluation_supervisor/exp2a_derating_pretest/configuration_status: operator_authoriz...
 * /formal_evaluation_supervisor/exp2a_derating_pretest/derating_mode: 1
 * /formal_evaluation_supervisor/exp2a_derating_pretest/evaluation_end_progress: 5.17822971502571
 * /formal_evaluation_supervisor/exp2a_derating_pretest/evaluation_start_progress: 0.0
 * /formal_evaluation_supervisor/exp2a_derating_pretest/experiment_id: lower_layer_const...
 * /formal_evaluation_supervisor/exp2a_derating_pretest/finish_after_restoration: False
 * /formal_evaluation_supervisor/exp2a_derating_pretest/hardware_execution_authorized: True
 * /formal_evaluation_supervisor/exp2a_derating_pretest/method_id: M1_PaperNM
 * /formal_evaluation_supervisor/exp2a_derating_pretest/progress_source: load_actual
 * /formal_evaluation_supervisor/exp2a_derating_pretest/publish_rate: 10.0
 * /formal_evaluation_supervisor/exp2a_derating_pretest/ramp_down_time: 0.5
 * /formal_evaluation_supervisor/exp2a_derating_pretest/ramp_up_time: 0.5
 * /formal_evaluation_supervisor/exp2a_derating_pretest/restoration_progress: 5.38
 * /formal_evaluation_supervisor/exp2a_derating_pretest/run_id: lower_constraint_...
 * /formal_evaluation_supervisor/exp2a_derating_pretest/schema_version: 1
 * /formal_evaluation_supervisor/exp2a_derating_pretest/target_acceleration_ratio_left: 0.5
 * /formal_evaluation_supervisor/exp2a_derating_pretest/target_acceleration_ratio_right: 0.5
 * /formal_evaluation_supervisor/exp2a_derating_pretest/target_deceleration_ratio_left: 0.6
 * /formal_evaluation_supervisor/exp2a_derating_pretest/target_deceleration_ratio_right: 0.6
 * /formal_evaluation_supervisor/exp2a_derating_pretest/target_speed_ratio_left: 0.4
 * /formal_evaluation_supervisor/exp2a_derating_pretest/target_speed_ratio_right: 0.4
 * /formal_evaluation_supervisor/platform_transport_type: serial
 * /rosdistro: noetic
 * /rosversion: 1.17.0

NODES
  /
    formal_evaluation_supervisor (multi_agv_control/experiment_supervisor_node)

[1mROS_MASTER_URI=http://192.168.6.101:11311[0m
]2;/home/etlab/AGV_ROS/.worktrees/platform-foundation-linux/src/multi_agv_bringup/launch/formal_evaluation_window.launch http://192.168.6.101:11311
[1mprocess[formal_evaluation_supervisor-1]: started with pid [71880][0m
[formal_evaluation_supervisor-1] killing on exit
shutting down processing monitor...
... shutting down processing monitor complete
[1mdone[0m
PHYSICAL_TASK_STATUS=PASSED run_dir=/home/etlab/AGV_ROS/.worktrees/platform-foundation-linux/experiment_data/formal_serial_unloaded/lower_constraint_approach_PaperNM_20260917_190102
The PDF backend does not currently support the selected font.
The PDF backend does not currently support the selected font.
The PDF backend does not currently support the selected font.
The PDF backend does not currently support the selected font.
The PDF backend does not currently support the selected font.
The PDF backend does not currently support the selected font.
/home/etlab/AGV_ROS/.worktrees/platform-foundation-linux/src/multi_agv_analysis/src/multi_agv_analysis/paper_pipeline.py:432: UserWarning: figure7.progress_error: 108 samples outside fixed plot range; raw data and metrics are unchanged
  warnings.warn("{}: {} samples outside fixed plot range; raw data and "
The PDF backend does not currently support the selected font.
The PDF backend does not currently support the selected font.
The PDF backend does not currently support the selected font.
The PDF backend does not currently support the selected font.
The PDF backend does not currently support the selected font.
The PDF backend does not currently support the selected font.
The PDF backend does not currently support the selected font.
/home/etlab/AGV_ROS/.worktrees/platform-foundation-linux/src/multi_agv_analysis/src/multi_agv_analysis/paper_pipeline.py:432: UserWarning: figure7.progress_error: 108 samples outside fixed plot range; raw data and metrics are unchanged
  warnings.warn("{}: {} samples outside fixed plot range; raw data and "
The PDF backend does not currently support the selected font.
PAPER RUN PIPELINE: PASSED
run_dir=/home/etlab/AGV_ROS/.worktrees/platform-foundation-linux/experiment_data/formal_serial_unloaded/lower_constraint_approach_PaperNM_20260917_190102
POSTPROCESS_STATUS=PASSED
SUMMARY: /home/etlab/AGV_ROS/.worktrees/platform-foundation-linux/experiment_data/formal_serial_unloaded/lower_constraint_approach_PaperNM_20260917_190102/summary_metrics.json
VALIDATION: /home/etlab/AGV_ROS/.worktrees/platform-foundation-linux/experiment_data/formal_serial_unloaded/lower_constraint_approach_PaperNM_20260917_190102/validation.json
RAW FIGURES: /home/etlab/AGV_ROS/.worktrees/platform-foundation-linux/experiment_data/formal_serial_unloaded/lower_constraint_approach_PaperNM_20260917_190102/plots_raw
SMOOTHED FIGURES: /home/etlab/AGV_ROS/.worktrees/platform-foundation-linux/experiment_data/formal_serial_unloaded/lower_constraint_approach_PaperNM_20260917_190102/plots_smoothed_0p8s
M1_PaperNM SERIAL RUN AND AUTOMATIC FIGURES COMPLETE: /home/etlab/AGV_ROS/.worktrees/platform-foundation-linux/experiment_data/formal_serial_unloaded/lower_constraint_approach_PaperNM_20260917_190102
