[INFO] [1789378592.154893179]: Subscribing to /agv1/capability_report
[INFO] [1789378592.157208498]: Subscribing to /agv1/chassis_command
[INFO] [1789378592.158514860]: Subscribing to /agv1/chassis_feedback
[INFO] [1789378592.159678120]: Subscribing to /agv1/derating_command
[INFO] [1789378592.160675474]: Subscribing to /agv1/imu
[INFO] [1789378592.161758998]: Subscribing to /agv1/odom
[INFO] [1789378592.162532454]: Subscribing to /agv2/capability_report
[INFO] [1789378592.163357745]: Subscribing to /agv2/chassis_command
[INFO] [1789378592.164423632]: Subscribing to /agv2/chassis_feedback
[INFO] [1789378592.165627707]: Subscribing to /agv2/derating_command
[INFO] [1789378592.168209835]: Subscribing to /agv2/imu
[INFO] [1789378592.169824218]: Subscribing to /agv2/odom
[INFO] [1789378592.171332958]: Subscribing to /agv3/capability_report
[INFO] [1789378592.172744716]: Subscribing to /agv3/chassis_command
[INFO] [1789378592.174005795]: Subscribing to /agv3/chassis_feedback
[INFO] [1789378592.175129489]: Subscribing to /agv3/derating_command
[INFO] [1789378592.176712449]: Subscribing to /agv3/imu
[INFO] [1789378592.178059128]: Subscribing to /agv3/odom
[INFO] [1789378592.179203551]: Subscribing to /camera/world/agv1_confidence
[INFO] [1789378592.182035201]: Subscribing to /camera/world/agv1_tag_pose
[INFO] [1789378592.183704838]: Subscribing to /camera/world/agv2_confidence
[INFO] [1789378592.185476001]: Subscribing to /camera/world/agv2_tag_pose
[INFO] [1789378592.187535335]: Subscribing to /camera/world/agv3_confidence
[INFO] [1789378592.189376684]: Subscribing to /camera/world/agv3_tag_pose
[INFO] [1789378592.191547529]: Subscribing to /camera/world/load_confidence
[INFO] [1789378592.193687585]: Subscribing to /camera/world/load_tag_pose
[INFO] [1789378592.195255898]: Subscribing to /experiment_recorder/armed
[INFO] [1789378592.197786770]: Subscribing to /experiment_recorder/method_id
[INFO] [1789378592.199119221]: Subscribing to /multi_agv/controller_state
[INFO] [1789378592.200711292]: Subscribing to /multi_agv/cooperative_state
[INFO] [1789378592.203034940]: Subscribing to /multi_agv/experiment_state
[INFO] [1789378592.205202670]: Subscribing to /multi_agv/formal_algorithm_state
[INFO] [1789378592.208639512]: Subscribing to /multi_agv/formal_execution_limiter_state
[INFO] [1789378592.211749717]: Subscribing to /multi_agv/m2b_algorithm_state
[INFO] [1789378592.216139189]: Subscribing to /multi_agv/path_reference
[INFO] [1789378592.219313835]: Subscribing to /multi_agv/risk_disturbance_state
[INFO] [1789378592.222300719]: Subscribing to /multi_agv/software_watchdog_diagnostics
[INFO] [1789378592.223553550]: Subscribing to /multi_agv/software_watchdog_ok
[INFO] [1789378592.224640704]: Subscribing to /multi_agv/state_projection_timing
[INFO] [1789378592.225952419]: Subscribing to /multi_agv/yaw_drive_disturbance_state
[INFO] [1789378592.228540829]: Subscribing to /pose_provider/agv1/base_motion_fused
[INFO] [1789378592.230385310]: Subscribing to /pose_provider/agv1/base_pose_filtered
[INFO] [1789378592.231452142]: Subscribing to /pose_provider/agv1/base_pose_fused
[INFO] [1789378592.233474482]: Subscribing to /pose_provider/agv1/base_pose_raw
[INFO] [1789378592.237424457]: Subscribing to /pose_provider/agv1/estimator_timing
[INFO] [1789378592.239314589]: Subscribing to /pose_provider/agv1/fusion_timing
[INFO] [1789378592.241078359]: Subscribing to /pose_provider/agv2/base_motion_fused
[INFO] [1789378592.242629024]: Subscribing to /pose_provider/agv2/base_pose_filtered
[INFO] [1789378592.244558724]: Subscribing to /pose_provider/agv2/base_pose_fused
[INFO] [1789378592.247194381]: Subscribing to /pose_provider/agv2/base_pose_raw
[INFO] [1789378592.248375370]: Subscribing to /pose_provider/agv2/estimator_timing
[INFO] [1789378592.249356843]: Subscribing to /pose_provider/agv2/fusion_timing
[INFO] [1789378592.250158908]: Subscribing to /pose_provider/agv3/base_motion_fused
[INFO] [1789378592.250828981]: Subscribing to /pose_provider/agv3/base_pose_filtered
[INFO] [1789378592.251482125]: Subscribing to /pose_provider/agv3/base_pose_fused
[INFO] [1789378592.252445371]: Subscribing to /pose_provider/agv3/base_pose_raw
[INFO] [1789378592.253469473]: Subscribing to /pose_provider/agv3/estimator_timing
[INFO] [1789378592.254764888]: Subscribing to /pose_provider/agv3/fusion_timing
[INFO] [1789378592.257091616]: Subscribing to /pose_provider/load/pose_filtered
[INFO] [1789378592.258680320]: Subscribing to /pose_provider/load/pose_raw
[INFO] [1789378592.260492321]: Subscribing to /vision/aruco/calibration_epoch
[INFO] [1789378592.262954959]: Recording to '/home/etlab/AGV_ROS/.worktrees/platform-foundation-linux/experiment_data/exp2c_v3_nominal_headroom_fake/20260914_completed_headroom_v3/stage1_no_disturbance/M1_R1/M1_R1.bag'.
[INFO] [1789378592.258588]: Experiment recording armed after all required subscriptions connected: run_id=M1_R1 bag=/home/etlab/AGV_ROS/.worktrees/platform-foundation-linux/experiment_data/exp2c_v3_nominal_headroom_fake/20260914_completed_headroom_v3/stage1_no_disturbance/M1_R1/M1_R1.bag
[31m================================================================================REQUIRED process [experiment_recorder-1] has died!
process has finished cleanly
log file: /home/etlab/.ros/log/c3365002-b01f-11f1-a6c1-018a5f4a331b/experiment_recorder-1*.log
Initiating shutdown!
================================================================================[0m
... logging to /home/etlab/.ros/log/c3365002-b01f-11f1-a6c1-018a5f4a331b/roslaunch-robot1-8371.log
Checking log directory for disk usage. This may take a while.
Press Ctrl-C to interrupt
Done checking log file disk usage. Usage is <1GB.
]2;/home/etlab/AGV_ROS/.worktrees/platform-foundation-linux/src/multi_agv_bringup/launch/experiment.launch
[1mstarted roslaunch server http://127.0.0.1:45833/[0m

SUMMARY
========

PARAMETERS
 * /agv1/capability_report: 90.0
 * /agv1/chassis_command: 90.0
 * /agv1/chassis_feedback: 90.0
 * /agv1/imu: 90.0
 * /agv1/odom: 90.0
 * /agv2/capability_report: 90.0
 * /agv2/chassis_command: 90.0
 * /agv2/chassis_feedback: 90.0
 * /agv2/imu: 90.0
 * /agv2/odom: 90.0
 * /agv3/capability_report: 90.0
 * /agv3/chassis_command: 90.0
 * /agv3/chassis_feedback: 90.0
 * /agv3/imu: 90.0
 * /agv3/odom: 90.0
 * /experiment_recorder/approval_id: 
 * /experiment_recorder/approval_registry: /home/etlab/AGV_R...
 * /experiment_recorder/arming_authorized: True
 * /experiment_recorder/camera_config_files: ['/home/etlab/AGV...
 * /experiment_recorder/camera_mode: False
 * /experiment_recorder/config_files: ['/home/etlab/AGV...
 * /experiment_recorder/connection_wait_seconds: 5.0
 * /experiment_recorder/experiment_id: exp2c_v3_nominal_...
 * /experiment_recorder/experiment_recording/camera_calibration_epoch_required: True
 * /experiment_recorder/experiment_recording/camera_required_topics: ['/vision/aruco/c...
 * /experiment_recorder/experiment_recording/camera_virtual_load_required_topics: ['/vision/aruco/c...
 * /experiment_recorder/experiment_recording/fused_required_topics: ['/pose_provider/...
 * /experiment_recorder/experiment_recording/localization_exclusion/maximum_consecutive_invalid_seconds: 0.1
 * /experiment_recorder/experiment_recording/localization_exclusion/maximum_invalid_fraction: 0.01
 * /experiment_recorder/experiment_recording/maximum_camera_calibration_epoch_changes: 0
 * /experiment_recorder/experiment_recording/method_required_topics/M1_R1: ['/multi_agv/expe...
 * /experiment_recorder/experiment_recording/method_required_topics/M1b_R1: ['/multi_agv/expe...
 * /experiment_recorder/experiment_recording/method_required_topics/M2a_R1: ['/multi_agv/expe...
 * /experiment_recorder/experiment_recording/method_required_topics/M2b_M2b: ['/multi_agv/m2b_...
 * /experiment_recorder/experiment_recording/recommended_topics: ['/multi_agv/expe...
 * /experiment_recorder/experiment_recording/registered_method_ids: ['M1_R1', 'M1b_R1...
 * /experiment_recorder/experiment_recording/required_topics: ['/agv1/chassis_c...
 * /experiment_recorder/experiment_recording/sample_period: 0.01
 * /experiment_recorder/experiment_recording/sequence_rules: [{'file': 'chassi...
 * /experiment_recorder/experiment_recording/topics: ['/agv1/chassis_c...
 * /experiment_recorder/formal_statistics_requested: False
 * /experiment_recorder/interface_version: agv_ros_interface...
 * /experiment_recorder/localization_source: odom_fake
 * /experiment_recorder/measured_payload_pose_topic: /pose_provider/lo...
 * /experiment_recorder/method_id: M1_R1
 * /experiment_recorder/metrics/evaluation_target: 5.17822971502571
 * /experiment_recorder/metrics/nominal_agv2_capability: 0.0
 * /experiment_recorder/metrics/nominal_common_velocity: 0.1
 * /experiment_recorder/operator: 
 * /experiment_recorder/output_root: /home/etlab/AGV_R...
 * /experiment_recorder/pair_block_id: stage1_no_disturb...
 * /experiment_recorder/path_version: s_curve_v1
 * /experiment_recorder/payload_pose_source: equivalent_load
 * /experiment_recorder/payload_state: unloaded
 * /experiment_recorder/preflight_wait_seconds: 15.0
 * /experiment_recorder/require_approved_config: False
 * /experiment_recorder/require_windows_sender_manifest: False
 * /experiment_recorder/run_id: M1_R1
 * /experiment_recorder/virtual_load_from_robots: False
 * /experiment_recorder/wheel_speed_scale_freeze_id: 
 * /experiment_recorder/workspace: /home/etlab/AGV_R...
 * /multi_agv/controller_state: 90.0
 * /multi_agv/cooperative_state: 90.0
 * /multi_agv/formal_algorithm_state: 90.0
 * /multi_agv/m2b_algorithm_state: 90.0
 * /multi_agv/path_reference: 90.0
 * /rosdistro: noetic
 * /rosversion: 1.17.0

NODES
  /
    experiment_recorder (multi_agv_analysis/record_experiment.py)

[1mROS_MASTER_URI=http://127.0.0.1:11643[0m
]2;/home/etlab/AGV_ROS/.worktrees/platform-foundation-linux/src/multi_agv_bringup/launch/experiment.launch http://127.0.0.1:11643
[1mprocess[experiment_recorder-1]: started with pid [8455][0m
[experiment_recorder-1] killing on exit
shutting down processing monitor...
... shutting down processing monitor complete
[1mdone[0m
