[INFO] [1789388843.912974590]: Subscribing to /agv1/capability_report
[INFO] [1789388843.914029808]: Subscribing to /agv1/chassis_command
[INFO] [1789388843.925498751]: Subscribing to /agv1/chassis_feedback
[INFO] [1789388843.931822669]: Subscribing to /agv1/derating_command
[INFO] [1789388843.933391895]: Subscribing to /agv1/imu
[INFO] [1789388843.935083842]: Subscribing to /agv1/odom
[INFO] [1789388843.937151779]: Subscribing to /agv2/capability_report
[INFO] [1789388843.950567144]: Subscribing to /agv2/chassis_command
[INFO] [1789388843.959059422]: Subscribing to /agv2/chassis_feedback
[INFO] [1789388843.965587676]: Subscribing to /agv2/derating_command
[INFO] [1789388843.979340322]: Subscribing to /agv2/imu
[INFO] [1789388843.980731097]: Subscribing to /agv2/odom
[INFO] [1789388843.982503339]: Subscribing to /agv3/capability_report
[INFO] [1789388843.995329025]: Subscribing to /agv3/chassis_command
[INFO] [1789388844.002480664]: Subscribing to /agv3/chassis_feedback
[INFO] [1789388844.004879345]: Subscribing to /agv3/derating_command
[INFO] [1789388844.008228232]: Subscribing to /agv3/imu
[INFO] [1789388844.010779017]: Subscribing to /agv3/odom
[INFO] [1789388844.012469753]: Subscribing to /camera/world/agv1_confidence
[INFO] [1789388844.015903521]: Subscribing to /camera/world/agv1_tag_pose
[INFO] [1789388844.018848605]: Subscribing to /camera/world/agv2_confidence
[INFO] [1789388844.021176559]: Subscribing to /camera/world/agv2_tag_pose
[INFO] [1789388844.023140988]: Subscribing to /camera/world/agv3_confidence
[INFO] [1789388844.024295175]: Subscribing to /camera/world/agv3_tag_pose
[INFO] [1789388844.025653455]: Subscribing to /camera/world/load_confidence
[INFO] [1789388844.026927694]: Subscribing to /camera/world/load_tag_pose
[INFO] [1789388844.027881746]: Subscribing to /experiment_recorder/armed
[INFO] [1789388844.029774648]: Subscribing to /experiment_recorder/method_id
[INFO] [1789388844.030777516]: Subscribing to /multi_agv/controller_state
[INFO] [1789388844.031656536]: Subscribing to /multi_agv/cooperative_state
[INFO] [1789388844.032795966]: Subscribing to /multi_agv/experiment_state
[INFO] [1789388844.034135659]: Subscribing to /multi_agv/formal_algorithm_state
[INFO] [1789388844.036770409]: Subscribing to /multi_agv/formal_execution_limiter_state
[INFO] [1789388844.039244026]: Subscribing to /multi_agv/m2b_algorithm_state
[INFO] [1789388844.040695113]: Subscribing to /multi_agv/path_reference
[INFO] [1789388844.041888321]: Subscribing to /multi_agv/risk_disturbance_state
[INFO] [1789388844.042958160]: Subscribing to /multi_agv/software_watchdog_diagnostics
[INFO] [1789388844.044302480]: Subscribing to /multi_agv/software_watchdog_ok
[INFO] [1789388844.046593940]: Subscribing to /multi_agv/state_projection_timing
[INFO] [1789388844.048684343]: Subscribing to /multi_agv/v5_exploration_quality_state
[INFO] [1789388844.050490038]: Subscribing to /multi_agv/yaw_drive_disturbance_state
[INFO] [1789388844.052616438]: Subscribing to /multi_agv/yaw_effectiveness_state
[INFO] [1789388844.053481580]: Subscribing to /pose_provider/agv1/base_motion_fused
[INFO] [1789388844.054988093]: Subscribing to /pose_provider/agv1/base_pose_filtered
[INFO] [1789388844.056864850]: Subscribing to /pose_provider/agv1/base_pose_fused
[INFO] [1789388844.058082537]: Subscribing to /pose_provider/agv1/base_pose_raw
[INFO] [1789388844.059708061]: Subscribing to /pose_provider/agv1/estimator_timing
[INFO] [1789388844.060781908]: Subscribing to /pose_provider/agv1/fusion_timing
[INFO] [1789388844.062032656]: Subscribing to /pose_provider/agv2/base_motion_fused
[INFO] [1789388844.062848845]: Subscribing to /pose_provider/agv2/base_pose_filtered
[INFO] [1789388844.063840150]: Subscribing to /pose_provider/agv2/base_pose_fused
[INFO] [1789388844.064896082]: Subscribing to /pose_provider/agv2/base_pose_raw
[INFO] [1789388844.065824378]: Subscribing to /pose_provider/agv2/estimator_timing
[INFO] [1789388844.066386461]: Subscribing to /pose_provider/agv2/fusion_timing
[INFO] [1789388844.066944789]: Subscribing to /pose_provider/agv3/base_motion_fused
[INFO] [1789388844.067570636]: Subscribing to /pose_provider/agv3/base_pose_filtered
[INFO] [1789388844.068781662]: Subscribing to /pose_provider/agv3/base_pose_fused
[INFO] [1789388844.070483945]: Subscribing to /pose_provider/agv3/base_pose_raw
[INFO] [1789388844.071131039]: Subscribing to /pose_provider/agv3/estimator_timing
[INFO] [1789388844.071707500]: Subscribing to /pose_provider/agv3/fusion_timing
[INFO] [1789388844.072246429]: Subscribing to /pose_provider/load/pose_filtered
[INFO] [1789388844.072831932]: Subscribing to /pose_provider/load/pose_raw
[INFO] [1789388844.073504868]: Subscribing to /vision/aruco/calibration_epoch
[INFO] [1789388844.074846036]: Recording to '/home/etlab/AGV_ROS/.worktrees/platform-foundation-linux/experiment_data/exp2c_v5_yaw_effectiveness_exploration/EFFECT_EXPLORATION_ONLY_NOT_FORMAL_PAPER_EVIDENCE_20260914_Y0_quality_observation_v2/Y0_gamma0p12_T3p5/M1_R1/M1_R1.bag'.
[INFO] [1789388844.082596]: Experiment recording armed after all required subscriptions connected: run_id=M1_R1 bag=/home/etlab/AGV_ROS/.worktrees/platform-foundation-linux/experiment_data/exp2c_v5_yaw_effectiveness_exploration/EFFECT_EXPLORATION_ONLY_NOT_FORMAL_PAPER_EVIDENCE_20260914_Y0_quality_observation_v2/Y0_gamma0p12_T3p5/M1_R1/M1_R1.bag
[31m================================================================================REQUIRED process [experiment_recorder-1] has died!
process has finished cleanly
log file: /home/etlab/.ros/log/7398dab6-b037-11f1-a6c1-018a5f4a331b/experiment_recorder-1*.log
Initiating shutdown!
================================================================================[0m
... logging to /home/etlab/.ros/log/7398dab6-b037-11f1-a6c1-018a5f4a331b/roslaunch-robot1-43189.log
Checking log directory for disk usage. This may take a while.
Press Ctrl-C to interrupt
Done checking log file disk usage. Usage is <1GB.
]2;/home/etlab/AGV_ROS/.worktrees/platform-foundation-linux/src/multi_agv_bringup/launch/experiment.launch
[1mstarted roslaunch server http://127.0.0.1:34507/[0m

SUMMARY
========

PARAMETERS
 * /agv1/capability_report: 90.0
 * /agv1/chassis_command: 90.0
 * /agv1/chassis_feedback: 90.0
 * /agv1/imu: 90.0
 * /agv1/odom: 90.0
 * /agv2/capability_report: 90.0
 * /agv2/chassis_command: 90.0
 * /agv2/chassis_feedback: 90.0
 * /agv2/imu: 90.0
 * /agv2/odom: 90.0
 * /agv3/capability_report: 90.0
 * /agv3/chassis_command: 90.0
 * /agv3/chassis_feedback: 90.0
 * /agv3/imu: 90.0
 * /agv3/odom: 90.0
 * /experiment_recorder/approval_id: 
 * /experiment_recorder/approval_registry: /home/etlab/AGV_R...
 * /experiment_recorder/arming_authorized: True
 * /experiment_recorder/camera_config_files: ['/home/etlab/AGV...
 * /experiment_recorder/camera_mode: False
 * /experiment_recorder/config_files: ['/home/etlab/AGV...
 * /experiment_recorder/connection_wait_seconds: 5.0
 * /experiment_recorder/experiment_id: exp2c_v5_yaw_effe...
 * /experiment_recorder/experiment_recording/camera_calibration_epoch_required: True
 * /experiment_recorder/experiment_recording/camera_required_topics: ['/vision/aruco/c...
 * /experiment_recorder/experiment_recording/camera_virtual_load_required_topics: ['/vision/aruco/c...
 * /experiment_recorder/experiment_recording/fused_required_topics: ['/pose_provider/...
 * /experiment_recorder/experiment_recording/localization_exclusion/maximum_consecutive_invalid_seconds: 0.1
 * /experiment_recorder/experiment_recording/localization_exclusion/maximum_invalid_fraction: 0.01
 * /experiment_recorder/experiment_recording/maximum_camera_calibration_epoch_changes: 0
 * /experiment_recorder/experiment_recording/method_required_topics/M1_R1: ['/multi_agv/expe...
 * /experiment_recorder/experiment_recording/method_required_topics/M1b_R1: ['/multi_agv/expe...
 * /experiment_recorder/experiment_recording/method_required_topics/M2a_R1: ['/multi_agv/expe...
 * /experiment_recorder/experiment_recording/method_required_topics/M2b_M2b: ['/multi_agv/m2b_...
 * /experiment_recorder/experiment_recording/recommended_topics: ['/multi_agv/expe...
 * /experiment_recorder/experiment_recording/registered_method_ids: ['M1_R1', 'M1b_R1...
 * /experiment_recorder/experiment_recording/required_topics: ['/agv1/chassis_c...
 * /experiment_recorder/experiment_recording/sample_period: 0.01
 * /experiment_recorder/experiment_recording/sequence_rules: [{'file': 'chassi...
 * /experiment_recorder/experiment_recording/topics: ['/agv1/chassis_c...
 * /experiment_recorder/formal_statistics_requested: False
 * /experiment_recorder/interface_version: agv_ros_interface...
 * /experiment_recorder/localization_source: odom_fake
 * /experiment_recorder/measured_payload_pose_topic: /pose_provider/lo...
 * /experiment_recorder/method_id: M1_R1
 * /experiment_recorder/metrics/evaluation_target: 5.17822971502571
 * /experiment_recorder/metrics/nominal_agv2_capability: 0.0
 * /experiment_recorder/metrics/nominal_common_velocity: 0.1
 * /experiment_recorder/operator: 
 * /experiment_recorder/output_root: /home/etlab/AGV_R...
 * /experiment_recorder/pair_block_id: Y0_gamma0p12_T3p5
 * /experiment_recorder/path_version: s_curve_v1
 * /experiment_recorder/payload_pose_source: equivalent_load
 * /experiment_recorder/payload_state: unloaded
 * /experiment_recorder/preflight_wait_seconds: 15.0
 * /experiment_recorder/require_approved_config: False
 * /experiment_recorder/require_windows_sender_manifest: False
 * /experiment_recorder/run_id: M1_R1
 * /experiment_recorder/virtual_load_from_robots: False
 * /experiment_recorder/wheel_speed_scale_freeze_id: 
 * /experiment_recorder/workspace: /home/etlab/AGV_R...
 * /multi_agv/controller_state: 90.0
 * /multi_agv/cooperative_state: 90.0
 * /multi_agv/formal_algorithm_state: 90.0
 * /multi_agv/m2b_algorithm_state: 90.0
 * /multi_agv/path_reference: 90.0
 * /rosdistro: noetic
 * /rosversion: 1.17.0

NODES
  /
    experiment_recorder (multi_agv_analysis/record_experiment.py)

[1mROS_MASTER_URI=http://127.0.0.1:11646[0m
]2;/home/etlab/AGV_ROS/.worktrees/platform-foundation-linux/src/multi_agv_bringup/launch/experiment.launch http://127.0.0.1:11646
[1mprocess[experiment_recorder-1]: started with pid [43231][0m
[experiment_recorder-1] killing on exit
shutting down processing monitor...
... shutting down processing monitor complete
[1mdone[0m
