ROS_IP=192.168.6.101
ROS_MASTER_URI=http://192.168.6.101:11311
Reference ID    : B97DBE38 (prod-ntp-3.ntp1.ps5.canonical.com)
System time     : 0.002041045 seconds fast of NTP time
Last offset     : +0.000432940 seconds
Leap status     : Normal
WARNING: Robot1 has uncommitted central software changes;  the recorder will preserve git_dirty and git_status metadata
 M src/multi_agv_analysis/scripts/analyze_candidate_B_spatial_gradient15_physical.py
 M src/multi_agv_analysis/test/test_candidate_B_spatial_gradient15_physical.py
EXPERIMENT_METHOD=M1b_R1 upper=M1b lower=R1
SHARED_CONDITION=R0.7_CW_SMOOTH_EXIT speed=0.10m/s target=5.178229715025710m
ROBOT2_DERATING=disabled
... logging to /home/etlab/.ros/log/a63400b8-b1b3-11f1-8c62-f908019ab386/roslaunch-robot1-13320.log
Checking log directory for disk usage. This may take a while.
Press Ctrl-C to interrupt
]2;/home/etlab/AGV_ROS/.worktrees/platform-foundation-linux/src/multi_agv_bringup/launch/camera_fused_virtual_load_state_estimator.launch
[1mstarted roslaunch server http://192.168.6.101:36859/[0m

SUMMARY
========

PARAMETERS
 * /path_state_estimator/auto_anchor_from_robot_poses: True
 * /path_state_estimator/camera_adapter/calibration_authorized: False
 * /path_state_estimator/camera_adapter/extrinsics_frozen: True
 * /path_state_estimator/camera_adapter/filter_alpha: 0.7
 * /path_state_estimator/camera_adapter/maximum_future_offset: 0.02
 * /path_state_estimator/camera_adapter/maximum_input_age: 0.15
 * /path_state_estimator/camera_adapter/minimum_confidence: 0.5
 * /path_state_estimator/camera_adapter/require_calibration_epoch: True
 * /path_state_estimator/camera_adapter/require_confidence: True
 * /path_state_estimator/camera_adapter/streams: [{'entity_id': 'a...
 * /path_state_estimator/camera_adapter/world_frame: world
 * /path_state_estimator/configuration_status: unloaded_paired_p...
 * /path_state_estimator/derive_virtual_load_from_robots: True
 * /path_state_estimator/estimator/filter_alpha: 0.9
 * /path_state_estimator/estimator/initial_progress: 0.0
 * /path_state_estimator/estimator/maximum_absolute_speed: 0.5
 * /path_state_estimator/estimator/maximum_measurement_interval: 0.2
 * /path_state_estimator/estimator/maximum_position_correction: 0.025
 * /path_state_estimator/estimator/minimum_measurement_interval: 1e-05
 * /path_state_estimator/estimator/projection_half_window: 0.35
 * /path_state_estimator/formal_fake_runtime/capability_reserve/body_angular_velocity: 0.0
 * /path_state_estimator/formal_fake_runtime/capability_reserve/body_linear_velocity: 0.0
 * /path_state_estimator/formal_fake_runtime/capability_reserve/path_acceleration: 0.0
 * /path_state_estimator/formal_fake_runtime/capability_reserve/path_deceleration: 0.0
 * /path_state_estimator/formal_fake_runtime/capability_reserve/wheel_linear_velocity: 0.0
 * /path_state_estimator/formal_fake_runtime/command_publication_authorized: False
 * /path_state_estimator/formal_fake_runtime/configuration_status: PILOT_SHARED_CIRC...
 * /path_state_estimator/formal_fake_runtime/confirm_test_area_clear: False
 * /path_state_estimator/formal_fake_runtime/confirm_unloaded_30cm_fixture: False
 * /path_state_estimator/formal_fake_runtime/confirm_wheels_on_floor: False
 * /path_state_estimator/formal_fake_runtime/distributed_initial/auxiliary: [0.0, 0.0, 0.0]
 * /path_state_estimator/formal_fake_runtime/distributed_initial/position: [0.0, 0.0, 0.0]
 * /path_state_estimator/formal_fake_runtime/distributed_initial/velocity: [0.1, 0.1, 0.1]
 * /path_state_estimator/formal_fake_runtime/emergency_abort_limit: 0.18
 * /path_state_estimator/formal_fake_runtime/execution/align_progress_to_initial_pose: False
 * /path_state_estimator/formal_fake_runtime/execution/consistent_reference_acceleration: True
 * /path_state_estimator/formal_fake_runtime/execution/emergency_abort_persistence_seconds: 0.1
 * /path_state_estimator/formal_fake_runtime/execution/initialization_hold_seconds: 0.3
 * /path_state_estimator/formal_fake_runtime/execution/initialization_max_wheel_speed: 0.015
 * /path_state_estimator/formal_fake_runtime/execution/reconciliation/enabled: False
 * /path_state_estimator/formal_fake_runtime/execution/startup_catchup_margin_mps: 0.008
 * /path_state_estimator/formal_fake_runtime/execution/startup_early_rise: 0.6
 * /path_state_estimator/formal_fake_runtime/execution/startup_feedback_ramp_seconds: 1.2
 * /path_state_estimator/formal_fake_runtime/execution/startup_ramp_seconds: 4.0
 * /path_state_estimator/formal_fake_runtime/execution/transient_capability_hold_seconds: 0.4
 * /path_state_estimator/formal_fake_runtime/execution/transient_feedback_hold_seconds: 0.1
 * /path_state_estimator/formal_fake_runtime/execution/transient_state_hold_seconds: 0.08
 * /path_state_estimator/formal_fake_runtime/experiment_id: m1_r1_circle_r0p7...
 * /path_state_estimator/formal_fake_runtime/initial_progress: 0.0
 * /path_state_estimator/formal_fake_runtime/leader/acceleration: 0.0
 * /path_state_estimator/formal_fake_runtime/leader/initial_position: 0.0
 * /path_state_estimator/formal_fake_runtime/leader/velocity: 0.1
 * /path_state_estimator/formal_fake_runtime/lower/initial_disturbance_estimate: 0.08
 * /path_state_estimator/formal_fake_runtime/lower/initial_parameter: [0.0, 0.0]
 * /path_state_estimator/formal_fake_runtime/lower/velocity_lower_bound: -0.15
 * /path_state_estimator/formal_fake_runtime/lower/velocity_upper_bound: 0.58
 * /path_state_estimator/formal_fake_runtime/maximum_capability_age: 0.25
 * /path_state_estimator/formal_fake_runtime/maximum_feedback_age: 0.25
 * /path_state_estimator/formal_fake_runtime/maximum_recorder_armed_age: 0.5
 * /path_state_estimator/formal_fake_runtime/maximum_state_age: 0.22
 * /path_state_estimator/formal_fake_runtime/minimum_battery_voltage: 9.5
 * /path_state_estimator/formal_fake_runtime/minimum_battery_voltage_duration: 0.5
 * /path_state_estimator/formal_fake_runtime/publish_rate: 100.0
 * /path_state_estimator/formal_fake_runtime/require_recorder_armed: True
 * /path_state_estimator/formal_fake_runtime/require_valid_load_state: True
 * /path_state_estimator/formal_fake_runtime/risk/capability_reserve: 0.005
 * /path_state_estimator/formal_fake_runtime/risk/capability_safe_margin: 0.01
 * /path_state_estimator/formal_fake_runtime/risk/input_safe_margin: 0.4
 * /path_state_estimator/formal_fake_runtime/risk/maximum_watchdog_age: 0.25
 * /path_state_estimator/formal_fake_runtime/risk/position_limit: 0.12
 * /path_state_estimator/formal_fake_runtime/risk/position_safe_margin: 0.06
 * /path_state_estimator/formal_fake_runtime/risk/require_software_watchdog: False
 * /path_state_estimator/formal_fake_runtime/risk/wheel_safe_margin: 0.01
 * /path_state_estimator/formal_fake_runtime/schema_version: 1
 * /path_state_estimator/formal_fake_runtime/serial_execution_authorized: True
 * /path_state_estimator/formal_fake_runtime/target_progress: 5.17822971502571
 * /path_state_estimator/formal_fake_runtime/tracker/angular_feedforward_scale_negative: [0.94, 0.95122187...
 * /path_state_estimator/formal_fake_runtime/tracker/angular_feedforward_scale_positive: [0.78, 0.78081021...
 * /path_state_estimator/formal_fake_runtime/tracker/base_to_support: [{'x': -0.01783, ...
 * /path_state_estimator/formal_fake_runtime/tracker/chassis_reference_samples: 10001
 * /path_state_estimator/formal_fake_runtime/tracker/curvature_preview_seconds_negative: [0.05, 0.0, 0.05]
 * /path_state_estimator/formal_fake_runtime/tracker/curvature_preview_seconds_positive: [0.05, 0.0, 0.05]
 * /path_state_estimator/formal_fake_runtime/tracker/formation_heading_gain: 0.7
 * /path_state_estimator/formal_fake_runtime/tracker/formation_lateral_gain: 0.85
 * /path_state_estimator/formal_fake_runtime/tracker/formation_longitudinal_gain: 0.25
 * /path_state_estimator/formal_fake_runtime/tracker/heading_gain: 2.0
 * /path_state_estimator/formal_fake_runtime/tracker/heading_gain_per_robot: [3.5, 3.0, 3.0]
 * /path_state_estimator/formal_fake_runtime/tracker/lateral_gain: 2.0
 * /path_state_estimator/formal_fake_runtime/tracker/lateral_gain_per_robot: [4.8, 3.4, 4.0]
 * /path_state_estimator/formal_fake_runtime/tracker/longitudinal_gain: 1.0
 * /path_state_estimator/formal_fake_runtime/tracker/longitudinal_gain_per_robot: [1.0, 1.0, 1.0]
 * /path_state_estimator/formal_fake_runtime/tracker/wheel_separation: [0.135484339, 0.1...
 * /path_state_estimator/hardware_execution_authorized: True
 * /path_state_estimator/load_pose_topic: /pose_provider/lo...
 * /path_state_estimator/localization_mode: fused
 * /path_state_estimator/maximum_load_path_transient_hold: 0.05
 * /path_state_estimator/maximum_motion_projection_seconds: 0.12
 * /path_state_estimator/maximum_rigid_fit_residual: 0.025
 * /path_state_estimator/maximum_robot_path_transient_hold: 0.05
 * /path_state_estimator/maximum_runtime_rigid_fit_residual: 0.08
 * /path_state_estimator/maximum_state_age: 0.22
 * /path_state_estimator/maximum_sync_slop: 0.02
 * /path_state_estimator/maximum_synchronized_snapshot_hold: 0.2
 * /path_state_estimator/output_frame: three_car_path
 * /path_state_estimator/path_s_curve/amplitude: 0.0
 * /path_state_estimator/path_s_curve/circle_direction: -1.0
 * /path_state_estimator/path_s_curve/circle_radius: 0.7
 * /path_state_estimator/path_s_curve/configuration_status: frozen_m1_r1_circ...
 * /path_state_estimator/path_s_curve/curvature_ramp_length: 0.4
 * /path_state_estimator/path_s_curve/entry_straight_length: 0.2
 * /path_state_estimator/path_s_curve/exit_straight_length: 0.18
 * /path_state_estimator/path_s_curve/hardware_execution_authorized: False
 * /path_state_estimator/path_s_curve/longitudinal_length: 4.99822971502571
 * /path_state_estimator/path_s_curve/lookup_samples: 60001
 * /path_state_estimator/path_s_curve/model: circle_smooth_ent...
 * /path_state_estimator/path_s_curve/schema_version: 1
 * /path_state_estimator/projector/coarse_samples: 81
 * /path_state_estimator/projector/convergence_tolerance: 1e-09
 * /path_state_estimator/projector/maximum_projection_distance: 0.15
 * /path_state_estimator/projector/maximum_refinement_iterations: 48
 * /path_state_estimator/publish_rate: 100.0
 * /path_state_estimator/require_calibration_epoch: True
 * /path_state_estimator/robots: [{'robot_id': 'ag...
 * /path_state_estimator/runtime_rigid_fit_confirmation_seconds: 0.2
 * /path_state_estimator/signed_start_extension: 0.025
 * /path_state_estimator/support_geometry/configuration_status: unloaded_equilate...
 * /path_state_estimator/support_geometry/coordinate_convention: load_path_frenet_...
 * /path_state_estimator/support_geometry/hardware_execution_authorized: False
 * /path_state_estimator/support_geometry/minimum_nondegeneracy: 0.2
 * /path_state_estimator/support_geometry/minimum_speed_scale: 0.2
 * /path_state_estimator/support_geometry/schema_version: 1
 * /path_state_estimator/support_geometry/supports: [{'robot_id': 'ag...
 * /path_state_estimator/support_geometry/validation_samples: 10001
 * /path_state_estimator/synchronization_queue_size: 64
 * /path_state_estimator/use_fused_motion_velocity: True
 * /rosdistro: noetic
 * /rosversion: 1.17.0

NODES
  /
    path_state_estimator (multi_agv_control/path_state_estimator_node)
[33m[WARN] [1789552502.137242945]: No synchronized camera-fused three-robot snapshot (slop=0.020000 s)[0m
[INFO] [1789552502.837221]: Observing the read-only three-car graph for 5.00 seconds
[INFO] [1789552507.852041]: agv1/odom: 501 samples, 99.99 Hz
[INFO] [1789552507.852952]: agv1/chassis_feedback: 500 samples, 99.96 Hz
[INFO] [1789552507.853751]: agv1/capability_report: 500 samples, 99.95 Hz
[INFO] [1789552507.855093]: agv1 STM32 serial feedback age: 0.009408 s, packet_seq 397769 -> 399017
[INFO] [1789552507.855909]: agv2/odom: 500 samples, 99.90 Hz
[INFO] [1789552507.856804]: agv2/chassis_feedback: 500 samples, 99.96 Hz
[INFO] [1789552507.857602]: agv2/capability_report: 500 samples, 99.96 Hz
[INFO] [1789552507.858716]: agv2 STM32 serial feedback age: 0.013935 s, packet_seq 399884 -> 401132
[INFO] [1789552507.859384]: agv3/odom: 500 samples, 100.03 Hz
[INFO] [1789552507.860113]: agv3/chassis_feedback: 500 samples, 100.02 Hz
[INFO] [1789552507.860649]: agv3/capability_report: 500 samples, 100.03 Hz
[INFO] [1789552507.861705]: agv3 STM32 serial feedback age: 0.008319 s, packet_seq 1404814 -> 1406062
[INFO] [1789552507.862318]: multi_agv/cooperative_state: 501 samples, 100.00 Hz
[INFO] [1789552507.863064]: cooperative validity robot=[True, True, True] support=[True, True, True] path=[True, True, True] load_pose=True load_path=True
[INFO] [1789552507.865006]: cooperative odometry stamp spread: latest 0.004204 s, maximum observed 0.007365 s over 451 samples
[INFO] [1789552507.865673]: THREE-CAR READ-ONLY GATE: PASSED
[INFO] [1789552507.866256]: Topology-only pass: motion remains prohibited until a second pass with --require-valid-state
... logging to /home/etlab/.ros/log/a63400b8-b1b3-11f1-8c62-f908019ab386/roslaunch-robot1-13508.log
Checking log directory for disk usage. This may take a while.
Press Ctrl-C to interrupt
]2;/home/etlab/AGV_ROS/.worktrees/platform-foundation-linux/src/multi_agv_bringup/launch/formal_serial_m1_r1.launch
[1mstarted roslaunch server http://192.168.6.101:34211/[0m

SUMMARY
========

PARAMETERS
 * /formal_algorithm/authorization_scope/evaluation_config: src/multi_agv_bri...
 * /formal_algorithm/authorization_scope/experiment_id: candidate_B_spati...
 * /formal_algorithm/authorization_scope/operator_authorization/authorized_at_utc: 2026-09-16T09:54:57Z
 * /formal_algorithm/authorization_scope/operator_authorization/frozen_git_sha: 6e456f37bdccb9cc0...
 * /formal_algorithm/authorization_scope/operator_authorization/operator: ETLAB
 * /formal_algorithm/authorization_scope/operator_authorization/pair_block_id: CBG15_02
 * /formal_algorithm/authorization_scope/operator_authorization/run_id: candidate_B_spati...
 * /formal_algorithm/authorization_scope/operator_authorization/source: runtime_operator_...
 * /formal_algorithm/authorization_scope/path_config: src/multi_agv_bri...
 * /formal_algorithm/authorization_scope/robot2_derating: False
 * /formal_algorithm/authorization_scope/runtime_config: src/multi_agv_bri...
 * /formal_algorithm/authorization_scope/target_progress: 5.17822971502571
 * /formal_algorithm/authorization_scope/upper_config: src/multi_agv_bri...
 * /formal_algorithm/estimator/filter_alpha: 0.9
 * /formal_algorithm/formal_fake_runtime/candidate_b/enabled: False
 * /formal_algorithm/formal_fake_runtime/candidate_b_spatial_composite/disturbance_model_version: candidate_B_v2_sp...
 * /formal_algorithm/formal_fake_runtime/candidate_b_spatial_composite/enabled: True
 * /formal_algorithm/formal_fake_runtime/candidate_b_spatial_composite/freeze_id: candidate_B_v2_sp...
 * /formal_algorithm/formal_fake_runtime/candidate_b_spatial_composite/longitudinal_amplitude: 0.02
 * /formal_algorithm/formal_fake_runtime/candidate_b_spatial_composite/longitudinal_frequency: 1.0
 * /formal_algorithm/formal_fake_runtime/candidate_b_spatial_composite/longitudinal_phase: 0.0
 * /formal_algorithm/formal_fake_runtime/candidate_b_spatial_composite/minimum_effectiveness: 0.85
 * /formal_algorithm/formal_fake_runtime/candidate_b_spatial_composite/ramp_in_distance: 0.05
 * /formal_algorithm/formal_fake_runtime/candidate_b_spatial_composite/ramp_out_distance: 0.05
 * /formal_algorithm/formal_fake_runtime/candidate_b_spatial_composite/severity_scale: [1.0, 1.15, 0.85]
 * /formal_algorithm/formal_fake_runtime/candidate_b_spatial_composite/yaw_amplitude: 0.2625
 * /formal_algorithm/formal_fake_runtime/candidate_b_spatial_composite/yaw_frequency: 1.0
 * /formal_algorithm/formal_fake_runtime/candidate_b_spatial_composite/yaw_phase: 1.5707963267948966
 * /formal_algorithm/formal_fake_runtime/candidate_b_spatial_composite/zone_end: 2.8
 * /formal_algorithm/formal_fake_runtime/candidate_b_spatial_composite/zone_start: 2.0
 * /formal_algorithm/formal_fake_runtime/candidate_b_spatial_physical/enabled: True
 * /formal_algorithm/formal_fake_runtime/candidate_b_spatial_physical/experiment_id: candidate_B_spati...
 * /formal_algorithm/formal_fake_runtime/candidate_b_spatial_physical/hardware_execution_authorized: True
 * /formal_algorithm/formal_fake_runtime/candidate_b_spatial_physical/operator_authorization/authorized_at_utc: 2026-09-16T09:54:57Z
 * /formal_algorithm/formal_fake_runtime/candidate_b_spatial_physical/operator_authorization/frozen_git_sha: 6e456f37bdccb9cc0...
 * /formal_algorithm/formal_fake_runtime/candidate_b_spatial_physical/operator_authorization/operator: ETLAB
 * /formal_algorithm/formal_fake_runtime/candidate_b_spatial_physical/operator_authorization/pair_block_id: CBG15_02
 * /formal_algorithm/formal_fake_runtime/candidate_b_spatial_physical/operator_authorization/run_id: candidate_B_spati...
 * /formal_algorithm/formal_fake_runtime/candidate_b_spatial_physical/operator_authorization/source: runtime_operator_...
 * /formal_algorithm/formal_fake_runtime/candidate_b_spatial_physical/payload_mode: unloaded_equivale...
 * /formal_algorithm/formal_fake_runtime/candidate_b_spatial_physical/software_qualification_passed: True
 * /formal_algorithm/formal_fake_runtime/capability_reserve/body_angular_velocity: 0.0
 * /formal_algorithm/formal_fake_runtime/capability_reserve/body_linear_velocity: 0.0
 * /formal_algorithm/formal_fake_runtime/capability_reserve/path_acceleration: 0.0
 * /formal_algorithm/formal_fake_runtime/capability_reserve/path_deceleration: 0.0
 * /formal_algorithm/formal_fake_runtime/capability_reserve/wheel_linear_velocity: 0.0
 * /formal_algorithm/formal_fake_runtime/classic_additive_candidate_A/angular_amplitude: 0.35
 * /formal_algorithm/formal_fake_runtime/classic_additive_candidate_A/angular_frequency: 1.0
 * /formal_algorithm/formal_fake_runtime/classic_additive_candidate_A/angular_phase: 1.5707963267948966
 * /formal_algorithm/formal_fake_runtime/classic_additive_candidate_A/duration: 8.0
 * /formal_algorithm/formal_fake_runtime/classic_additive_candidate_A/enabled: False
 * /formal_algorithm/formal_fake_runtime/classic_additive_candidate_A/linear_amplitude: 0.03
 * /formal_algorithm/formal_fake_runtime/classic_additive_candidate_A/linear_frequency: 1.0
 * /formal_algorithm/formal_fake_runtime/classic_additive_candidate_A/ramp_in: 0.5
 * /formal_algorithm/formal_fake_runtime/classic_additive_candidate_A/ramp_out: 0.5
 * /formal_algorithm/formal_fake_runtime/classic_additive_candidate_A/trigger_progress: 2.0
 * /formal_algorithm/formal_fake_runtime/classic_additive_physical/allowed_scales: [0.25, 0.5, 0.75,...
 * /formal_algorithm/formal_fake_runtime/classic_additive_physical/enabled: False
 * /formal_algorithm/formal_fake_runtime/classic_additive_physical/experiment_id: classic_additive_...
 * /formal_algorithm/formal_fake_runtime/classic_additive_physical/hardware_execution_authorized: False
 * /formal_algorithm/formal_fake_runtime/classic_additive_physical/m2b_physical_authorized: True
 * /formal_algorithm/formal_fake_runtime/classic_additive_physical/maximum_qualified_scale: 1.0
 * /formal_algorithm/formal_fake_runtime/classic_additive_physical/qualification_scale: 0.25
 * /formal_algorithm/formal_fake_runtime/classic_additive_physical/qualification_status: ALL_FROZEN_LEVELS...
 * /formal_algorithm/formal_fake_runtime/classic_additive_physical/target_robot_id: 2
 * /formal_algorithm/formal_fake_runtime/command_publication_authorized: True
 * /formal_algorithm/formal_fake_runtime/configuration_status: PILOT_SHARED_CIRC...
 * /formal_algorithm/formal_fake_runtime/confirm_test_area_clear: True
 * /formal_algorithm/formal_fake_runtime/confirm_unloaded_30cm_fixture: True
 * /formal_algorithm/formal_fake_runtime/confirm_wheels_on_floor: True
 * /formal_algorithm/formal_fake_runtime/distributed_initial/auxiliary: [0.0, 0.0, 0.0]
 * /formal_algorithm/formal_fake_runtime/distributed_initial/position: [0.0, 0.0, 0.0]
 * /formal_algorithm/formal_fake_runtime/distributed_initial/velocity: [0.1, 0.1, 0.1]
 * /formal_algorithm/formal_fake_runtime/emergency_abort_limit: 0.18
 * /formal_algorithm/formal_fake_runtime/execution/align_progress_to_initial_pose: False
 * /formal_algorithm/formal_fake_runtime/execution/consistent_reference_acceleration: True
 * /formal_algorithm/formal_fake_runtime/execution/emergency_abort_persistence_seconds: 0.1
 * /formal_algorithm/formal_fake_runtime/execution/initialization_hold_seconds: 0.3
 * /formal_algorithm/formal_fake_runtime/execution/initialization_max_wheel_speed: 0.015
 * /formal_algorithm/formal_fake_runtime/execution/reconciliation/enabled: False
 * /formal_algorithm/formal_fake_runtime/execution/startup_catchup_margin_mps: 0.008
 * /formal_algorithm/formal_fake_runtime/execution/startup_early_rise: 0.6
 * /formal_algorithm/formal_fake_runtime/execution/startup_feedback_ramp_seconds: 1.2
 * /formal_algorithm/formal_fake_runtime/execution/startup_ramp_seconds: 4.0
 * /formal_algorithm/formal_fake_runtime/execution/transient_capability_hold_seconds: 0.4
 * /formal_algorithm/formal_fake_runtime/execution/transient_feedback_hold_seconds: 0.1
 * /formal_algorithm/formal_fake_runtime/execution/transient_state_hold_seconds: 0.08
 * /formal_algorithm/formal_fake_runtime/experiment_id: candidate_B_spati...
 * /formal_algorithm/formal_fake_runtime/initial_progress: 0.0
 * /formal_algorithm/formal_fake_runtime/leader/acceleration: 0.0
 * /formal_algorithm/formal_fake_runtime/leader/initial_position: 0.0
 * /formal_algorithm/formal_fake_runtime/leader/velocity: 0.1
 * /formal_algorithm/formal_fake_runtime/lower/initial_disturbance_estimate: 0.08
 * /formal_algorithm/formal_fake_runtime/lower/initial_parameter: [0.0, 0.0]
 * /formal_algorithm/formal_fake_runtime/lower/velocity_lower_bound: -0.15
 * /formal_algorithm/formal_fake_runtime/lower/velocity_upper_bound: 0.58
 * /formal_algorithm/formal_fake_runtime/maximum_capability_age: 0.25
 * /formal_algorithm/formal_fake_runtime/maximum_feedback_age: 0.25
 * /formal_algorithm/formal_fake_runtime/maximum_recorder_armed_age: 0.5
 * /formal_algorithm/formal_fake_runtime/maximum_state_age: 0.22
 * /formal_algorithm/formal_fake_runtime/minimum_battery_voltage: 9.5
 * /formal_algorithm/formal_fake_runtime/minimum_battery_voltage_duration: 0.5
 * /formal_algorithm/formal_fake_runtime/publish_rate: 100.0
 * /formal_algorithm/formal_fake_runtime/require_recorder_armed: True
 * /formal_algorithm/formal_fake_runtime/require_valid_load_state: True
 * /formal_algorithm/formal_fake_runtime/risk/capability_reserve: 0.005
 * /formal_algorithm/formal_fake_runtime/risk/capability_safe_margin: 0.01
 * /formal_algorithm/formal_fake_runtime/risk/input_safe_margin: 0.4
 * /formal_algorithm/formal_fake_runtime/risk/maximum_watchdog_age: 0.25
 * /formal_algorithm/formal_fake_runtime/risk/position_limit: 0.12
 * /formal_algorithm/formal_fake_runtime/risk/position_safe_margin: 0.06
 * /formal_algorithm/formal_fake_runtime/risk/require_software_watchdog: False
 * /formal_algorithm/formal_fake_runtime/risk/wheel_safe_margin: 0.01
 * /formal_algorithm/formal_fake_runtime/risk_disturbance_v1/enabled: False
 * /formal_algorithm/formal_fake_runtime/risk_disturbance_v1/end_s: 2.8
 * /formal_algorithm/formal_fake_runtime/risk_disturbance_v1/frequency_hz: 0.3
 * /formal_algorithm/formal_fake_runtime/risk_disturbance_v1/nominal_speed: 0.1
 * /formal_algorithm/formal_fake_runtime/risk_disturbance_v1/peak_fraction: 0.3
 * /formal_algorithm/formal_fake_runtime/risk_disturbance_v1/start_s: 2.0
 * /formal_algorithm/formal_fake_runtime/risk_disturbance_v1/transition_length: 0.15
 * /formal_algorithm/formal_fake_runtime/schema_version: 1
 * /formal_algorithm/formal_fake_runtime/serial_execution_authorized: True
 * /formal_algorithm/formal_fake_runtime/target_progress: 5.17822971502571
 * /formal_algorithm/formal_fake_runtime/tracker/angular_feedforward_scale_negative: [0.94, 0.95122187...
 * /formal_algorithm/formal_fake_runtime/tracker/angular_feedforward_scale_positive: [0.78, 0.78081021...
 * /formal_algorithm/formal_fake_runtime/tracker/base_to_support: [{'x': -0.01783, ...
 * /formal_algorithm/formal_fake_runtime/tracker/chassis_reference_samples: 10001
 * /formal_algorithm/formal_fake_runtime/tracker/curvature_preview_seconds_negative: [0.05, 0.0, 0.05]
 * /formal_algorithm/formal_fake_runtime/tracker/curvature_preview_seconds_positive: [0.05, 0.0, 0.05]
 * /formal_algorithm/formal_fake_runtime/tracker/formation_heading_gain: 0.7
 * /formal_algorithm/formal_fake_runtime/tracker/formation_lateral_gain: 0.85
 * /formal_algorithm/formal_fake_runtime/tracker/formation_longitudinal_gain: 0.25
 * /formal_algorithm/formal_fake_runtime/tracker/heading_gain: 2.0
 * /formal_algorithm/formal_fake_runtime/tracker/heading_gain_per_robot: [3.5, 3.0, 3.0]
 * /formal_algorithm/formal_fake_runtime/tracker/lateral_gain: 2.0
 * /formal_algorithm/formal_fake_runtime/tracker/lateral_gain_per_robot: [4.8, 3.4, 4.0]
 * /formal_algorithm/formal_fake_runtime/tracker/longitudinal_gain: 1.0
 * /formal_algorithm/formal_fake_runtime/tracker/longitudinal_gain_per_robot: [1.0, 1.0, 1.0]
 * /formal_algorithm/formal_fake_runtime/tracker/wheel_separation: [0.135484339, 0.1...
 * /formal_algorithm/formal_lower/adaptation_enabled: True
 * /formal_algorithm/formal_lower/adaptation_gain: [0.12, 0.12]
 * /formal_algorithm/formal_lower/algorithm_execution_authorized: True
 * /formal_algorithm/formal_lower/composite_gain: 1.2
 * /formal_algorithm/formal_lower/configuration_status: complete_lower_go...
 * /formal_algorithm/formal_lower/constraint_margin: 2e-05
 * /formal_algorithm/formal_lower/disturbance_adaptation_gain: 1.0
 * /formal_algorithm/formal_lower/disturbance_compensation_enabled: True
 * /formal_algorithm/formal_lower/disturbance_estimate_max: 0.55
 * /formal_algorithm/formal_lower/disturbance_leakage: 0.08
 * /formal_algorithm/formal_lower/feedback_gain: 2.4
 * /formal_algorithm/formal_lower/golden_vectors_verified: True
 * /formal_algorithm/formal_lower/hardware_execution_authorized: True
 * /formal_algorithm/formal_lower/mode: R1
 * /formal_algorithm/formal_lower/parameter_leakage: 0.025
 * /formal_algorithm/formal_lower/parameter_max: [0.8, 0.8]
 * /formal_algorithm/formal_lower/parameter_min: [-0.8, -0.8]
 * /formal_algorithm/formal_lower/robust_boundary_layer: 0.055
 * /formal_algorithm/formal_lower/schema_version: 1
 * /formal_algorithm/formal_lower/sustained_saturation_seconds: 0.5
 * /formal_algorithm/formal_lower/update_rate: 100.0
 * /formal_algorithm/formal_upper/agents/initial_lower: [-0.015, -0.015, ...
 * /formal_algorithm/formal_upper/agents/initial_upper: [0.115, 0.115, 0....
 * /formal_algorithm/formal_upper/agents/inner_margin: [0.005, 0.005, 0....
 * /formal_algorithm/formal_upper/agents/minimum_width: [0.065, 0.065, 0....
 * /formal_algorithm/formal_upper/agents/nominal_lower: [-0.015, -0.015, ...
 * /formal_algorithm/formal_upper/agents/nominal_upper: [0.115, 0.115, 0....
 * /formal_algorithm/formal_upper/agents/physical_lower: [-0.03, -0.03, -0...
 * /formal_algorithm/formal_upper/agents/physical_margin_lower: [0.005, 0.005, 0....
 * /formal_algorithm/formal_upper/agents/physical_margin_upper: [0.005, 0.005, 0....
 * /formal_algorithm/formal_upper/agents/physical_upper: [0.125, 0.125, 0....
 * /formal_algorithm/formal_upper/agents/restore_gain_lower: [0.55, 0.55, 0.55]
 * /formal_algorithm/formal_upper/agents/restore_gain_upper: [0.65, 0.65, 0.65]
 * /formal_algorithm/formal_upper/agents/risk_decay: [0.42, 0.42, 0.42]
 * /formal_algorithm/formal_upper/agents/risk_gain_lower: [0.036, 0.036, 0....
 * /formal_algorithm/formal_upper/agents/risk_gain_upper: [0.1, 0.1, 0.1]
 * /formal_algorithm/formal_upper/agents/risk_scale: [0.95, 0.95, 0.95]
 * /formal_algorithm/formal_upper/agents/zero_margin: [0.005, 0.005, 0....
 * /formal_algorithm/formal_upper/algorithm_execution_authorized: True
 * /formal_algorithm/formal_upper/configuration_status: EXP2C_SOFTWARE_RE...
 * /formal_algorithm/formal_upper/controller_ticks_per_update: 4
 * /formal_algorithm/formal_upper/golden_vectors_verified: True
 * /formal_algorithm/formal_upper/hard_capability_envelope/capability_reserve: 0.005
 * /formal_algorithm/formal_upper/hard_capability_envelope/enabled: True
 * /formal_algorithm/formal_upper/hardware_execution_authorized: True
 * /formal_algorithm/formal_upper/m1b_hardware_execution_authorized: True
 * /formal_algorithm/formal_upper/mode: M1b
 * /formal_algorithm/formal_upper/schema_version: 1
 * /formal_algorithm/path_s_curve/amplitude: 0.0
 * /formal_algorithm/path_s_curve/circle_direction: -1.0
 * /formal_algorithm/path_s_curve/circle_radius: 0.7
 * /formal_algorithm/path_s_curve/configuration_status: frozen_m1_r1_circ...
 * /formal_algorithm/path_s_curve/curvature_ramp_length: 0.4
 * /formal_algorithm/path_s_curve/entry_straight_length: 0.2
 * /formal_algorithm/path_s_curve/exit_straight_length: 0.18
 * /formal_algorithm/path_s_curve/hardware_execution_authorized: False
 * /formal_algorithm/path_s_curve/longitudinal_length: 4.99822971502571
 * /formal_algorithm/path_s_curve/lookup_samples: 60001
 * /formal_algorithm/path_s_curve/model: circle_smooth_ent...
 * /formal_algorithm/path_s_curve/schema_version: 1
 * /formal_algorithm/platform_transport_type: serial
 * /formal_algorithm/support_geometry/configuration_status: unloaded_equilate...
 * /formal_algorithm/support_geometry/coordinate_convention: load_path_frenet_...
 * /formal_algorithm/support_geometry/hardware_execution_authorized: False
 * /formal_algorithm/support_geometry/minimum_nondegeneracy: 0.2
 * /formal_algorithm/support_geometry/minimum_speed_scale: 0.2
 * /formal_algorithm/support_geometry/schema_version: 1
 * /formal_algorithm/support_geometry/supports: [{'robot_id': 'ag...
 * /formal_algorithm/support_geometry/validation_samples: 10001
 * /rosdistro: noetic
 * /rosversion: 1.17.0

NODES
  /
    formal_algorithm (multi_agv_control/formal_algorithm_node)
[33m[WARN] [1789552509.074739735]: Formal algorithm integration ready: transport=serial upper=M1b lower=R1 recorder_required=true[0m
[33m[WARN] [1789552509.086768873]: Formal algorithm held fail-zero: waiting for three serial chassis command-sequence handoffs[0m
[33m[WARN] [1789552509.285472108]: Formal algorithm held at zero until a fresh experiment recorder heartbeat confirms method_id=M1b_R1[0m
[33m[WARN] [1789552510.285713028]: Formal algorithm held at zero until a fresh experiment recorder heartbeat confirms method_id=M1b_R1[0m
[0m[INFO] [1789552510.302024068]: Subscribing to /agv1/capability_report[0m
[0m[INFO] [1789552510.303159544]: Subscribing to /agv1/chassis_command[0m
[0m[INFO] [1789552510.303754671]: Subscribing to /agv1/chassis_feedback[0m
[0m[INFO] [1789552510.306356026]: Subscribing to /agv1/derating_command[0m
[0m[INFO] [1789552510.307539164]: Subscribing to /agv1/imu[0m
[0m[INFO] [1789552510.309794662]: Subscribing to /agv1/odom[0m
[0m[INFO] [1789552510.311452263]: Subscribing to /agv2/capability_report[0m
[0m[INFO] [1789552510.312858571]: Subscribing to /agv2/chassis_command[0m
[0m[INFO] [1789552510.313676574]: Subscribing to /agv2/chassis_feedback[0m
[0m[INFO] [1789552510.314412386]: Subscribing to /agv2/derating_command[0m
[0m[INFO] [1789552510.315558943]: Subscribing to /agv2/imu[0m
[0m[INFO] [1789552510.316501964]: Subscribing to /agv2/odom[0m
[0m[INFO] [1789552510.317618858]: Subscribing to /agv3/capability_report[0m
[0m[INFO] [1789552510.318592456]: Subscribing to /agv3/chassis_command[0m
[0m[INFO] [1789552510.319409537]: Subscribing to /agv3/chassis_feedback[0m
[0m[INFO] [1789552510.320221180]: Subscribing to /agv3/derating_command[0m
[0m[INFO] [1789552510.321064528]: Subscribing to /agv3/imu[0m
[0m[INFO] [1789552510.321824839]: Subscribing to /agv3/odom[0m
[0m[INFO] [1789552510.322537584]: Subscribing to /camera/world/agv1_confidence[0m
[0m[INFO] [1789552510.323285162]: Subscribing to /camera/world/agv1_tag_pose[0m
[0m[INFO] [1789552510.324070483]: Subscribing to /camera/world/agv2_confidence[0m
[0m[INFO] [1789552510.325213601]: Subscribing to /camera/world/agv2_tag_pose[0m
[0m[INFO] [1789552510.327093235]: Subscribing to /camera/world/agv3_confidence[0m
[0m[INFO] [1789552510.328660263]: Subscribing to /camera/world/agv3_tag_pose[0m
[0m[INFO] [1789552510.329634738]: Subscribing to /camera/world/load_confidence[0m
[0m[INFO] [1789552510.331266700]: Subscribing to /camera/world/load_tag_pose[0m
[0m[INFO] [1789552510.332480793]: Subscribing to /experiment_recorder/armed[0m
[0m[INFO] [1789552510.333251753]: Subscribing to /experiment_recorder/method_id[0m
[0m[INFO] [1789552510.333990274]: Subscribing to /multi_agv/candidate_B_spatial_composite_state[0m
[0m[INFO] [1789552510.334665409]: Subscribing to /multi_agv/controller_state[0m
[0m[INFO] [1789552510.336669613]: Subscribing to /multi_agv/cooperative_state[0m
[0m[INFO] [1789552510.337675867]: Subscribing to /multi_agv/experiment_state[0m
[0m[INFO] [1789552510.338699362]: Subscribing to /multi_agv/formal_algorithm_state[0m
[0m[INFO] [1789552510.339594774]: Subscribing to /multi_agv/formal_execution_limiter_state[0m
[0m[INFO] [1789552510.340463648]: Subscribing to /multi_agv/m2b_algorithm_state[0m
[0m[INFO] [1789552510.341335028]: Subscribing to /multi_agv/path_reference[0m
[0m[INFO] [1789552510.342014163]: Subscribing to /multi_agv/risk_disturbance_state[0m
[0m[INFO] [1789552510.342648456]: Subscribing to /multi_agv/software_watchdog_diagnostics[0m
[0m[INFO] [1789552510.343892072]: Subscribing to /multi_agv/software_watchdog_ok[0m
[0m[INFO] [1789552510.345139676]: Subscribing to /multi_agv/state_projection_timing[0m
[0m[INFO] [1789552510.346112011]: Subscribing to /multi_agv/yaw_drive_disturbance_state[0m
[0m[INFO] [1789552510.346699277]: Subscribing to /pose_provider/agv1/base_motion_fused[0m
[0m[INFO] [1789552510.347293913]: Subscribing to /pose_provider/agv1/base_pose_filtered[0m
[0m[INFO] [1789552510.348319832]: Subscribing to /pose_provider/agv1/base_pose_fused[0m
[0m[INFO] [1789552510.349909311]: Subscribing to /pose_provider/agv1/base_pose_raw[0m
[0m[INFO] [1789552510.351529454]: Subscribing to /pose_provider/agv1/estimator_timing[0m
[0m[INFO] [1789552510.353178449]: Subscribing to /pose_provider/agv1/fusion_timing[0m
[0m[INFO] [1789552510.354961272]: Subscribing to /pose_provider/agv2/base_motion_fused[0m
[0m[INFO] [1789552510.358362558]: Subscribing to /pose_provider/agv2/base_pose_filtered[0m
[0m[INFO] [1789552510.359988116]: Subscribing to /pose_provider/agv2/base_pose_[INFO] [1789552566.269204]: All six wheels remained within 0.010 m/s for 0.100 s
fused[0m
[0m[INFO] [1789552510.362777889]: Subscribing to /pose_provider/agv2/base_pose_raw[0m
[0m[INFO] [1789552510.367872246]: Subscribing to /pose_provider/agv2/estimator_timing[0m
[0m[INFO] [1789552510.369913994]: Subscribing to /pose_provider/agv2/fusion_timing[0m
[0m[INFO] [1789552510.371279894]: Subscribing to /pose_provider/agv3/base_motion_fused[0m
[0m[INFO] [1789552510.373135862]: Subscribing to /pose_provider/agv3/base_pose_filtered[0m
[0m[INFO] [1789552510.374870560]: Subscribing to /pose_provider/agv3/base_pose_fused[0m
[0m[INFO] [1789552510.377932942]: Subscribing to /pose_provider/agv3/base_pose_raw[0m
[0m[INFO] [1789552510.379403547]: Subscribing to /pose_provider/agv3/estimator_timing[0m
[0m[INFO] [1789552510.468416578]: Subscribing to /pose_provider/agv3/fusion_timing[0m
[0m[INFO] [1789552510.470865307]: Subscribing to /pose_provider/load/pose_filtered[0m
[0m[INFO] [1789552510.472576428]: Subscribing to /pose_provider/load/pose_raw[0m
[0m[INFO] [1789552510.474084035]: Subscribing to /vision/aruco/calibration_epoch[0m
[0m[INFO] [1789552510.476136588]: Recording to '/home/etlab/AGV_ROS/.worktrees/platform-foundation-linux/experiment_data/formal_serial_unloaded/candidate_B_spatial_gradient15_physical_M1b_20260916_175457/candidate_B_spatial_gradient15_physical_M1b_20260916_175457.bag'.[0m
[INFO] [1789552510.488726]: Experiment recording armed after all required subscriptions connected: run_id=candidate_B_spatial_gradient15_physical_M1b_20260916_175457 bag=/home/etlab/AGV_ROS/.worktrees/platform-foundation-linux/experiment_data/formal_serial_unloaded/candidate_B_spatial_gradient15_physical_M1b_20260916_175457/candidate_B_spatial_gradient15_physical_M1b_20260916_175457.bag
[31mWARNING: disk usage in log directory [/home/etlab/.ros/log] is over 1GB.
It's recommended that you use the 'rosclean' command.[0m
[31m================================================================================REQUIRED process [experiment_recorder-1] has died!
process has finished cleanly
log file: /home/etlab/.ros/log/a63400b8-b1b3-11f1-8c62-f908019ab386/experiment_recorder-1*.log
Initiating shutdown!
================================================================================[0m
... logging to /home/etlab/.ros/log/a63400b8-b1b3-11f1-8c62-f908019ab386/roslaunch-robot1-13609.log
Checking log directory for disk usage. This may take a while.
Press Ctrl-C to interrupt
]2;/home/etlab/AGV_ROS/.worktrees/platform-foundation-linux/src/multi_agv_bringup/launch/experiment.launch
[1mstarted roslaunch server http://192.168.6.101:39907/[0m

SUMMARY
========

PARAMETERS
 * /agv1/capability_report: 90.0
 * /agv1/chassis_command: 90.0
 * /agv1/chassis_feedback: 90.0
 * /agv1/imu: 90.0
 * /agv1/odom: 90.0
 * /agv2/capability_report: 90.0
 * /agv2/chassis_command: 90.0
 * /agv2/chassis_feedback: 90.0
 * /agv2/imu: 90.0
 * /agv2/odom: 90.0
 * /agv3/capability_report: 90.0
 * /agv3/chassis_command: 90.0
 * /agv3/chassis_feedback: 90.0
 * /agv3/imu: 90.0
 * /agv3/odom: 90.0
 * /experiment_recorder/approval_id: 
 * /experiment_recorder/approval_registry: /home/etlab/AGV_R...
 * /experiment_recorder/arming_authorized: True
 * /experiment_recorder/camera_config_files: ['/home/etlab/AGV...
 * /experiment_recorder/camera_mode: True
 * /experiment_recorder/candidate_b_spatial_authorization_source: runtime_operator_...
 * /experiment_recorder/candidate_b_spatial_physical_authorized: True
 * /experiment_recorder/candidate_b_spatial_profile_id: candidate_B_v2_sp...
 * /experiment_recorder/config_files: ['/home/etlab/AGV...
 * /experiment_recorder/connection_wait_seconds: 5.0
 * /experiment_recorder/experiment_id: candidate_B_spati...
 * /experiment_recorder/experiment_recording/camera_calibration_epoch_required: True
 * /experiment_recorder/experiment_recording/camera_required_topics: ['/vision/aruco/c...
 * /experiment_recorder/experiment_recording/camera_virtual_load_required_topics: ['/vision/aruco/c...
 * /experiment_recorder/experiment_recording/fused_required_topics: ['/pose_provider/...
 * /experiment_recorder/experiment_recording/localization_exclusion/maximum_consecutive_invalid_seconds: 0.1
 * /experiment_recorder/experiment_recording/localization_exclusion/maximum_invalid_fraction: 0.01
 * /experiment_recorder/experiment_recording/maximum_camera_calibration_epoch_changes: 0
 * /experiment_recorder/experiment_recording/method_required_topics/M1_R1: ['/multi_agv/expe...
 * /experiment_recorder/experiment_recording/method_required_topics/M1b_R1: ['/multi_agv/expe...
 * /experiment_recorder/experiment_recording/method_required_topics/M2a_R1: ['/multi_agv/expe...
 * /experiment_recorder/experiment_recording/method_required_topics/M2b_M2b: ['/multi_agv/m2b_...
 * /experiment_recorder/experiment_recording/recommended_topics: ['/multi_agv/expe...
 * /experiment_recorder/experiment_recording/registered_method_ids: ['M1_R1', 'M1b_R1...
 * /experiment_recorder/experiment_recording/required_topics: ['/agv1/chassis_c...
 * /experiment_recorder/experiment_recording/sample_period: 0.01
 * /experiment_recorder/experiment_recording/sequence_rules: [{'file': 'chassi...
 * /experiment_recorder/experiment_recording/topics: ['/agv1/chassis_c...
 * /experiment_recorder/formal_statistics_requested: False
 * /experiment_recorder/interface_version: agv_ros_interface...
 * /experiment_recorder/localization_source: camera_imu_wheel_...
 * /experiment_recorder/measured_payload_pose_topic: /pose_provider/lo...
 * /experiment_recorder/method_id: M1b_R1
 * /experiment_recorder/metrics/evaluation_target: 5.17822971502571
 * /experiment_recorder/metrics/nominal_agv2_capability: 0.0
 * /experiment_recorder/metrics/nominal_common_velocity: 0.1
 * /experiment_recorder/operator: ETLAB
 * /experiment_recorder/output_root: /home/etlab/AGV_R...
 * /experiment_recorder/pair_block_id: CBG15_02
 * /experiment_recorder/path_version: circle_r0p7_cw_sm...
 * /experiment_recorder/payload_pose_source: equivalent_load
 * /experiment_recorder/payload_state: unloaded
 * /experiment_recorder/preflight_wait_seconds: 15.0
 * /experiment_recorder/record_candidate_b_spatial_physical: True
 * /experiment_recorder/record_classic_additive_physical: False
 * /experiment_recorder/require_approved_config: False
 * /experiment_recorder/require_windows_sender_manifest: False
 * /experiment_recorder/run_id: candidate_B_spati...
 * /experiment_recorder/virtual_load_from_robots: True
 * /experiment_recorder/wheel_speed_scale_freeze_id: wheel_speed_scale...
 * /experiment_recorder/workspace: /home/etlab/AGV_R...
 * /multi_agv/controller_state: 90.0
 * /multi_agv/cooperative_state: 90.0
 * /multi_agv/formal_algorithm_state: 90.0
 * /multi_agv/m2b_algorithm_state: 90.0
 * /multi_agv/path_reference: 90.0
 * /rosdistro: noetic
 * /rosversion: 1.17.0

NODES
  /
    experiment_recorder (multi_agv_analysis/record_experiment.py)

[1mROS_MASTER_URI=http://192.168.6.101:11311[0m
]2;/home/etlab/AGV_ROS/.worktrees/platform-foundation-linux/src/multi_agv_bringup/launch/experiment.launch http://192.168.6.101:11311
[1mprocess[experiment_recorder-1]: started with pid [13676][0m
[experiment_recorder-1] killing on exit
shutting down processing monitor...
... shutting down processing monitor complete
[1mdone[0m
[0m[INFO] [1789552509.086739264]: Formal command publishers enabled after all three chassis transport parameters were verified as serial[0m
[0m[INFO] [1789552509.269699887]: Formal serial command sequence handoff: agv1 command_seq_applied=50725, next_command_seq=50726[0m
[0m[INFO] [1789552509.273576025]: Formal serial command sequence handoff: agv2 command_seq_applied=50725, next_command_seq=50726[0m
[0m[INFO] [1789552509.275918682]: Formal serial command sequence handoff: agv3 command_seq_applied=50725, next_command_seq=50726[0m
[0m[INFO] [1789552510.785583142]: Formal execution initialized from 30 stationary samples: path offsets=[-0.010648, 0.004039, 0.006059] m[0m
[0m[INFO] [1789552564.505051049]: Formal execution reached 5.178 m; synchronized terminal stop latched without endpoint pose hunting[0m
[31mWARNING: disk usage in log directory [/home/etlab/.ros/log] is over 1GB.
It's recommended that you use the 'rosclean' command.[0m

[1mROS_MASTER_URI=http://192.168.6.101:11311[0m
]2;/home/etlab/AGV_ROS/.worktrees/platform-foundation-linux/src/multi_agv_bringup/launch/formal_serial_m1_r1.launch http://192.168.6.101:11311
[1mprocess[formal_algorithm-1]: started with pid [13583][0m
[formal_algorithm-1] killing on exit
shutting down processing monitor...
... shutting down processing monitor complete
[1mdone[0m
[0m[INFO] [1789552502.331645549]: State estimator accepted camera calibration epoch token=93423323[0m
[0m[INFO] [1789552502.347204885]: Anchored camera-fused three-robot state to path start: initial rigid-fit RMS=0.010721 m[0m
[31mWARNING: disk usage in log directory [/home/etlab/.ros/log] is over 1GB.
It's recommended that you use the 'rosclean' command.[0m

[1mROS_MASTER_URI=http://192.168.6.101:11311[0m
]2;/home/etlab/AGV_ROS/.worktrees/platform-foundation-linux/src/multi_agv_bringup/launch/camera_fused_virtual_load_state_estimator.launch http://192.168.6.101:11311
[1mprocess[path_state_estimator-1]: started with pid [13361][0m
[path_state_estimator-1] killing on exit
shutting down processing monitor...
... shutting down processing monitor complete
[1mdone[0m
[31mWARNING: disk usage in log directory [/home/etlab/.ros/log] is over 1GB.
It's recommended that you use the 'rosclean' command.[0m
... logging to /home/etlab/.ros/log/a63400b8-b1b3-11f1-8c62-f908019ab386/roslaunch-robot1-13509.log
Checking log directory for disk usage. This may take a while.
Press Ctrl-C to interrupt
]2;/home/etlab/AGV_ROS/.worktrees/platform-foundation-linux/src/multi_agv_bringup/launch/formal_evaluation_window.launch
[1mstarted roslaunch server http://192.168.6.101:44609/[0m

SUMMARY
========

PARAMETERS
 * /formal_evaluation_supervisor/confirm_robot2_local_derating: False
 * /formal_evaluation_supervisor/derating_publication_authorized: False
 * /formal_evaluation_supervisor/exp2a_derating_pretest/activation_progress: 5.28
 * /formal_evaluation_supervisor/exp2a_derating_pretest/authorization_basis: explicit_operator...
 * /formal_evaluation_supervisor/exp2a_derating_pretest/authorization_scope: unloaded_30cm_fix...
 * /formal_evaluation_supervisor/exp2a_derating_pretest/block_id: CBG15_02
 * /formal_evaluation_supervisor/exp2a_derating_pretest/configuration_status: operator_authoriz...
 * /formal_evaluation_supervisor/exp2a_derating_pretest/derating_mode: 1
 * /formal_evaluation_supervisor/exp2a_derating_pretest/evaluation_end_progress: 5.17822971502571
 * /formal_evaluation_supervisor/exp2a_derating_pretest/evaluation_start_progress: 0.0
 * /formal_evaluation_supervisor/exp2a_derating_pretest/experiment_id: candidate_B_spati...
 * /formal_evaluation_supervisor/exp2a_derating_pretest/finish_after_restoration: False
 * /formal_evaluation_supervisor/exp2a_derating_pretest/hardware_execution_authorized: True
 * /formal_evaluation_supervisor/exp2a_derating_pretest/method_id: M1b_R1
 * /formal_evaluation_supervisor/exp2a_derating_pretest/progress_source: load_actual
 * /formal_evaluation_supervisor/exp2a_derating_pretest/publish_rate: 10.0
 * /formal_evaluation_supervisor/exp2a_derating_pretest/ramp_down_time: 0.5
 * /formal_evaluation_supervisor/exp2a_derating_pretest/ramp_up_time: 0.5
 * /formal_evaluation_supervisor/exp2a_derating_pretest/restoration_progress: 5.38
 * /formal_evaluation_supervisor/exp2a_derating_pretest/run_id: candidate_B_spati...
 * /formal_evaluation_supervisor/exp2a_derating_pretest/schema_version: 1
 * /formal_evaluation_supervisor/exp2a_derating_pretest/target_acceleration_ratio_left: 0.5
 * /formal_evaluation_supervisor/exp2a_derating_pretest/target_acceleration_ratio_right: 0.5
 * /formal_evaluation_supervisor/exp2a_derating_pretest/target_deceleration_ratio_left: 0.6
 * /formal_evaluation_supervisor/exp2a_derating_pretest/target_deceleration_ratio_right: 0.6
 * /formal_evaluation_supervisor/exp2a_derating_pretest/target_speed_ratio_left: 0.4
 * /formal_evaluation_supervisor/exp2a_derating_pretest/target_speed_ratio_right: 0.4
 * /formal_evaluation_supervisor/platform_transport_type: serial
 * /rosdistro: noetic
 * /rosversion: 1.17.0

NODES
  /
    formal_evaluation_supervisor (multi_agv_control/experiment_supervisor_node)

[1mROS_MASTER_URI=http://192.168.6.101:11311[0m
]2;/home/etlab/AGV_ROS/.worktrees/platform-foundation-linux/src/multi_agv_bringup/launch/formal_evaluation_window.launch http://192.168.6.101:11311
[1mprocess[formal_evaluation_supervisor-1]: started with pid [13574][0m
[formal_evaluation_supervisor-1] killing on exit
shutting down processing monitor...
... shutting down processing monitor complete
[1mdone[0m
PHYSICAL_TASK_STATUS=PASSED run_dir=/home/etlab/AGV_ROS/.worktrees/platform-foundation-linux/experiment_data/formal_serial_unloaded/candidate_B_spatial_gradient15_physical_M1b_20260916_175457
The PDF backend does not currently support the selected font.
The PDF backend does not currently support the selected font.
The PDF backend does not currently support the selected font.
The PDF backend does not currently support the selected font.
The PDF backend does not currently support the selected font.
The PDF backend does not currently support the selected font.
/home/etlab/AGV_ROS/.worktrees/platform-foundation-linux/src/multi_agv_analysis/src/multi_agv_analysis/paper_pipeline.py:420: UserWarning: figure7.progress_error: 391 samples outside fixed plot range; raw data and metrics are unchanged
  warnings.warn("{}: {} samples outside fixed plot range; raw data and "
The PDF backend does not currently support the selected font.
The PDF backend does not currently support the selected font.
The PDF backend does not currently support the selected font.
The PDF backend does not currently support the selected font.
The PDF backend does not currently support the selected font.
The PDF backend does not currently support the selected font.
The PDF backend does not currently support the selected font.
/home/etlab/AGV_ROS/.worktrees/platform-foundation-linux/src/multi_agv_analysis/src/multi_agv_analysis/paper_pipeline.py:420: UserWarning: figure7.progress_error: 391 samples outside fixed plot range; raw data and metrics are unchanged
  warnings.warn("{}: {} samples outside fixed plot range; raw data and "
The PDF backend does not currently support the selected font.
PAPER RUN PIPELINE: PASSED
run_dir=/home/etlab/AGV_ROS/.worktrees/platform-foundation-linux/experiment_data/formal_serial_unloaded/candidate_B_spatial_gradient15_physical_M1b_20260916_175457
POSTPROCESS_STATUS=PASSED
SUMMARY: /home/etlab/AGV_ROS/.worktrees/platform-foundation-linux/experiment_data/formal_serial_unloaded/candidate_B_spatial_gradient15_physical_M1b_20260916_175457/summary_metrics.json
VALIDATION: /home/etlab/AGV_ROS/.worktrees/platform-foundation-linux/experiment_data/formal_serial_unloaded/candidate_B_spatial_gradient15_physical_M1b_20260916_175457/validation.json
RAW FIGURES: /home/etlab/AGV_ROS/.worktrees/platform-foundation-linux/experiment_data/formal_serial_unloaded/candidate_B_spatial_gradient15_physical_M1b_20260916_175457/plots_raw
SMOOTHED FIGURES: /home/etlab/AGV_ROS/.worktrees/platform-foundation-linux/experiment_data/formal_serial_unloaded/candidate_B_spatial_gradient15_physical_M1b_20260916_175457/plots_smoothed_0p8s
M1b_R1 SERIAL RUN AND AUTOMATIC FIGURES COMPLETE: /home/etlab/AGV_ROS/.worktrees/platform-foundation-linux/experiment_data/formal_serial_unloaded/candidate_B_spatial_gradient15_physical_M1b_20260916_175457
