[INFO] [1789391696.162292893]: Subscribing to /agv1/capability_report
[INFO] [1789391696.163325106]: Subscribing to /agv1/chassis_command
[INFO] [1789391696.164472217]: Subscribing to /agv1/chassis_feedback
[INFO] [1789391696.165361259]: Subscribing to /agv1/derating_command
[INFO] [1789391696.166102175]: Subscribing to /agv1/imu
[INFO] [1789391696.166824817]: Subscribing to /agv1/odom
[INFO] [1789391696.167610597]: Subscribing to /agv2/capability_report
[INFO] [1789391696.168321082]: Subscribing to /agv2/chassis_command
[INFO] [1789391696.169259106]: Subscribing to /agv2/chassis_feedback
[INFO] [1789391696.170838203]: Subscribing to /agv2/derating_command
[INFO] [1789391696.173194732]: Subscribing to /agv2/imu
[INFO] [1789391696.175207267]: Subscribing to /agv2/odom
[INFO] [1789391696.176741115]: Subscribing to /agv3/capability_report
[INFO] [1789391696.178065479]: Subscribing to /agv3/chassis_command
[INFO] [1789391696.179276786]: Subscribing to /agv3/chassis_feedback
[INFO] [1789391696.181063855]: Subscribing to /agv3/derating_command
[INFO] [1789391696.183035417]: Subscribing to /agv3/imu
[INFO] [1789391696.184662916]: Subscribing to /agv3/odom
[INFO] [1789391696.186389978]: Subscribing to /camera/world/agv1_confidence
[INFO] [1789391696.189508372]: Subscribing to /camera/world/agv1_tag_pose
[INFO] [1789391696.193013483]: Subscribing to /camera/world/agv2_confidence
[INFO] [1789391696.196336803]: Subscribing to /camera/world/agv2_tag_pose
[INFO] [1789391696.198046790]: Subscribing to /camera/world/agv3_confidence
[INFO] [1789391696.199505456]: Subscribing to /camera/world/agv3_tag_pose
[INFO] [1789391696.200555994]: Subscribing to /camera/world/load_confidence
[INFO] [1789391696.201852435]: Subscribing to /camera/world/load_tag_pose
[INFO] [1789391696.203797742]: Subscribing to /experiment_recorder/armed
[INFO] [1789391696.206421286]: Subscribing to /experiment_recorder/method_id
[INFO] [1789391696.208944806]: Subscribing to /multi_agv/controller_state
[INFO] [1789391696.211334104]: Subscribing to /multi_agv/cooperative_state
[INFO] [1789391696.213845049]: Subscribing to /multi_agv/experiment_state
[INFO] [1789391696.215622286]: Subscribing to /multi_agv/formal_algorithm_state
[INFO] [1789391696.217579790]: Subscribing to /multi_agv/formal_execution_limiter_state
[INFO] [1789391696.219594890]: Subscribing to /multi_agv/m2b_algorithm_state
[INFO] [1789391696.223069454]: Subscribing to /multi_agv/path_reference
[INFO] [1789391696.225153634]: Subscribing to /multi_agv/risk_disturbance_state
[INFO] [1789391696.228046960]: Subscribing to /multi_agv/software_watchdog_diagnostics
[INFO] [1789391696.230026703]: Subscribing to /multi_agv/software_watchdog_ok
[INFO] [1789391696.233192577]: Subscribing to /multi_agv/state_projection_timing
[INFO] [1789391696.236128431]: Subscribing to /multi_agv/v5_exploration_quality_state
[INFO] [1789391696.238483030]: Subscribing to /multi_agv/yaw_drive_disturbance_state
[INFO] [1789391696.240637214]: Subscribing to /multi_agv/yaw_effectiveness_hold_state
[INFO] [1789391696.242338741]: Subscribing to /pose_provider/agv1/base_motion_fused
[INFO] [1789391696.243829494]: Subscribing to /pose_provider/agv1/base_pose_filtered
[INFO] [1789391696.244830076]: Subscribing to /pose_provider/agv1/base_pose_fused
[INFO] [1789391696.245634436]: Subscribing to /pose_provider/agv1/base_pose_raw
[INFO] [1789391696.246987996]: Subscribing to /pose_provider/agv1/estimator_timing
[INFO] [1789391696.248264130]: Subscribing to /pose_provider/agv1/fusion_timing
[INFO] [1789391696.250351632]: Subscribing to /pose_provider/agv2/base_motion_fused
[INFO] [1789391696.251762291]: Subscribing to /pose_provider/agv2/base_pose_filtered
[INFO] [1789391696.253291722]: Subscribing to /pose_provider/agv2/base_pose_fused
[INFO] [1789391696.254525477]: Subscribing to /pose_provider/agv2/base_pose_raw
[INFO] [1789391696.255814076]: Subscribing to /pose_provider/agv2/estimator_timing
[INFO] [1789391696.256546968]: Subscribing to /pose_provider/agv2/fusion_timing
[INFO] [1789391696.257332520]: Subscribing to /pose_provider/agv3/base_motion_fused
[INFO] [1789391696.258139850]: Subscribing to /pose_provider/agv3/base_pose_filtered
[INFO] [1789391696.259120315]: Subscribing to /pose_provider/agv3/base_pose_fused
[INFO] [1789391696.260229661]: Subscribing to /pose_provider/agv3/base_pose_raw
[INFO] [1789391696.261484771]: Subscribing to /pose_provider/agv3/estimator_timing
[INFO] [1789391696.262609491]: Subscribing to /pose_provider/agv3/fusion_timing
[INFO] [1789391696.264038823]: Subscribing to /pose_provider/load/pose_filtered
[INFO] [1789391696.265774573]: Subscribing to /pose_provider/load/pose_raw
[INFO] [1789391696.267376691]: Subscribing to /vision/aruco/calibration_epoch
[INFO] [1789391696.268752341]: Recording to '/home/etlab/AGV_ROS/.worktrees/platform-foundation-linux/experiment_data/exp2c_v5b_yaw_effectiveness_hold_exploration/EFFECT_EXPLORATION_ONLY_NOT_FORMAL_PAPER_EVIDENCE_20260914_S1R12_complete/S1R12_gamma0p20_down0p6_hold2p5_up0p6_R12/M1b_R1/M1b_R1.bag'.
[INFO] [1789391696.267890]: Experiment recording armed after all required subscriptions connected: run_id=M1b_R1 bag=/home/etlab/AGV_ROS/.worktrees/platform-foundation-linux/experiment_data/exp2c_v5b_yaw_effectiveness_hold_exploration/EFFECT_EXPLORATION_ONLY_NOT_FORMAL_PAPER_EVIDENCE_20260914_S1R12_complete/S1R12_gamma0p20_down0p6_hold2p5_up0p6_R12/M1b_R1/M1b_R1.bag
[31m================================================================================REQUIRED process [experiment_recorder-1] has died!
process has finished cleanly
log file: /home/etlab/.ros/log/462d66bc-b03e-11f1-a6c1-018a5f4a331b/experiment_recorder-1*.log
Initiating shutdown!
================================================================================[0m
... logging to /home/etlab/.ros/log/462d66bc-b03e-11f1-a6c1-018a5f4a331b/roslaunch-robot1-62584.log
Checking log directory for disk usage. This may take a while.
Press Ctrl-C to interrupt
Done checking log file disk usage. Usage is <1GB.
]2;/home/etlab/AGV_ROS/.worktrees/platform-foundation-linux/src/multi_agv_bringup/launch/experiment.launch
[1mstarted roslaunch server http://127.0.0.1:45877/[0m

SUMMARY
========

PARAMETERS
 * /agv1/capability_report: 90.0
 * /agv1/chassis_command: 90.0
 * /agv1/chassis_feedback: 90.0
 * /agv1/imu: 90.0
 * /agv1/odom: 90.0
 * /agv2/capability_report: 90.0
 * /agv2/chassis_command: 90.0
 * /agv2/chassis_feedback: 90.0
 * /agv2/imu: 90.0
 * /agv2/odom: 90.0
 * /agv3/capability_report: 90.0
 * /agv3/chassis_command: 90.0
 * /agv3/chassis_feedback: 90.0
 * /agv3/imu: 90.0
 * /agv3/odom: 90.0
 * /experiment_recorder/approval_id: 
 * /experiment_recorder/approval_registry: /home/etlab/AGV_R...
 * /experiment_recorder/arming_authorized: True
 * /experiment_recorder/camera_config_files: ['/home/etlab/AGV...
 * /experiment_recorder/camera_mode: False
 * /experiment_recorder/config_files: ['/home/etlab/AGV...
 * /experiment_recorder/connection_wait_seconds: 5.0
 * /experiment_recorder/experiment_id: exp2c_v5b_yaw_eff...
 * /experiment_recorder/experiment_recording/camera_calibration_epoch_required: True
 * /experiment_recorder/experiment_recording/camera_required_topics: ['/vision/aruco/c...
 * /experiment_recorder/experiment_recording/camera_virtual_load_required_topics: ['/vision/aruco/c...
 * /experiment_recorder/experiment_recording/fused_required_topics: ['/pose_provider/...
 * /experiment_recorder/experiment_recording/localization_exclusion/maximum_consecutive_invalid_seconds: 0.1
 * /experiment_recorder/experiment_recording/localization_exclusion/maximum_invalid_fraction: 0.01
 * /experiment_recorder/experiment_recording/maximum_camera_calibration_epoch_changes: 0
 * /experiment_recorder/experiment_recording/method_required_topics/M1_R1: ['/multi_agv/expe...
 * /experiment_recorder/experiment_recording/method_required_topics/M1b_R1: ['/multi_agv/expe...
 * /experiment_recorder/experiment_recording/method_required_topics/M2a_R1: ['/multi_agv/expe...
 * /experiment_recorder/experiment_recording/method_required_topics/M2b_M2b: ['/multi_agv/m2b_...
 * /experiment_recorder/experiment_recording/recommended_topics: ['/multi_agv/expe...
 * /experiment_recorder/experiment_recording/registered_method_ids: ['M1_R1', 'M1b_R1...
 * /experiment_recorder/experiment_recording/required_topics: ['/agv1/chassis_c...
 * /experiment_recorder/experiment_recording/sample_period: 0.01
 * /experiment_recorder/experiment_recording/sequence_rules: [{'file': 'chassi...
 * /experiment_recorder/experiment_recording/topics: ['/agv1/chassis_c...
 * /experiment_recorder/formal_statistics_requested: False
 * /experiment_recorder/interface_version: agv_ros_interface...
 * /experiment_recorder/localization_source: odom_fake
 * /experiment_recorder/measured_payload_pose_topic: /pose_provider/lo...
 * /experiment_recorder/method_id: M1b_R1
 * /experiment_recorder/metrics/evaluation_target: 5.17822971502571
 * /experiment_recorder/metrics/nominal_agv2_capability: 0.0
 * /experiment_recorder/metrics/nominal_common_velocity: 0.1
 * /experiment_recorder/operator: 
 * /experiment_recorder/output_root: /home/etlab/AGV_R...
 * /experiment_recorder/pair_block_id: S1R12_gamma0p20_d...
 * /experiment_recorder/path_version: s_curve_v1
 * /experiment_recorder/payload_pose_source: equivalent_load
 * /experiment_recorder/payload_state: unloaded
 * /experiment_recorder/preflight_wait_seconds: 15.0
 * /experiment_recorder/require_approved_config: False
 * /experiment_recorder/require_windows_sender_manifest: False
 * /experiment_recorder/run_id: M1b_R1
 * /experiment_recorder/virtual_load_from_robots: False
 * /experiment_recorder/wheel_speed_scale_freeze_id: 
 * /experiment_recorder/workspace: /home/etlab/AGV_R...
 * /multi_agv/controller_state: 90.0
 * /multi_agv/cooperative_state: 90.0
 * /multi_agv/formal_algorithm_state: 90.0
 * /multi_agv/m2b_algorithm_state: 90.0
 * /multi_agv/path_reference: 90.0
 * /rosdistro: noetic
 * /rosversion: 1.17.0

NODES
  /
    experiment_recorder (multi_agv_analysis/record_experiment.py)

[1mROS_MASTER_URI=http://127.0.0.1:11647[0m
]2;/home/etlab/AGV_ROS/.worktrees/platform-foundation-linux/src/multi_agv_bringup/launch/experiment.launch http://127.0.0.1:11647
[1mprocess[experiment_recorder-1]: started with pid [62641][0m
[experiment_recorder-1] killing on exit
shutting down processing monitor...
... shutting down processing monitor complete
[1mdone[0m
